#Build: Fabric Compiler 2022.2-SP6.4, Build 146967, Jan 31 01:39 2024
#Install: E:\pango\PDS_2022.2-SP6.4\bin
#Application name: pds_shell.exe
#OS: Windows 10 10.0.26100
#Hostname: 钢板
Generated by Fabric Compiler (version 2022.2-SP6.4 build 146967) at Fri Nov 21 22:24:51 2025
Compiling verification operator library.
Compiling common defs.
Loading technology operator library.
Compiling technology operator library.
Compiling technology operator (valence) library.
Compiling operator packing rules.
Compiling prim grid devices.
Compiling gate devices.
Compiling gate operators.
Compiling tech operator impls.
Building architecture model.
Loading device packaging model.
W: ConstraintEditor-4019: Port Bus 'rxn' unspecified I/O constraint.
W: ConstraintEditor-4019: Port Bus 'rxp' unspecified I/O constraint.
W: ConstraintEditor-4019: Port Bus 'txn' unspecified I/O constraint.
W: ConstraintEditor-4019: Port Bus 'txp' unspecified I/O constraint.
W: ConstraintEditor-4019: Port 'heart_beat_led' unspecified I/O constraint.
License checkout: fabric_inserter from E:\pango\license\new_pds_F4A80DA47D72.lic
Generating cores. Please be patient as this can take several minutes...
  >Generating core DebugCore0...
  >Running ADS for debugcore...
  >Making net connections...
Core Insertion Complete.
C: SDC-2025: Clock source 'n:u_ov5640_top/cmos2_reg_config/clock_20k' need a clock constraint, please use 'create_clock' or 'create_generate_clock' to generate.
Flattening design 'image_pcie_capture'
W: Public-4008: Instance 'I_ips_ddr_top/u_ddrphy_top/ddrphy_reset_ctrl/ddrphy_ioclk_gate[2]' of 'GTP_DFF_P' unit is dangling and will be cleaned.
W: Public-4008: Instance 'u_CORES/u_debug_core_0/u_hub_data_decode/conf_rden[1]' of 'GTP_DFF_C' unit is dangling and will be cleaned.
W: Public-4008: Instance 'u_CORES/u_debug_core_0/u_hub_data_decode/conf_rden[2]' of 'GTP_DFF_C' unit is dangling and will be cleaned.
W: Public-4008: Instance 'u_CORES/u_debug_core_0/u_hub_data_decode/conf_rden[3]' of 'GTP_DFF_C' unit is dangling and will be cleaned.
W: Public-4008: Instance 'u_CORES/u_debug_core_0/u_hub_data_decode/conf_rden[4]' of 'GTP_DFF_C' unit is dangling and will be cleaned.
W: Public-4008: Instance 'u_CORES/u_debug_core_0/u_hub_data_decode/conf_rden[5]' of 'GTP_DFF_C' unit is dangling and will be cleaned.
W: Public-4008: Instance 'u_CORES/u_debug_core_0/u_hub_data_decode/conf_rden[6]' of 'GTP_DFF_C' unit is dangling and will be cleaned.
W: Public-4008: Instance 'u_CORES/u_debug_core_0/u_hub_data_decode/conf_rden[7]' of 'GTP_DFF_C' unit is dangling and will be cleaned.
W: Public-4008: Instance 'u_CORES/u_debug_core_0/u_hub_data_decode/conf_rden[8]' of 'GTP_DFF_C' unit is dangling and will be cleaned.
W: Public-4008: Instance 'u_CORES/u_debug_core_0/u_hub_data_decode/conf_rden[9]' of 'GTP_DFF_C' unit is dangling and will be cleaned.
W: Public-4008: Instance 'u_CORES/u_debug_core_0/u_hub_data_decode/conf_rden[10]' of 'GTP_DFF_C' unit is dangling and will be cleaned.
W: Public-4008: Instance 'u_CORES/u_debug_core_0/u_hub_data_decode/conf_rden[11]' of 'GTP_DFF_C' unit is dangling and will be cleaned.
W: Public-4008: Instance 'u_CORES/u_debug_core_0/u_hub_data_decode/conf_rden[12]' of 'GTP_DFF_C' unit is dangling and will be cleaned.
W: Public-4008: Instance 'u_CORES/u_debug_core_0/u_hub_data_decode/conf_rden[13]' of 'GTP_DFF_C' unit is dangling and will be cleaned.
W: Public-4008: Instance 'u_CORES/u_debug_core_0/u_hub_data_decode/conf_rden[14]' of 'GTP_DFF_C' unit is dangling and will be cleaned.
W: Public-4008: Instance 'u_CORES/u_debug_core_0/u_hub_data_decode/conf_rden[15]' of 'GTP_DFF_C' unit is dangling and will be cleaned.
W: Public-4008: Instance 'u_CORES/u_debug_core_0/u_hub_data_decode/conf_rden[17]' of 'GTP_DFF_C' unit is dangling and will be cleaned.
W: Public-4008: Instance 'u_CORES/u_debug_core_0/u_hub_data_decode/conf_rden[19]' of 'GTP_DFF_C' unit is dangling and will be cleaned.
W: Public-4008: Instance 'u_CORES/u_debug_core_0/u_hub_data_decode/conf_sel_int[1]' of 'GTP_DFF_C' unit is dangling and will be cleaned.
W: Public-4008: Instance 'u_CORES/u_debug_core_0/u_hub_data_decode/conf_sel_int[2]' of 'GTP_DFF_C' unit is dangling and will be cleaned.
W: Public-4008: Instance 'u_CORES/u_debug_core_0/u_hub_data_decode/conf_sel_int[3]' of 'GTP_DFF_C' unit is dangling and will be cleaned.
W: Public-4008: Instance 'u_CORES/u_debug_core_0/u_hub_data_decode/conf_sel_int[4]' of 'GTP_DFF_C' unit is dangling and will be cleaned.
W: Public-4008: Instance 'u_CORES/u_debug_core_0/u_hub_data_decode/conf_sel_int[5]' of 'GTP_DFF_C' unit is dangling and will be cleaned.
W: Public-4008: Instance 'u_CORES/u_debug_core_0/u_hub_data_decode/conf_sel_int[6]' of 'GTP_DFF_C' unit is dangling and will be cleaned.
W: Public-4008: Instance 'u_CORES/u_debug_core_0/u_hub_data_decode/conf_sel_int[7]' of 'GTP_DFF_C' unit is dangling and will be cleaned.
W: Public-4008: Instance 'u_CORES/u_debug_core_0/u_hub_data_decode/conf_sel_int[8]' of 'GTP_DFF_C' unit is dangling and will be cleaned.
W: Public-4008: Instance 'u_CORES/u_debug_core_0/u_hub_data_decode/conf_sel_int[9]' of 'GTP_DFF_C' unit is dangling and will be cleaned.
W: Public-4008: Instance 'u_CORES/u_debug_core_0/u_hub_data_decode/conf_sel_int[10]' of 'GTP_DFF_C' unit is dangling and will be cleaned.
W: Public-4008: Instance 'u_CORES/u_debug_core_0/u_hub_data_decode/conf_sel_int[11]' of 'GTP_DFF_C' unit is dangling and will be cleaned.
W: Public-4008: Instance 'u_CORES/u_debug_core_0/u_hub_data_decode/conf_sel_int[12]' of 'GTP_DFF_C' unit is dangling and will be cleaned.
W: Public-4008: Instance 'u_CORES/u_debug_core_0/u_hub_data_decode/conf_sel_int[13]' of 'GTP_DFF_C' unit is dangling and will be cleaned.
W: Public-4008: Instance 'u_CORES/u_debug_core_0/u_hub_data_decode/conf_sel_int[14]' of 'GTP_DFF_C' unit is dangling and will be cleaned.
W: Public-4008: Instance 'u_CORES/u_debug_core_0/u_hub_data_decode/conf_sel_int[15]' of 'GTP_DFF_C' unit is dangling and will be cleaned.
W: Public-4008: Instance 'u_CORES/u_debug_core_0/u_hub_data_decode/conf_sel_int[17]' of 'GTP_DFF_C' unit is dangling and will be cleaned.
W: Public-4008: Instance 'u_CORES/u_debug_core_0/u_hub_data_decode/conf_sel_int[19]' of 'GTP_DFF_C' unit is dangling and will be cleaned.
W: Public-4008: Instance 'I_ips_ddr_top/u_ddrphy_top/ddrphy_calib_top/ddrphy_wrcal/wrcal_move_en[2]' of 'GTP_DFF_C' unit is dangling and will be cleaned.
W: Public-4008: Instance 'I_ips_ddr_top/u_ddrphy_top/ddrphy_calib_top/ddrphy_wrcal/wrcal_move_en[3]' of 'GTP_DFF_C' unit is dangling and will be cleaned.
W: Public-4008: Instance 'I_ips_ddr_top/u_ddrphy_top/ddrphy_calib_top/ddrphy_wrcal/wrcal_move_en[4]' of 'GTP_DFF_C' unit is dangling and will be cleaned.
W: Public-4008: Instance 'I_ips_ddr_top/u_ddrphy_top/ddrphy_calib_top/ddrphy_wrcal/wrcal_move_en[5]' of 'GTP_DFF_C' unit is dangling and will be cleaned.
W: Public-4008: Instance 'I_ips_ddr_top/u_ddrphy_top/ddrphy_calib_top/ddrphy_wrcal/wrcal_move_en[6]' of 'GTP_DFF_C' unit is dangling and will be cleaned.
W: Public-4008: Instance 'I_ips_ddr_top/u_ddrphy_top/ddrphy_calib_top/ddrphy_wrcal/wrcal_move_en[7]' of 'GTP_DFF_C' unit is dangling and will be cleaned.
W: Public-4008: Instance 'I_ips_ddr_top/u_ddrphy_top/ddrphy_calib_top/ddrphy_wrcal/wrcal_move_en[8]' of 'GTP_DFF_C' unit is dangling and will be cleaned.
W: Public-4008: Instance 'I_ips_ddr_top/u_ddrphy_top/ddrphy_calib_top/ddrphy_wrcal/write_calibration[2]' of 'GTP_DFF_C' unit is dangling and will be cleaned.
W: Public-4008: Instance 'I_ips_ddr_top/u_ddrphy_top/ddrphy_calib_top/ddrphy_wrcal/write_calibration[3]' of 'GTP_DFF_C' unit is dangling and will be cleaned.
W: Public-4008: Instance 'I_ips_ddr_top/u_ddrphy_top/ddrphy_calib_top/ddrphy_wrcal/write_calibration[4]' of 'GTP_DFF_C' unit is dangling and will be cleaned.
W: Public-4008: Instance 'I_ips_ddr_top/u_ddrphy_top/ddrphy_calib_top/ddrphy_wrcal/write_calibration[5]' of 'GTP_DFF_C' unit is dangling and will be cleaned.
W: Public-4008: Instance 'I_ips_ddr_top/u_ddrphy_top/ddrphy_calib_top/ddrphy_wrcal/write_calibration[6]' of 'GTP_DFF_C' unit is dangling and will be cleaned.
W: Public-4008: Instance 'I_ips_ddr_top/u_ddrphy_top/ddrphy_calib_top/ddrphy_wrcal/write_calibration[7]' of 'GTP_DFF_C' unit is dangling and will be cleaned.
W: Public-4008: Instance 'I_ips_ddr_top/u_ddrphy_top/ddrphy_calib_top/ddrphy_wrcal/write_calibration[8]' of 'GTP_DFF_C' unit is dangling and will be cleaned.
W: Public-4008: Instance 'u_axi4_ctrl/u_fifo_ch0/U_ipm2l_fifo_W_FIFO_16i_128o/U_ipm2l_fifo_ctrl/ASYN_CTRL.rwptr1[0]' of 'GTP_DFF_C' unit is dangling and will be cleaned.
W: Public-4008: Instance 'u_axi4_ctrl/u_fifo_ch0/U_ipm2l_fifo_W_FIFO_16i_128o/U_ipm2l_fifo_ctrl/ASYN_CTRL.rwptr1[1]' of 'GTP_DFF_C' unit is dangling and will be cleaned.
W: Public-4008: Instance 'u_axi4_ctrl/u_fifo_ch0/U_ipm2l_fifo_W_FIFO_16i_128o/U_ipm2l_fifo_ctrl/ASYN_CTRL.rwptr1[2]' of 'GTP_DFF_C' unit is dangling and will be cleaned.
W: Public-4008: Instance 'u_axi4_ctrl/u_fifo_ch0/U_ipm2l_fifo_W_FIFO_16i_128o/U_ipm2l_fifo_ctrl/ASYN_CTRL.wptr[0]' of 'GTP_DFF_C' unit is dangling and will be cleaned.
W: Public-4008: Instance 'u_axi4_ctrl/u_fifo_ch0/U_ipm2l_fifo_W_FIFO_16i_128o/U_ipm2l_fifo_ctrl/ASYN_CTRL.wptr[1]' of 'GTP_DFF_C' unit is dangling and will be cleaned.
W: Public-4008: Instance 'u_axi4_ctrl/u_fifo_ch0/U_ipm2l_fifo_W_FIFO_16i_128o/U_ipm2l_fifo_ctrl/ASYN_CTRL.wptr[2]' of 'GTP_DFF_C' unit is dangling and will be cleaned.
W: Public-4008: Instance 'u_axi4_ctrl/u_fifo_ch1/U_ipm2l_fifo_W_FIFO_16i_128o/U_ipm2l_fifo_ctrl/ASYN_CTRL.rwptr1[0]' of 'GTP_DFF_C' unit is dangling and will be cleaned.
W: Public-4008: Instance 'u_axi4_ctrl/u_fifo_ch1/U_ipm2l_fifo_W_FIFO_16i_128o/U_ipm2l_fifo_ctrl/ASYN_CTRL.rwptr1[1]' of 'GTP_DFF_C' unit is dangling and will be cleaned.
W: Public-4008: Instance 'u_axi4_ctrl/u_fifo_ch1/U_ipm2l_fifo_W_FIFO_16i_128o/U_ipm2l_fifo_ctrl/ASYN_CTRL.rwptr1[2]' of 'GTP_DFF_C' unit is dangling and will be cleaned.
W: Public-4008: Instance 'u_axi4_ctrl/u_fifo_ch1/U_ipm2l_fifo_W_FIFO_16i_128o/U_ipm2l_fifo_ctrl/ASYN_CTRL.wptr[0]' of 'GTP_DFF_C' unit is dangling and will be cleaned.
W: Public-4008: Instance 'u_axi4_ctrl/u_fifo_ch1/U_ipm2l_fifo_W_FIFO_16i_128o/U_ipm2l_fifo_ctrl/ASYN_CTRL.wptr[1]' of 'GTP_DFF_C' unit is dangling and will be cleaned.
W: Public-4008: Instance 'u_axi4_ctrl/u_fifo_ch1/U_ipm2l_fifo_W_FIFO_16i_128o/U_ipm2l_fifo_ctrl/ASYN_CTRL.wptr[2]' of 'GTP_DFF_C' unit is dangling and will be cleaned.
W: Public-4008: Instance 'u_axi4_ctrl/u_fifo_ch2/U_ipm2l_fifo_W_FIFO_16i_128o/U_ipm2l_fifo_ctrl/ASYN_CTRL.rwptr1[0]' of 'GTP_DFF_C' unit is dangling and will be cleaned.
W: Public-4008: Instance 'u_axi4_ctrl/u_fifo_ch2/U_ipm2l_fifo_W_FIFO_16i_128o/U_ipm2l_fifo_ctrl/ASYN_CTRL.rwptr1[1]' of 'GTP_DFF_C' unit is dangling and will be cleaned.
W: Public-4008: Instance 'u_axi4_ctrl/u_fifo_ch2/U_ipm2l_fifo_W_FIFO_16i_128o/U_ipm2l_fifo_ctrl/ASYN_CTRL.rwptr1[2]' of 'GTP_DFF_C' unit is dangling and will be cleaned.
W: Public-4008: Instance 'u_axi4_ctrl/u_fifo_ch2/U_ipm2l_fifo_W_FIFO_16i_128o/U_ipm2l_fifo_ctrl/ASYN_CTRL.wptr[0]' of 'GTP_DFF_C' unit is dangling and will be cleaned.
W: Public-4008: Instance 'u_axi4_ctrl/u_fifo_ch2/U_ipm2l_fifo_W_FIFO_16i_128o/U_ipm2l_fifo_ctrl/ASYN_CTRL.wptr[1]' of 'GTP_DFF_C' unit is dangling and will be cleaned.
W: Public-4008: Instance 'u_axi4_ctrl/u_fifo_ch2/U_ipm2l_fifo_W_FIFO_16i_128o/U_ipm2l_fifo_ctrl/ASYN_CTRL.wptr[2]' of 'GTP_DFF_C' unit is dangling and will be cleaned.
W: Public-4008: Instance 'u_axi4_ctrl/u_fifo_ch3/U_ipm2l_fifo_W_FIFO_16i_128o/U_ipm2l_fifo_ctrl/ASYN_CTRL.rwptr1[0]' of 'GTP_DFF_C' unit is dangling and will be cleaned.
W: Public-4008: Instance 'u_axi4_ctrl/u_fifo_ch3/U_ipm2l_fifo_W_FIFO_16i_128o/U_ipm2l_fifo_ctrl/ASYN_CTRL.rwptr1[1]' of 'GTP_DFF_C' unit is dangling and will be cleaned.
W: Public-4008: Instance 'u_axi4_ctrl/u_fifo_ch3/U_ipm2l_fifo_W_FIFO_16i_128o/U_ipm2l_fifo_ctrl/ASYN_CTRL.rwptr1[2]' of 'GTP_DFF_C' unit is dangling and will be cleaned.
W: Public-4008: Instance 'u_axi4_ctrl/u_fifo_ch3/U_ipm2l_fifo_W_FIFO_16i_128o/U_ipm2l_fifo_ctrl/ASYN_CTRL.wptr[0]' of 'GTP_DFF_C' unit is dangling and will be cleaned.
W: Public-4008: Instance 'u_axi4_ctrl/u_fifo_ch3/U_ipm2l_fifo_W_FIFO_16i_128o/U_ipm2l_fifo_ctrl/ASYN_CTRL.wptr[1]' of 'GTP_DFF_C' unit is dangling and will be cleaned.
W: Public-4008: Instance 'u_axi4_ctrl/u_fifo_ch3/U_ipm2l_fifo_W_FIFO_16i_128o/U_ipm2l_fifo_ctrl/ASYN_CTRL.wptr[2]' of 'GTP_DFF_C' unit is dangling and will be cleaned.
Device mapping started.
Optimizing circuit logic.
I: Const net (pin CEY1 of inst u_cnn_top/conv2d/N225) has been disconnected.
I: Const net (pin CEM of inst u_cnn_top/conv2d/N225) has been disconnected.
I: Const net (pin RSTM of inst u_cnn_top/conv2d/N225) has been disconnected.
I: Const net (pin CEP of inst u_cnn_top/conv2d/N225) has been disconnected.
I: Const net (pin RSTP of inst u_cnn_top/conv2d/N225) has been disconnected.
I: Const net (pin CEY1 of inst u_cnn_top/conv2d/N234) has been disconnected.
I: Const net (pin CEM of inst u_cnn_top/conv2d/N234) has been disconnected.
I: Const net (pin RSTM of inst u_cnn_top/conv2d/N234) has been disconnected.
I: Const net (pin CEX1 of inst u_cnn_top/u_rgb_end/N14) has been disconnected.
I: Const net (pin RSTX of inst u_cnn_top/u_rgb_end/N14) has been disconnected.
I: Const net (pin CEP of inst u_cnn_top/u_rgb_end/N14) has been disconnected.
I: Const net (pin RSTP of inst u_cnn_top/u_rgb_end/N14) has been disconnected.
I: Const net (pin CEX1 of inst u_cnn_top/u_rgb_end/N17) has been disconnected.
I: Const net (pin RSTX of inst u_cnn_top/u_rgb_end/N17) has been disconnected.
I: Const net (pin CEP of inst u_cnn_top/u_rgb_end/N17) has been disconnected.
I: Const net (pin RSTP of inst u_cnn_top/u_rgb_end/N17) has been disconnected.
I: Const net (pin CEX1 of inst u_cnn_top/u_rgb_end/N20) has been disconnected.
I: Const net (pin RSTX of inst u_cnn_top/u_rgb_end/N20) has been disconnected.
I: Const net (pin CEP of inst u_cnn_top/u_rgb_end/N20) has been disconnected.
I: Const net (pin RSTP of inst u_cnn_top/u_rgb_end/N20) has been disconnected.
I: Const net (pin CEP of inst u_cnn_top/u_rgb_end/N33_m2) has been disconnected.
I: Const net (pin CEP of inst u_cnn_top/u_rgb_end/N36_m2) has been disconnected.
I: Const net (pin CEP of inst u_cnn_top/u_rgb_end/N39_m2) has been disconnected.
I: Const net (pin CEX1 of inst u_cnn_top/conv_top/conv1/conv1_1/N13) has been disconnected.
I: Const net (pin CEM of inst u_cnn_top/conv_top/conv1/conv1_1/N13) has been disconnected.
I: Const net (pin RSTM of inst u_cnn_top/conv_top/conv1/conv1_1/N13) has been disconnected.
I: Const net (pin CEX1 of inst u_cnn_top/conv_top/conv1/conv1_1/N17) has been disconnected.
I: Const net (pin CEM of inst u_cnn_top/conv_top/conv1/conv1_1/N17) has been disconnected.
I: Const net (pin RSTM of inst u_cnn_top/conv_top/conv1/conv1_1/N17) has been disconnected.
I: Const net (pin CEX1 of inst u_cnn_top/conv_top/conv1/conv1_1/N21) has been disconnected.
I: Const net (pin CEM of inst u_cnn_top/conv_top/conv1/conv1_1/N21) has been disconnected.
I: Const net (pin RSTM of inst u_cnn_top/conv_top/conv1/conv1_1/N21) has been disconnected.
I: Const net (pin CEX1 of inst u_cnn_top/conv_top/conv1/conv1_1/N25) has been disconnected.
I: Const net (pin CEM of inst u_cnn_top/conv_top/conv1/conv1_1/N25) has been disconnected.
I: Const net (pin RSTM of inst u_cnn_top/conv_top/conv1/conv1_1/N25) has been disconnected.
I: Const net (pin CEX1 of inst u_cnn_top/conv_top/conv1/conv1_1/N29) has been disconnected.
I: Const net (pin CEM of inst u_cnn_top/conv_top/conv1/conv1_1/N29) has been disconnected.
I: Const net (pin RSTM of inst u_cnn_top/conv_top/conv1/conv1_1/N29) has been disconnected.
I: Const net (pin CEX1 of inst u_cnn_top/conv_top/conv1/conv1_1/N33) has been disconnected.
I: Const net (pin CEM of inst u_cnn_top/conv_top/conv1/conv1_1/N33) has been disconnected.
I: Const net (pin RSTM of inst u_cnn_top/conv_top/conv1/conv1_1/N33) has been disconnected.
I: Const net (pin CEX1 of inst u_cnn_top/conv_top/conv1/conv1_1/N37) has been disconnected.
I: Const net (pin CEM of inst u_cnn_top/conv_top/conv1/conv1_1/N37) has been disconnected.
I: Const net (pin RSTM of inst u_cnn_top/conv_top/conv1/conv1_1/N37) has been disconnected.
I: Const net (pin CEX1 of inst u_cnn_top/conv_top/conv1/conv1_1/N41) has been disconnected.
I: Const net (pin CEM of inst u_cnn_top/conv_top/conv1/conv1_1/N41) has been disconnected.
I: Const net (pin RSTM of inst u_cnn_top/conv_top/conv1/conv1_1/N41) has been disconnected.
I: Const net (pin CEX1 of inst u_cnn_top/conv_top/conv1/conv1_1/N45) has been disconnected.
I: Const net (pin CEM of inst u_cnn_top/conv_top/conv1/conv1_1/N45) has been disconnected.
I: Const net (pin RSTM of inst u_cnn_top/conv_top/conv1/conv1_1/N45) has been disconnected.
I: Const net (pin CEX1 of inst u_cnn_top/conv_top/conv1/conv1_2/N13) has been disconnected.
I: Const net (pin CEM of inst u_cnn_top/conv_top/conv1/conv1_2/N13) has been disconnected.
I: Const net (pin RSTM of inst u_cnn_top/conv_top/conv1/conv1_2/N13) has been disconnected.
I: Const net (pin CEX1 of inst u_cnn_top/conv_top/conv1/conv1_2/N17) has been disconnected.
I: Const net (pin CEM of inst u_cnn_top/conv_top/conv1/conv1_2/N17) has been disconnected.
I: Const net (pin RSTM of inst u_cnn_top/conv_top/conv1/conv1_2/N17) has been disconnected.
I: Const net (pin CEX1 of inst u_cnn_top/conv_top/conv1/conv1_2/N21) has been disconnected.
I: Const net (pin CEM of inst u_cnn_top/conv_top/conv1/conv1_2/N21) has been disconnected.
I: Const net (pin RSTM of inst u_cnn_top/conv_top/conv1/conv1_2/N21) has been disconnected.
I: Const net (pin CEX1 of inst u_cnn_top/conv_top/conv1/conv1_2/N25) has been disconnected.
I: Const net (pin CEM of inst u_cnn_top/conv_top/conv1/conv1_2/N25) has been disconnected.
I: Const net (pin RSTM of inst u_cnn_top/conv_top/conv1/conv1_2/N25) has been disconnected.
I: Const net (pin CEX1 of inst u_cnn_top/conv_top/conv1/conv1_2/N29) has been disconnected.
I: Const net (pin CEM of inst u_cnn_top/conv_top/conv1/conv1_2/N29) has been disconnected.
I: Const net (pin RSTM of inst u_cnn_top/conv_top/conv1/conv1_2/N29) has been disconnected.
I: Const net (pin CEX1 of inst u_cnn_top/conv_top/conv1/conv1_2/N33) has been disconnected.
I: Const net (pin CEM of inst u_cnn_top/conv_top/conv1/conv1_2/N33) has been disconnected.
I: Const net (pin RSTM of inst u_cnn_top/conv_top/conv1/conv1_2/N33) has been disconnected.
I: Const net (pin CEX1 of inst u_cnn_top/conv_top/conv1/conv1_2/N37) has been disconnected.
I: Const net (pin CEM of inst u_cnn_top/conv_top/conv1/conv1_2/N37) has been disconnected.
I: Const net (pin RSTM of inst u_cnn_top/conv_top/conv1/conv1_2/N37) has been disconnected.
I: Const net (pin CEX1 of inst u_cnn_top/conv_top/conv1/conv1_2/N41) has been disconnected.
I: Const net (pin CEM of inst u_cnn_top/conv_top/conv1/conv1_2/N41) has been disconnected.
I: Const net (pin RSTM of inst u_cnn_top/conv_top/conv1/conv1_2/N41) has been disconnected.
I: Const net (pin CEX1 of inst u_cnn_top/conv_top/conv1/conv1_2/N45) has been disconnected.
I: Const net (pin CEM of inst u_cnn_top/conv_top/conv1/conv1_2/N45) has been disconnected.
I: Const net (pin RSTM of inst u_cnn_top/conv_top/conv1/conv1_2/N45) has been disconnected.
I: Const net (pin CEY1 of inst u_cnn_top/conv_top/conv5/conv1_3/N22) has been disconnected.
I: Const net (pin CEM of inst u_cnn_top/conv_top/conv5/conv1_3/N22) has been disconnected.
I: Const net (pin RSTM of inst u_cnn_top/conv_top/conv5/conv1_3/N22) has been disconnected.
I: Const net (pin CEX1 of inst u_cnn_top/conv_top/conv5/conv1_3/N25) has been disconnected.
I: Const net (pin CEM of inst u_cnn_top/conv_top/conv5/conv1_3/N25) has been disconnected.
I: Const net (pin RSTM of inst u_cnn_top/conv_top/conv5/conv1_3/N25) has been disconnected.
I: Const net (pin CEX1 of inst u_cnn_top/conv_top/conv5/conv1_3/N28) has been disconnected.
I: Const net (pin CEM of inst u_cnn_top/conv_top/conv5/conv1_3/N28) has been disconnected.
I: Const net (pin RSTM of inst u_cnn_top/conv_top/conv5/conv1_3/N28) has been disconnected.
I: Const net (pin CEY1 of inst u_cnn_top/conv_top/conv5/conv1_3/N31) has been disconnected.
I: Const net (pin CEM of inst u_cnn_top/conv_top/conv5/conv1_3/N31) has been disconnected.
I: Const net (pin RSTM of inst u_cnn_top/conv_top/conv5/conv1_3/N31) has been disconnected.
I: Const net (pin CEX1 of inst u_cnn_top/conv_top/conv5/conv1_3/N34) has been disconnected.
I: Const net (pin CEM of inst u_cnn_top/conv_top/conv5/conv1_3/N34) has been disconnected.
I: Const net (pin RSTM of inst u_cnn_top/conv_top/conv5/conv1_3/N34) has been disconnected.
I: Const net (pin CEX1 of inst u_cnn_top/conv_top/conv5/conv1_3/N37) has been disconnected.
I: Const net (pin CEM of inst u_cnn_top/conv_top/conv5/conv1_3/N37) has been disconnected.
I: Const net (pin RSTM of inst u_cnn_top/conv_top/conv5/conv1_3/N37) has been disconnected.
I: Const net (pin CEY1 of inst u_cnn_top/conv_top/conv5/conv1_3/N40) has been disconnected.
I: Const net (pin CEM of inst u_cnn_top/conv_top/conv5/conv1_3/N40) has been disconnected.
I: Const net (pin RSTM of inst u_cnn_top/conv_top/conv5/conv1_3/N40) has been disconnected.
I: Const net (pin CEX1 of inst u_cnn_top/conv_top/conv5/conv1_3/N43) has been disconnected.
I: Const net (pin CEM of inst u_cnn_top/conv_top/conv5/conv1_3/N43) has been disconnected.
I: Const net (pin RSTM of inst u_cnn_top/conv_top/conv5/conv1_3/N43) has been disconnected.
I: Const net (pin CEY1 of inst u_cnn_top/conv_top/conv5/conv1_3/N46) has been disconnected.
I: Const net (pin CEM of inst u_cnn_top/conv_top/conv5/conv1_3/N46) has been disconnected.
I: Const net (pin RSTM of inst u_cnn_top/conv_top/conv5/conv1_3/N46) has been disconnected.
I: Const net (pin CEX1 of inst u_cnn_top/conv_top/conv6/conv1_4/N22) has been disconnected.
I: Const net (pin CEM of inst u_cnn_top/conv_top/conv6/conv1_4/N22) has been disconnected.
I: Const net (pin RSTM of inst u_cnn_top/conv_top/conv6/conv1_4/N22) has been disconnected.
I: Const net (pin CEX1 of inst u_cnn_top/conv_top/conv6/conv1_4/N25) has been disconnected.
I: Const net (pin CEM of inst u_cnn_top/conv_top/conv6/conv1_4/N25) has been disconnected.
I: Const net (pin RSTM of inst u_cnn_top/conv_top/conv6/conv1_4/N25) has been disconnected.
I: Const net (pin CEY1 of inst u_cnn_top/conv_top/conv6/conv1_4/N28) has been disconnected.
I: Const net (pin CEM of inst u_cnn_top/conv_top/conv6/conv1_4/N28) has been disconnected.
I: Const net (pin RSTM of inst u_cnn_top/conv_top/conv6/conv1_4/N28) has been disconnected.
I: Const net (pin CEY1 of inst u_cnn_top/conv_top/conv6/conv1_4/N31) has been disconnected.
I: Const net (pin CEM of inst u_cnn_top/conv_top/conv6/conv1_4/N31) has been disconnected.
I: Const net (pin RSTM of inst u_cnn_top/conv_top/conv6/conv1_4/N31) has been disconnected.
I: Const net (pin CEY1 of inst u_cnn_top/conv_top/conv6/conv1_4/N34) has been disconnected.
I: Const net (pin CEM of inst u_cnn_top/conv_top/conv6/conv1_4/N34) has been disconnected.
I: Const net (pin RSTM of inst u_cnn_top/conv_top/conv6/conv1_4/N34) has been disconnected.
I: Const net (pin CEY1 of inst u_cnn_top/conv_top/conv6/conv1_4/N37) has been disconnected.
I: Const net (pin CEM of inst u_cnn_top/conv_top/conv6/conv1_4/N37) has been disconnected.
I: Const net (pin RSTM of inst u_cnn_top/conv_top/conv6/conv1_4/N37) has been disconnected.
I: Const net (pin CEY1 of inst u_cnn_top/conv_top/conv6/conv1_4/N40) has been disconnected.
I: Const net (pin CEM of inst u_cnn_top/conv_top/conv6/conv1_4/N40) has been disconnected.
I: Const net (pin RSTM of inst u_cnn_top/conv_top/conv6/conv1_4/N40) has been disconnected.
I: Const net (pin CEY1 of inst u_cnn_top/conv_top/conv6/conv1_4/N43) has been disconnected.
I: Const net (pin CEM of inst u_cnn_top/conv_top/conv6/conv1_4/N43) has been disconnected.
I: Const net (pin RSTM of inst u_cnn_top/conv_top/conv6/conv1_4/N43) has been disconnected.
I: Const net (pin CEY1 of inst u_cnn_top/conv_top/conv6/conv1_4/N46) has been disconnected.
I: Const net (pin CEM of inst u_cnn_top/conv_top/conv6/conv1_4/N46) has been disconnected.
I: Const net (pin RSTM of inst u_cnn_top/conv_top/conv6/conv1_4/N46) has been disconnected.
I: Const net (pin CEY1 of inst u_cnn_top/conv_top/conv7/conv1_1/N22) has been disconnected.
I: Const net (pin CEM of inst u_cnn_top/conv_top/conv7/conv1_1/N22) has been disconnected.
I: Const net (pin RSTM of inst u_cnn_top/conv_top/conv7/conv1_1/N22) has been disconnected.
I: Const net (pin CEY1 of inst u_cnn_top/conv_top/conv7/conv1_1/N26) has been disconnected.
I: Const net (pin CEM of inst u_cnn_top/conv_top/conv7/conv1_1/N26) has been disconnected.
I: Const net (pin RSTM of inst u_cnn_top/conv_top/conv7/conv1_1/N26) has been disconnected.
I: Const net (pin CEX1 of inst u_cnn_top/conv_top/conv7/conv1_1/N30) has been disconnected.
I: Const net (pin CEM of inst u_cnn_top/conv_top/conv7/conv1_1/N30) has been disconnected.
I: Const net (pin RSTM of inst u_cnn_top/conv_top/conv7/conv1_1/N30) has been disconnected.
I: Const net (pin CEY1 of inst u_cnn_top/conv_top/conv7/conv1_1/N34) has been disconnected.
I: Const net (pin CEM of inst u_cnn_top/conv_top/conv7/conv1_1/N34) has been disconnected.
I: Const net (pin RSTM of inst u_cnn_top/conv_top/conv7/conv1_1/N34) has been disconnected.
I: Const net (pin CEY1 of inst u_cnn_top/conv_top/conv7/conv1_1/N38) has been disconnected.
I: Const net (pin CEM of inst u_cnn_top/conv_top/conv7/conv1_1/N38) has been disconnected.
I: Const net (pin RSTM of inst u_cnn_top/conv_top/conv7/conv1_1/N38) has been disconnected.
I: Const net (pin CEY1 of inst u_cnn_top/conv_top/conv7/conv1_1/N42) has been disconnected.
I: Const net (pin CEM of inst u_cnn_top/conv_top/conv7/conv1_1/N42) has been disconnected.
I: Const net (pin RSTM of inst u_cnn_top/conv_top/conv7/conv1_1/N42) has been disconnected.
I: Const net (pin CEY1 of inst u_cnn_top/conv_top/conv7/conv1_1/N46) has been disconnected.
I: Const net (pin CEM of inst u_cnn_top/conv_top/conv7/conv1_1/N46) has been disconnected.
I: Const net (pin RSTM of inst u_cnn_top/conv_top/conv7/conv1_1/N46) has been disconnected.
I: Const net (pin CEY1 of inst u_cnn_top/conv_top/conv7/conv1_1/N50) has been disconnected.
I: Const net (pin CEM of inst u_cnn_top/conv_top/conv7/conv1_1/N50) has been disconnected.
I: Const net (pin RSTM of inst u_cnn_top/conv_top/conv7/conv1_1/N50) has been disconnected.
I: Const net (pin CEX1 of inst u_cnn_top/conv_top/conv7/conv1_1/N54) has been disconnected.
I: Const net (pin CEM of inst u_cnn_top/conv_top/conv7/conv1_1/N54) has been disconnected.
I: Const net (pin RSTM of inst u_cnn_top/conv_top/conv7/conv1_1/N54) has been disconnected.
I: Const net (pin CEY1 of inst u_cnn_top/conv_top/conv7/conv1_1/N73) has been disconnected.
I: Const net (pin CEM of inst u_cnn_top/conv_top/conv7/conv1_1/N73) has been disconnected.
I: Const net (pin RSTM of inst u_cnn_top/conv_top/conv7/conv1_1/N73) has been disconnected.
I: Const net (pin CEY1 of inst u_cnn_top/conv_top/conv7/conv1_1/N77) has been disconnected.
I: Const net (pin CEM of inst u_cnn_top/conv_top/conv7/conv1_1/N77) has been disconnected.
I: Const net (pin RSTM of inst u_cnn_top/conv_top/conv7/conv1_1/N77) has been disconnected.
I: Const net (pin CEY1 of inst u_cnn_top/conv_top/conv7/conv1_1/N81) has been disconnected.
I: Const net (pin CEM of inst u_cnn_top/conv_top/conv7/conv1_1/N81) has been disconnected.
I: Const net (pin RSTM of inst u_cnn_top/conv_top/conv7/conv1_1/N81) has been disconnected.
I: Const net (pin CEY1 of inst u_cnn_top/conv_top/conv7/conv1_1/N85) has been disconnected.
I: Const net (pin CEM of inst u_cnn_top/conv_top/conv7/conv1_1/N85) has been disconnected.
I: Const net (pin RSTM of inst u_cnn_top/conv_top/conv7/conv1_1/N85) has been disconnected.
I: Const net (pin CEY1 of inst u_cnn_top/conv_top/conv7/conv1_1/N89) has been disconnected.
I: Const net (pin CEM of inst u_cnn_top/conv_top/conv7/conv1_1/N89) has been disconnected.
I: Const net (pin RSTM of inst u_cnn_top/conv_top/conv7/conv1_1/N89) has been disconnected.
I: Const net (pin CEY1 of inst u_cnn_top/conv_top/conv7/conv1_1/N93) has been disconnected.
I: Const net (pin CEM of inst u_cnn_top/conv_top/conv7/conv1_1/N93) has been disconnected.
I: Const net (pin RSTM of inst u_cnn_top/conv_top/conv7/conv1_1/N93) has been disconnected.
I: Const net (pin CEY1 of inst u_cnn_top/conv_top/conv7/conv1_1/N97) has been disconnected.
I: Const net (pin CEM of inst u_cnn_top/conv_top/conv7/conv1_1/N97) has been disconnected.
I: Const net (pin RSTM of inst u_cnn_top/conv_top/conv7/conv1_1/N97) has been disconnected.
I: Const net (pin CEY1 of inst u_cnn_top/conv_top/conv7/conv1_1/N101) has been disconnected.
I: Const net (pin CEM of inst u_cnn_top/conv_top/conv7/conv1_1/N101) has been disconnected.
I: Const net (pin RSTM of inst u_cnn_top/conv_top/conv7/conv1_1/N101) has been disconnected.
I: Const net (pin CEY1 of inst u_cnn_top/conv_top/conv7/conv1_1/N105) has been disconnected.
I: Const net (pin CEM of inst u_cnn_top/conv_top/conv7/conv1_1/N105) has been disconnected.
I: Const net (pin RSTM of inst u_cnn_top/conv_top/conv7/conv1_1/N105) has been disconnected.
I: Const net (pin CEX1 of inst u_cnn_top/conv_top/conv7/conv1_4/N64) has been disconnected.
I: Const net (pin CEM of inst u_cnn_top/conv_top/conv7/conv1_4/N64) has been disconnected.
I: Const net (pin RSTM of inst u_cnn_top/conv_top/conv7/conv1_4/N64) has been disconnected.
I: Const net (pin CEY1 of inst u_cnn_top/conv_top/conv7/conv1_4/N67) has been disconnected.
I: Const net (pin CEM of inst u_cnn_top/conv_top/conv7/conv1_4/N67) has been disconnected.
I: Const net (pin RSTM of inst u_cnn_top/conv_top/conv7/conv1_4/N67) has been disconnected.
I: Const net (pin CEX1 of inst u_cnn_top/conv_top/conv7/conv1_4/N70) has been disconnected.
I: Const net (pin CEM of inst u_cnn_top/conv_top/conv7/conv1_4/N70) has been disconnected.
I: Const net (pin RSTM of inst u_cnn_top/conv_top/conv7/conv1_4/N70) has been disconnected.
I: Const net (pin CEY1 of inst u_cnn_top/conv_top/conv7/conv1_4/N73) has been disconnected.
I: Const net (pin CEM of inst u_cnn_top/conv_top/conv7/conv1_4/N73) has been disconnected.
I: Const net (pin RSTM of inst u_cnn_top/conv_top/conv7/conv1_4/N73) has been disconnected.
I: Const net (pin CEY1 of inst u_cnn_top/conv_top/conv7/conv1_4/N76) has been disconnected.
I: Const net (pin CEM of inst u_cnn_top/conv_top/conv7/conv1_4/N76) has been disconnected.
I: Const net (pin RSTM of inst u_cnn_top/conv_top/conv7/conv1_4/N76) has been disconnected.
I: Const net (pin CEY1 of inst u_cnn_top/conv_top/conv7/conv1_4/N79) has been disconnected.
I: Const net (pin CEM of inst u_cnn_top/conv_top/conv7/conv1_4/N79) has been disconnected.
I: Const net (pin RSTM of inst u_cnn_top/conv_top/conv7/conv1_4/N79) has been disconnected.
I: Const net (pin CEX1 of inst u_cnn_top/conv_top/conv7/conv1_4/N82) has been disconnected.
I: Const net (pin CEM of inst u_cnn_top/conv_top/conv7/conv1_4/N82) has been disconnected.
I: Const net (pin RSTM of inst u_cnn_top/conv_top/conv7/conv1_4/N82) has been disconnected.
I: Const net (pin CEY1 of inst u_cnn_top/conv_top/conv7/conv1_4/N85) has been disconnected.
I: Const net (pin CEM of inst u_cnn_top/conv_top/conv7/conv1_4/N85) has been disconnected.
I: Const net (pin RSTM of inst u_cnn_top/conv_top/conv7/conv1_4/N85) has been disconnected.
I: Const net (pin CEX1 of inst u_cnn_top/conv_top/conv7/conv1_4/N88) has been disconnected.
I: Const net (pin CEM of inst u_cnn_top/conv_top/conv7/conv1_4/N88) has been disconnected.
I: Const net (pin RSTM of inst u_cnn_top/conv_top/conv7/conv1_4/N88) has been disconnected.
W: Public-4008: Instance 'u_fspi_slave_top/u_spi_ram_crtl/byte_cnt_reg[3]' of 'GTP_DFF_CE' unit is dangling and will be cleaned.
Checking design netlist.
Processing tech operator.
I: The instance clkbufg_3(GTP_CLKBUFG) has been inserted on the net pclk_div2 in design, driver pin P_TCLK2FABRIC(instance u_ips2l_pcie_wrap/U_IPS2L_PCIE_TOP/U_IPS2L_HSSTLP_PCIE_SOFT_PHY/x2.GTP_HSST_2LANE_TOP/U_GTP_HSSTLP_WRAPPER/CHANNEL0_ENABLE.U_GTP_HSSTLP_LANE0) -> load pin CLK(instance black_sent_counter[0]).
I: The instance clkbufg_4(GTP_CLKBUFG) has been inserted on the net video2_clk in design, driver pin O(instance cmos2_pclk_ibuf) -> load pin CLK(instance u_axi4_ctrl/fifo_wr_rst_cnt[0][0]).
I: The instance clkbufg_5(GTP_CLKBUFG) has been inserted on the net pclk in design, driver pin P_TCLK2FABRIC(instance u_ips2l_pcie_wrap/U_IPS2L_PCIE_TOP/U_IPS2L_HSSTLP_PCIE_SOFT_PHY/x2.GTP_HSST_2LANE_TOP/U_GTP_HSSTLP_WRAPPER/CHANNEL1_ENABLE.U_GTP_HSSTLP_LANE1) -> load pin CLK(instance pclk_led).
I: The instance clkbufg_6(GTP_CLKBUFG) has been inserted on the net nt_cmos5_pclk in design, driver pin O(instance cmos5_pclk_ibuf) -> load pin CLK(instance u_axi4_ctrl/fifo_wr_rst_cnt[1][0]).
I: The instance clkbufg_7(GTP_CLKBUFG) has been inserted on the net nt_cmos6_pclk in design, driver pin O(instance cmos6_pclk_ibuf) -> load pin CLK(instance u_axi4_ctrl/fifo_wr_rst_cnt[2][0]).
I: The instance clkbufg_8(GTP_CLKBUFG) has been inserted on the net u_CORES/drck_o in design, driver pin TCK_USER(instance u_CORES/u_GTP_SCANCHAIN_PG) -> load pin CLK(instance u_CORES/u_debug_core_0/u0_trig_unit/conf_reg[0]).
I: The instance clkbufg_9(GTP_CLKBUFG) has been inserted on the net true_50M in design, driver pin CLKOUT0(instance the_instance_name/u_gpll) -> load pin CLK(instance u_uart_lcd/cnn_level_reg[0]).
I: The instance clkbufg_10(GTP_CLKBUFG) has been inserted on the net u_ov5640_top/clk_50M in design, driver pin CLKOUT2(instance u_ov5640_top/u_pll/u_gpll) -> load pin CLK(instance u_ov5640_top/cmos1cmos2_power_on_delay/camera_pwnd_reg).
C: DeviceMap-2011: The net nt_free_clk has both clock instance I_ips_ddr_top/u_ddrphy_top/u_clkbufm(GTP_CLKBUFM) loader and other clock pin loader.
I: The instance clkbufg_11(GTP_CLKBUFG) has been inserted on the net nt_spi_clk in design, driver pin O(instance spi_clk_ibuf) -> load pin I(instance u_fspi_slave_top/u_fspi_slave/N105).
I: The instance clkbufg_12(GTP_CLKBUFG) has been inserted on the net u_ov5640_top/clk_25M in design, driver pin CLKOUT1(instance u_ov5640_top/u_pll/u_gpll) -> load pin CLK(instance u_ov5640_top/cmos2_reg_config/clock_20k).
I: The instance clkbufg_13(GTP_CLKBUFG) has been inserted on the net u_fspi_slave_top/wr_clk in design, driver pin CLKOUT0(instance u_fspi_slave_top/clk_gen_inst/u_gpll) -> load pin I(instance u_fspi_slave_top/u_spi_ram_crtl/N178).
Converting tech operator to gate operator.
Processing gate operator.
I: Infer CARRY group, base inst: N30_2_1/gateop, insts:24.
I: Infer CARRY group, base inst: N193_2_1/gateop, insts:24.
I: Infer CARRY group, base inst: N274_0_1/gateop, insts:22.
I: Infer CARRY group, base inst: N286_0_1/gateop, insts:26.
I: Infer CARRY group, base inst: N359_0_1/gateop, insts:11.
I: Infer CARRY group, base inst: N469_5/gateop, insts:2.
I: Infer CARRY group, base inst: u_axi4_ctrl/N211_1_1/gateop, insts:9.
I: Infer CARRY group, base inst: u_axi4_ctrl/N215_1_1/gateop, insts:9.
I: Infer CARRY group, base inst: u_axi4_ctrl/N250_1_1/gateop, insts:9.
I: Infer CARRY group, base inst: u_axi4_ctrl/N254_1_1/gateop, insts:9.
I: Infer CARRY group, base inst: u_axi4_ctrl/N289_1_1/gateop, insts:9.
I: Infer CARRY group, base inst: u_axi4_ctrl/N293_1_1/gateop, insts:9.
I: Infer CARRY group, base inst: u_axi4_ctrl/N454_1_1/gateop, insts:63.
I: Infer CARRY group, base inst: u_axi4_ctrl/N470_1_1/gateop, insts:63.
I: Infer CARRY group, base inst: u_axi4_ctrl/N486_1_1/gateop, insts:63.
I: Infer CARRY group, base inst: u_axi4_ctrl/N548_1_1/gateop, insts:9.
I: Infer CARRY group, base inst: u_axi4_ctrl/N553_1_1/gateop, insts:9.
I: Infer CARRY group, base inst: u_axi4_ctrl/N618_1_1/gateop, insts:11.
I: Infer CARRY group, base inst: u_axi4_ctrl/N620_4_1/gateop, insts:10.
I: Infer CARRY group, base inst: u_axi4_ctrl/N625_1_1/gateop, insts:11.
I: Infer CARRY group, base inst: u_axi4_ctrl/N635_4_1/gateop, insts:12.
I: Infer CARRY group, base inst: u_axi4_ctrl/N639_2_1/gateop, insts:15.
I: Infer CARRY group, base inst: u_axi4_ctrl/N639_3_1/gateop, insts:11.
I: Infer CARRY group, base inst: u_axi4_ctrl/N689.lt_0/gateop, insts:32.
I: Infer CARRY group, base inst: u_axi4_ctrl/N691.lt_0/gateop, insts:32.
I: Infer CARRY group, base inst: u_axi4_ctrl/N696.lt_0/gateop, insts:32.
I: Infer CARRY group, base inst: u_axi4_ctrl/N698.lt_0/gateop, insts:32.
I: Infer CARRY group, base inst: u_axi4_ctrl/N765_1_1/gateop, insts:16.
I: Infer CARRY group, base inst: u_axi4_ctrl/axi_araddr_1_1/gateop, insts:10.
I: Infer CARRY group, base inst: u_refclk_perstn_debounce/N15_1_1/gateop, insts:15.
I: Infer CARRY group, base inst: u_cnn_top/RGB888_YCbCr_cnn/N20_2_1/gateop, insts:10.
I: Infer CARRY group, base inst: u_cnn_top/RGB888_YCbCr_cnn/N47_3_0/gateop, insts:11.
I: Infer CARRY group, base inst: u_cnn_top/RGB888_YCbCr_cnn/N87_2_1/gateop, insts:9.
I: Infer CARRY group, base inst: u_cnn_top/RGB888_YCbCr_cnn/N107_2_1/gateop, insts:11.
I: Infer CARRY group, base inst: u_cnn_top/RGB888_YCbCr_cnn/N107_3_1/gateop, insts:13.
I: Infer CARRY group, base inst: u_fspi_slave_top/u_spi_ram_crtl/N65/gateop, insts:2.
I: Infer CARRY group, base inst: u_fspi_slave_top/u_spi_ram_crtl/N136_11/gateop, insts:2.
I: Infer CARRY group, base inst: u_ips2l_pcie_dma/u_ips2l_pcie_dma_controller/N124_1_1/gateop, insts:9.
I: Infer CARRY group, base inst: u_ips2l_pcie_dma/u_ips2l_pcie_dma_controller/N233_1_1/gateop, insts:11.
I: Infer CARRY group, base inst: u_ov5640_top/cmos1cmos2_power_on_delay/N5_1_1/gateop, insts:18.
I: Infer CARRY group, base inst: u_ov5640_top/cmos1cmos2_power_on_delay/N15_mux15_12/gateop, insts:2.
I: Infer CARRY group, base inst: u_ov5640_top/cmos1cmos2_power_on_delay/N17_1_1/gateop, insts:15.
I: Infer CARRY group, base inst: u_ov5640_top/cmos2_reg_config/N11_2_1/gateop, insts:10.
I: Infer CARRY group, base inst: I_ips_ddr_top/u_ddrphy_top/ddrphy_cpd_ctrl/N166_1_1/gateop, insts:9.
I: Infer CARRY group, base inst: I_ips_ddr_top/u_ddrphy_top/ddrphy_dll_update_ctrl/N64_1_1/gateop, insts:18.
I: Infer CARRY group, base inst: I_ips_ddr_top/u_ddrphy_top/ddrphy_dll_update_ctrl/N103/gateop, insts:2.
I: Infer CARRY group, base inst: I_ips_ddr_top/u_ddrphy_top/ddrphy_reset_ctrl/N250_10/gateop, insts:2.
I: Infer CARRY group, base inst: I_ips_ddr_top/u_ddrphy_top/u_ips2l_ddrphy_rst_clk_phase_adj/N81_1_1/gateop, insts:9.
I: Infer CARRY group, base inst: I_ips_ddr_top/u_ips_ddrc_top/mcdq_ui_axi/N69_2_1/gateop, insts:25.
I: Infer CARRY group, base inst: I_ips_ddr_top/u_ips_ddrc_top/mcdq_ui_axi/N185.eq_0/gateop, insts:8.
I: Infer CARRY group, base inst: u_ips2l_pcie_dma/u_ips2l_pcie_dma_tx_top/u_ips2l_pcie_dma_cpld_tx_ctrl/N49_1_1/gateop, insts:14.
I: Infer CARRY group, base inst: u_ips2l_pcie_dma/u_ips2l_pcie_dma_tx_top/u_ips2l_pcie_dma_cpld_tx_ctrl/N63.fsub_0/gateop, insts:11.
I: Infer CARRY group, base inst: u_ips2l_pcie_dma/u_ips2l_pcie_dma_tx_top/u_ips2l_pcie_dma_cpld_tx_ctrl/N71.lt_0/gateop, insts:4.
I: Infer CARRY group, base inst: u_ips2l_pcie_dma/u_ips2l_pcie_dma_tx_top/u_ips2l_pcie_dma_cpld_tx_ctrl/N78_1.fsub_0/gateop, insts:9.
I: Infer CARRY group, base inst: u_ips2l_pcie_dma/u_ips2l_pcie_dma_tx_top/u_ips2l_pcie_dma_cpld_tx_ctrl/N83.lt_0/gateop, insts:4.
I: Infer CARRY group, base inst: u_ips2l_pcie_dma/u_ips2l_pcie_dma_tx_top/u_ips2l_pcie_dma_cpld_tx_ctrl/N92_5.fsub_1/gateop, insts:9.
I: Infer CARRY group, base inst: u_ips2l_pcie_dma/u_ips2l_pcie_dma_tx_top/u_ips2l_pcie_dma_cpld_tx_ctrl/N93_6[0]/gateop, insts:2.
I: Infer CARRY group, base inst: u_ips2l_pcie_dma/u_ips2l_pcie_dma_tx_top/u_ips2l_pcie_dma_cpld_tx_ctrl/N93_6[1]/gateop, insts:2.
I: Infer CARRY group, base inst: u_ips2l_pcie_dma/u_ips2l_pcie_dma_tx_top/u_ips2l_pcie_dma_mrd_tx_ctrl/N26.lt_0/gateop, insts:4.
I: Infer CARRY group, base inst: u_ips2l_pcie_dma/u_ips2l_pcie_dma_tx_top/u_ips2l_pcie_dma_mrd_tx_ctrl/N29_1.fsub_0/gateop, insts:9.
I: Infer CARRY group, base inst: u_ips2l_pcie_dma/u_ips2l_pcie_dma_tx_top/u_ips2l_pcie_dma_mrd_tx_ctrl/N43.lt_0/gateop, insts:4.
I: Infer CARRY group, base inst: u_ips2l_pcie_dma/u_ips2l_pcie_dma_tx_top/u_ips2l_pcie_dma_mrd_tx_ctrl/N56_1_1/gateop, insts:60.
I: Infer CARRY group, base inst: u_ips2l_pcie_dma/u_ips2l_pcie_dma_tx_top/u_ips2l_pcie_dma_mwr_tx_ctrl/N29.lt_0/gateop, insts:4.
I: Infer CARRY group, base inst: u_ips2l_pcie_dma/u_ips2l_pcie_dma_tx_top/u_ips2l_pcie_dma_mwr_tx_ctrl/N35_1.fsub_0/gateop, insts:9.
I: Infer CARRY group, base inst: u_ips2l_pcie_dma/u_ips2l_pcie_dma_tx_top/u_ips2l_pcie_dma_mwr_tx_ctrl/N52[5]/gateop, insts:2.
I: Infer CARRY group, base inst: u_ips2l_pcie_dma/u_ips2l_pcie_dma_tx_top/u_ips2l_pcie_dma_mwr_tx_ctrl/N60_1_0/gateop, insts:61.
I: Infer CARRY group, base inst: u_ips2l_pcie_dma/u_ips2l_pcie_dma_tx_top/u_ips2l_pcie_dma_tx_mwr_rd_ctrl/N37_3_0/gateop, insts:12.
I: Infer CARRY group, base inst: I_ips_ddr_top/u_ddrphy_top/ddrphy_calib_top/ddrphy_init/N4_1_1/gateop, insts:19.
I: Infer CARRY group, base inst: I_ips_ddr_top/u_ddrphy_top/ddrphy_calib_top/ddrphy_init/N24_1_1/gateop, insts:19.
I: Infer CARRY group, base inst: I_ips_ddr_top/u_ddrphy_top/ddrphy_calib_top/ddrphy_init/N116_1_1/gateop, insts:9.
I: Infer CARRY group, base inst: I_ips_ddr_top/u_ddrphy_top/ddrphy_calib_top/ddrphy_wrcal/N30_1_1/gateop, insts:17.
I: Infer CARRY group, base inst: I_ips_ddr_top/u_ddrphy_top/ddrphy_reset_ctrl/ddrphy_pll_lock_debounce/N11_1_1/gateop, insts:18.
I: Infer CARRY group, base inst: I_ips_ddr_top/u_ddrphy_top/ddrphy_reset_ctrl/ddrphy_pll_lock_debounce/N43_1/gateop, insts:2.
I: Infer CARRY group, base inst: I_ips_ddr_top/u_ips_ddrc_top/mcdq_dcd_top/mcdq_dcd_bm/N37_1_1/gateop, insts:12.
I: Infer CARRY group, base inst: u_axi4_ctrl/u_R_FIFO/U_ipm2l_fifo_R_FIFO_128i_128o/U_ipm2l_fifo_ctrl/N2_1/gateop, insts:11.
I: Infer CARRY group, base inst: u_axi4_ctrl/u_R_FIFO/U_ipm2l_fifo_R_FIFO_128i_128o/U_ipm2l_fifo_ctrl/N79_1/gateop, insts:11.
I: Infer CARRY group, base inst: u_axi4_ctrl/u_R_FIFO/U_ipm2l_fifo_R_FIFO_128i_128o/U_ipm2l_fifo_ctrl/N157.eq_0/gateop, insts:5.
I: Infer CARRY group, base inst: u_axi4_ctrl/u_R_FIFO/U_ipm2l_fifo_R_FIFO_128i_128o/U_ipm2l_fifo_ctrl/N160.eq_0/gateop, insts:6.
I: Infer CARRY group, base inst: u_axi4_ctrl/u_R_FIFO/U_ipm2l_fifo_R_FIFO_128i_128o/U_ipm2l_fifo_ctrl/N286_5.fsub_1/gateop, insts:11.
I: Infer CARRY group, base inst: u_axi4_ctrl/u_fifo_ch0/U_ipm2l_fifo_W_FIFO_16i_128o/U_ipm2l_fifo_ctrl/N2_0/gateop, insts:15.
I: Infer CARRY group, base inst: u_axi4_ctrl/u_fifo_ch0/U_ipm2l_fifo_W_FIFO_16i_128o/U_ipm2l_fifo_ctrl/N79_0/gateop, insts:12.
I: Infer CARRY group, base inst: u_axi4_ctrl/u_fifo_ch0/U_ipm2l_fifo_W_FIFO_16i_128o/U_ipm2l_fifo_ctrl/N173.eq_0/gateop, insts:7.
I: Infer CARRY group, base inst: u_axi4_ctrl/u_fifo_ch0/U_ipm2l_fifo_W_FIFO_16i_128o/U_ipm2l_fifo_ctrl/N176.eq_0/gateop, insts:6.
I: Infer CARRY group, base inst: u_axi4_ctrl/u_fifo_ch0/U_ipm2l_fifo_W_FIFO_16i_128o/U_ipm2l_fifo_ctrl/N338_5.fsub_0/gateop, insts:12.
I: Infer CARRY group, base inst: u_axi4_ctrl/u_fifo_ch1/U_ipm2l_fifo_W_FIFO_16i_128o/U_ipm2l_fifo_ctrl/N2_0/gateop, insts:15.
I: Infer CARRY group, base inst: u_axi4_ctrl/u_fifo_ch1/U_ipm2l_fifo_W_FIFO_16i_128o/U_ipm2l_fifo_ctrl/N79_0/gateop, insts:12.
I: Infer CARRY group, base inst: u_axi4_ctrl/u_fifo_ch1/U_ipm2l_fifo_W_FIFO_16i_128o/U_ipm2l_fifo_ctrl/N173.eq_0/gateop, insts:7.
I: Infer CARRY group, base inst: u_axi4_ctrl/u_fifo_ch1/U_ipm2l_fifo_W_FIFO_16i_128o/U_ipm2l_fifo_ctrl/N176.eq_0/gateop, insts:6.
I: Infer CARRY group, base inst: u_axi4_ctrl/u_fifo_ch1/U_ipm2l_fifo_W_FIFO_16i_128o/U_ipm2l_fifo_ctrl/N338_5.fsub_0/gateop, insts:12.
I: Infer CARRY group, base inst: u_axi4_ctrl/u_fifo_ch2/U_ipm2l_fifo_W_FIFO_16i_128o/U_ipm2l_fifo_ctrl/N2_0/gateop, insts:15.
I: Infer CARRY group, base inst: u_axi4_ctrl/u_fifo_ch2/U_ipm2l_fifo_W_FIFO_16i_128o/U_ipm2l_fifo_ctrl/N79_0/gateop, insts:12.
I: Infer CARRY group, base inst: u_axi4_ctrl/u_fifo_ch2/U_ipm2l_fifo_W_FIFO_16i_128o/U_ipm2l_fifo_ctrl/N173.eq_0/gateop, insts:7.
I: Infer CARRY group, base inst: u_axi4_ctrl/u_fifo_ch2/U_ipm2l_fifo_W_FIFO_16i_128o/U_ipm2l_fifo_ctrl/N176.eq_0/gateop, insts:6.
I: Infer CARRY group, base inst: u_axi4_ctrl/u_fifo_ch2/U_ipm2l_fifo_W_FIFO_16i_128o/U_ipm2l_fifo_ctrl/N338_5.fsub_0/gateop, insts:12.
I: Infer CARRY group, base inst: u_axi4_ctrl/u_fifo_ch3/U_ipm2l_fifo_W_FIFO_16i_128o/U_ipm2l_fifo_ctrl/N2_0/gateop, insts:15.
I: Infer CARRY group, base inst: u_axi4_ctrl/u_fifo_ch3/U_ipm2l_fifo_W_FIFO_16i_128o/U_ipm2l_fifo_ctrl/N79_0/gateop, insts:12.
I: Infer CARRY group, base inst: u_axi4_ctrl/u_fifo_ch3/U_ipm2l_fifo_W_FIFO_16i_128o/U_ipm2l_fifo_ctrl/N173.eq_0/gateop, insts:7.
I: Infer CARRY group, base inst: u_axi4_ctrl/u_fifo_ch3/U_ipm2l_fifo_W_FIFO_16i_128o/U_ipm2l_fifo_ctrl/N176.eq_0/gateop, insts:6.
I: Infer CARRY group, base inst: u_axi4_ctrl/u_fifo_ch3/U_ipm2l_fifo_W_FIFO_16i_128o/U_ipm2l_fifo_ctrl/N338_5.fsub_0/gateop, insts:12.
I: Infer CARRY group, base inst: u_cnn_top/conv_top/conv1/conv1_1/N51_4_1/gateop, insts:15.
I: Infer CARRY group, base inst: u_cnn_top/conv_top/conv1/conv1_1/N51_5_1/gateop, insts:16.
I: Infer CARRY group, base inst: u_cnn_top/conv_top/conv1/conv1_1/N56_4_1/gateop, insts:16.
I: Infer CARRY group, base inst: u_cnn_top/conv_top/conv1/conv1_1/N56_5_1/gateop, insts:17.
I: Infer CARRY group, base inst: u_cnn_top/conv_top/conv1/conv1_1/N61_4_1/gateop, insts:14.
I: Infer CARRY group, base inst: u_cnn_top/conv_top/conv1/conv1_1/N61_5_1/gateop, insts:16.
I: Infer CARRY group, base inst: u_cnn_top/conv_top/conv1/conv1_1/N65_3_1/gateop, insts:18.
I: Infer CARRY group, base inst: u_cnn_top/conv_top/conv1/conv1_1/N65_4.fsub_1/gateop, insts:16.
I: Infer CARRY group, base inst: u_cnn_top/conv_top/conv1/conv1_1/N65_5.fsub_1/gateop, insts:20.
I: Infer CARRY group, base inst: u_cnn_top/conv_top/conv1/conv1_2/N51_4_1/gateop, insts:15.
I: Infer CARRY group, base inst: u_cnn_top/conv_top/conv1/conv1_2/N51_5_1/gateop, insts:16.
I: Infer CARRY group, base inst: u_cnn_top/conv_top/conv1/conv1_2/N56_4_1/gateop, insts:16.
I: Infer CARRY group, base inst: u_cnn_top/conv_top/conv1/conv1_2/N56_5_1/gateop, insts:17.
I: Infer CARRY group, base inst: u_cnn_top/conv_top/conv1/conv1_2/N61_4_1/gateop, insts:14.
I: Infer CARRY group, base inst: u_cnn_top/conv_top/conv1/conv1_2/N61_5_1/gateop, insts:16.
I: Infer CARRY group, base inst: u_cnn_top/conv_top/conv1/conv1_2/N65_3_1/gateop, insts:20.
I: Infer CARRY group, base inst: u_cnn_top/conv_top/conv1/conv1_2/N65_4_1/gateop, insts:17.
I: Infer CARRY group, base inst: u_cnn_top/conv_top/conv1/conv1_2/N65_5_1/gateop, insts:13.
I: Infer CARRY group, base inst: u_cnn_top/conv_top/conv5/conv1_3/N51_2_1/gateop, insts:18.
I: Infer CARRY group, base inst: u_cnn_top/conv_top/conv5/conv1_3/N56_2_1/gateop, insts:18.
I: Infer CARRY group, base inst: u_cnn_top/conv_top/conv5/conv1_3/N61_2_1/gateop, insts:18.
I: Infer CARRY group, base inst: u_cnn_top/conv_top/conv5/conv1_3/N116_4_1/gateop, insts:20.
I: Infer CARRY group, base inst: u_cnn_top/conv_top/conv5/conv1_3/N116_7_1/gateop, insts:20.
I: Infer CARRY group, base inst: u_cnn_top/conv_top/conv5/conv1_3/N136_1_1/gateop, insts:19.
I: Infer CARRY group, base inst: u_cnn_top/conv_top/conv5/conv1_3/N166_1_1/gateop, insts:17.
I: Infer CARRY group, base inst: u_cnn_top/conv_top/conv5/conv1_3/N171_1_1/gateop, insts:17.
I: Infer CARRY group, base inst: u_cnn_top/conv_top/conv5/conv1_3/N176_1_1/gateop, insts:17.
I: Infer CARRY group, base inst: u_cnn_top/conv_top/conv6/conv1_4/N51_2_1/gateop, insts:17.
I: Infer CARRY group, base inst: u_cnn_top/conv_top/conv6/conv1_4/N56_2_1/gateop, insts:18.
I: Infer CARRY group, base inst: u_cnn_top/conv_top/conv6/conv1_4/N61_2_1/gateop, insts:18.
I: Infer CARRY group, base inst: u_cnn_top/conv_top/conv6/conv1_4/N116_4_1/gateop, insts:20.
I: Infer CARRY group, base inst: u_cnn_top/conv_top/conv6/conv1_4/N116_7_1/gateop, insts:20.
I: Infer CARRY group, base inst: u_cnn_top/conv_top/conv6/conv1_4/N136_1_1/gateop, insts:19.
I: Infer CARRY group, base inst: u_cnn_top/conv_top/conv6/conv1_4/N166_1_1/gateop, insts:17.
I: Infer CARRY group, base inst: u_cnn_top/conv_top/conv6/conv1_4/N171_1_1/gateop, insts:17.
I: Infer CARRY group, base inst: u_cnn_top/conv_top/conv6/conv1_4/N176_1_1/gateop, insts:16.
I: Infer CARRY group, base inst: u_cnn_top/conv_top/conv7/conv1_1/N60_1.fsub_1/gateop, insts:25.
I: Infer CARRY group, base inst: u_cnn_top/conv_top/conv7/conv1_1/N60_2.fsub_1/gateop, insts:18.
I: Infer CARRY group, base inst: u_cnn_top/conv_top/conv7/conv1_1/N65_2_1/gateop, insts:20.
I: Infer CARRY group, base inst: u_cnn_top/conv_top/conv7/conv1_1/N70_1.fsub_1/gateop, insts:25.
I: Infer CARRY group, base inst: u_cnn_top/conv_top/conv7/conv1_1/N70_2.fsub_1/gateop, insts:18.
I: Infer CARRY group, base inst: u_cnn_top/conv_top/conv7/conv1_1/N111_1.fsub_1/gateop, insts:24.
I: Infer CARRY group, base inst: u_cnn_top/conv_top/conv7/conv1_1/N111_2.fsub_1/gateop, insts:18.
I: Infer CARRY group, base inst: u_cnn_top/conv_top/conv7/conv1_1/N116_4_1/gateop, insts:19.
I: Infer CARRY group, base inst: u_cnn_top/conv_top/conv7/conv1_1/N116_5_1/gateop, insts:20.
I: Infer CARRY group, base inst: u_cnn_top/conv_top/conv7/conv1_1/N121_1.fsub_1/gateop, insts:24.
I: Infer CARRY group, base inst: u_cnn_top/conv_top/conv7/conv1_1/N121_2.fsub_1/gateop, insts:18.
I: Infer CARRY group, base inst: u_cnn_top/conv_top/conv7/conv1_1/N130_3_1/gateop, insts:25.
I: Infer CARRY group, base inst: u_cnn_top/conv_top/conv7/conv1_1/N130_4_1/gateop, insts:25.
I: Infer CARRY group, base inst: u_cnn_top/conv_top/conv7/conv1_1/N130_5_1/gateop, insts:25.
I: Infer CARRY group, base inst: u_cnn_top/conv_top/conv7/conv1_1/N130_6_1/gateop, insts:25.
I: Infer CARRY group, base inst: u_cnn_top/conv_top/conv7/conv1_1/N130_7_1/gateop, insts:25.
I: Infer CARRY group, base inst: u_cnn_top/conv_top/conv7/conv1_1/N130_8_1/gateop, insts:22.
I: Infer CARRY group, base inst: u_cnn_top/conv_top/conv7/conv1_1/N169_1_1/gateop, insts:19.
I: Infer CARRY group, base inst: u_cnn_top/conv_top/conv7/conv1_4/N93_2_1/gateop, insts:18.
I: Infer CARRY group, base inst: u_cnn_top/conv_top/conv7/conv1_4/N98_2_1/gateop, insts:19.
I: Infer CARRY group, base inst: u_cnn_top/conv_top/conv7/conv1_4/N103_2_1/gateop, insts:18.
I: Infer CARRY group, base inst: u_cnn_top/conv_top/conv7/conv1_4/N116_5_1/gateop, insts:22.
I: Infer CARRY group, base inst: u_cnn_top/conv_top/conv7/conv1_4/N116_6_1/gateop, insts:20.
I: Infer CARRY group, base inst: u_cnn_top/conv_top/conv7/conv1_4/N142_1_1/gateop, insts:20.
I: Infer CARRY group, base inst: u_cnn_top/conv_top/conv7/conv1_4/N151_1_1/gateop, insts:17.
I: Infer CARRY group, base inst: u_cnn_top/conv_top/conv7/conv1_4/N156_1_1/gateop, insts:18.
I: Infer CARRY group, base inst: u_cnn_top/conv_top/conv7/conv1_4/N161_1_1/gateop, insts:17.
I: Infer CARRY group, base inst: u_ips2l_pcie_dma/u_ips2l_pcie_dma_rx_top/u_mwr_wr_ctrl/ips2l_pcie_dma_mwr_wr_ctrl/N133_1_0/gateop, insts:12.
I: Infer CARRY group, base inst: u_ips2l_pcie_dma/u_ips2l_pcie_dma_rx_top/u_mwr_wr_ctrl/ips2l_pcie_dma_mwr_wr_ctrl/N206_3_0/gateop, insts:10.
I: Infer CARRY group, base inst: u_ips2l_pcie_dma/u_ips2l_pcie_dma_tx_top/u_ips2l_pcie_dma_tx_cpld_rd_ctrl/u_ips2l_pcie_dma_cpld_rd_ctrl/N32_1_0/gateop, insts:12.
I: Infer CARRY group, base inst: u_ips2l_pcie_dma/u_ips2l_pcie_dma_tx_top/u_ips2l_pcie_dma_tx_cpld_rd_ctrl/u_ips2l_pcie_dma_cpld_rd_ctrl/N153_7_0/gateop, insts:12.
I: Infer CARRY group, base inst: u_ips2l_pcie_dma/u_ips2l_pcie_dma_tx_top/u_ips2l_pcie_dma_tx_cpld_rd_ctrl/u_ips2l_pcie_dma_cpld_rd_ctrl/N194_7/gateop, insts:2.
I: Infer CARRY group, base inst: u_ips2l_pcie_dma/u_ips2l_pcie_dma_tx_top/u_ips2l_pcie_dma_tx_mwr_rd_ctrl/u_ips2l_pcie_dma_mwr_rd_ctrl/N32_1_0/gateop, insts:12.
I: Infer CARRY group, base inst: u_ips2l_pcie_dma/u_ips2l_pcie_dma_tx_top/u_ips2l_pcie_dma_tx_mwr_rd_ctrl/u_ips2l_pcie_dma_mwr_rd_ctrl/N153_7_0/gateop, insts:12.
I: Infer CARRY group, base inst: I_ips_ddr_top/u_ddrphy_top/ddrphy_slice_top/i_dqs_group[0].ddrphy_data_slice/ddrphy_data_slice_wrcal/N196_1/gateop, insts:9.
I: Infer CARRY group, base inst: I_ips_ddr_top/u_ddrphy_top/ddrphy_slice_top/i_dqs_group[0].ddrphy_data_slice/ddrphy_data_slice_wrcal/N263_1_1/gateop, insts:9.
I: Infer CARRY group, base inst: I_ips_ddr_top/u_ddrphy_top/ddrphy_slice_top/i_dqs_group[0].ddrphy_data_slice/ddrphy_dqsi_rdel_cal/N277_1/gateop, insts:9.
I: Infer CARRY group, base inst: I_ips_ddr_top/u_ddrphy_top/ddrphy_slice_top/i_dqs_group[0].ddrphy_data_slice/ddrphy_dqsi_rdel_cal/N392_1/gateop, insts:9.
I: Infer CARRY group, base inst: I_ips_ddr_top/u_ddrphy_top/ddrphy_slice_top/i_dqs_group[0].ddrphy_data_slice/ddrphy_dqsi_rdel_cal/N415.lt_0/gateop, insts:4.
I: Infer CARRY group, base inst: I_ips_ddr_top/u_ddrphy_top/ddrphy_slice_top/i_dqs_group[0].ddrphy_data_slice/ddrphy_dqsi_rdel_cal/N875_7_0/gateop, insts:9.
I: Infer CARRY group, base inst: I_ips_ddr_top/u_ddrphy_top/ddrphy_slice_top/i_dqs_group[0].ddrphy_data_slice/ddrphy_dqsi_rdel_cal/N975_7_0/gateop, insts:9.
I: Infer CARRY group, base inst: I_ips_ddr_top/u_ddrphy_top/ddrphy_slice_top/i_dqs_group[1].ddrphy_data_slice/ddrphy_data_slice_wrcal/N196_1/gateop, insts:9.
I: Infer CARRY group, base inst: I_ips_ddr_top/u_ddrphy_top/ddrphy_slice_top/i_dqs_group[1].ddrphy_data_slice/ddrphy_data_slice_wrcal/N263_1_1/gateop, insts:9.
I: Infer CARRY group, base inst: I_ips_ddr_top/u_ddrphy_top/ddrphy_slice_top/i_dqs_group[1].ddrphy_data_slice/ddrphy_dqsi_rdel_cal/N277_1/gateop, insts:9.
I: Infer CARRY group, base inst: I_ips_ddr_top/u_ddrphy_top/ddrphy_slice_top/i_dqs_group[1].ddrphy_data_slice/ddrphy_dqsi_rdel_cal/N392_1/gateop, insts:9.
I: Infer CARRY group, base inst: I_ips_ddr_top/u_ddrphy_top/ddrphy_slice_top/i_dqs_group[1].ddrphy_data_slice/ddrphy_dqsi_rdel_cal/N415.lt_0/gateop, insts:4.
I: Infer CARRY group, base inst: I_ips_ddr_top/u_ddrphy_top/ddrphy_slice_top/i_dqs_group[1].ddrphy_data_slice/ddrphy_dqsi_rdel_cal/N875_7_0/gateop, insts:9.
I: Infer CARRY group, base inst: I_ips_ddr_top/u_ddrphy_top/ddrphy_slice_top/i_dqs_group[1].ddrphy_data_slice/ddrphy_dqsi_rdel_cal/N975_7_0/gateop, insts:9.
I: Infer CARRY group, base inst: u_ips2l_pcie_wrap/U_IPS2L_PCIE_TOP/U_IPS2L_HSSTLP_PCIE_SOFT_PHY/hsst_pciex4_rst/ext_rstn_debounce/N15_1_1/gateop, insts:15.
I: Infer CARRY group, base inst: I_ips_ddr_top/u_ddrphy_top/ddrphy_slice_top/i_dqs_group[0].ddrphy_data_slice/ddrphy_data_slice_dqs_gate_cal/ddrphy_gatecal/N245_7_0/gateop, insts:8.
I: Infer CARRY group, base inst: I_ips_ddr_top/u_ddrphy_top/ddrphy_slice_top/i_dqs_group[1].ddrphy_data_slice/ddrphy_data_slice_dqs_gate_cal/ddrphy_gatecal/N245_7_0/gateop, insts:8.
I: Infer CARRY group, base inst: u_ips2l_pcie_wrap/U_IPS2L_PCIE_TOP/U_IPS2L_HSSTLP_PCIE_SOFT_PHY/hsst_pciex4_rst/hsst_rx_rst_mcrsw/rx_rst_fsm_multi_sw_lane/N36_1_1/gateop, insts:15.
I: Infer CARRY group, base inst: u_ips2l_pcie_wrap/U_IPS2L_PCIE_TOP/U_IPS2L_HSSTLP_PCIE_SOFT_PHY/hsst_pciex4_rst/hsst_rx_rst_mcrsw/rx_rst_fsm_multi_sw_lane/N62_12/gateop, insts:2.
I: Infer CARRY group, base inst: u_ips2l_pcie_wrap/U_IPS2L_PCIE_TOP/U_IPS2L_HSSTLP_PCIE_SOFT_PHY/hsst_pciex4_rst/hsst_rx_rst_mcrsw/rx_rst_fsm_multi_sw_lane/N62_14/gateop, insts:2.
I: Infer CARRY group, base inst: u_ips2l_pcie_wrap/U_IPS2L_PCIE_TOP/U_IPS2L_HSSTLP_PCIE_SOFT_PHY/hsst_pciex4_rst/hsst_rx_rst_mcrsw/rx_rst_fsm_multi_sw_lane/N64_1_0/gateop, insts:10.
I: Infer CARRY group, base inst: u_ips2l_pcie_wrap/U_IPS2L_PCIE_TOP/U_IPS2L_HSSTLP_PCIE_SOFT_PHY/hsst_pciex4_rst/hsst_rx_rst_mcrsw/rx_rst_fsm_multi_sw_lane/N290_10/gateop, insts:2.
I: Infer CARRY group, base inst: u_ips2l_pcie_wrap/U_IPS2L_PCIE_TOP/U_IPS2L_HSSTLP_PCIE_SOFT_PHY/hsst_pciex4_rst/hsst_tx_rst_mcrsw/pll_lock_multi_sw_deb/N13_1_1/gateop, insts:11.
I: Infer CARRY group, base inst: u_ips2l_pcie_wrap/U_IPS2L_PCIE_TOP/U_IPS2L_HSSTLP_PCIE_SOFT_PHY/hsst_pciex4_rst/hsst_tx_rst_mcrsw/pll_lock_multi_sw_wtchdg/N6_1_1/gateop, insts:9.
I: Infer CARRY group, base inst: u_ips2l_pcie_wrap/U_IPS2L_PCIE_TOP/U_IPS2L_HSSTLP_PCIE_SOFT_PHY/hsst_pciex4_rst/hsst_tx_rst_mcrsw/pll_lock_multi_sw_wtchdg/N16_1_1/gateop, insts:9.
I: Infer CARRY group, base inst: u_ips2l_pcie_wrap/U_IPS2L_PCIE_TOP/U_IPS2L_HSSTLP_PCIE_SOFT_PHY/hsst_pciex4_rst/hsst_tx_rst_mcrsw/tx_rst_fsm_multi_sw_lane/N19_1_1/gateop, insts:11.
I: Infer CARRY group, base inst: u_ips2l_pcie_wrap/U_IPS2L_PCIE_TOP/U_IPS2L_HSSTLP_PCIE_SOFT_PHY/hsst_pciex4_rst/hsst_tx_rst_mcrsw/tx_rst_fsm_multi_sw_lane/N463_65/gateop, insts:2.
I: Infer CARRY group, base inst: u_ips2l_pcie_wrap/U_IPS2L_PCIE_TOP/U_IPS2L_HSSTLP_PCIE_SOFT_PHY/hsst_pciex4_rst/hsst_tx_rst_mcrsw/tx_rst_fsm_multi_sw_lane/hsst_fsm_fsm[3:0]_62/gateop, insts:2.
I: Infer CARRY group, base inst: I_ips_ddr_top/u_ips_ddrc_top/mcdq_dcp_top/mcdq_dcp_buf/A_ips2l_distributed_fifo/u_ips2l_distributed_fifo_distributed_fifo_v1_0/u_ips2l_distributed_fifo_ctr/N24_1.fsub_0/gateop, insts:7.
I: Infer CARRY group, base inst: I_ips_ddr_top/u_ips_ddrc_top/mcdq_dcp_top/mcdq_dcp_buf/A_ips2l_distributed_fifo/u_ips2l_distributed_fifo_distributed_fifo_v1_0/u_ips2l_distributed_fifo_ctr/N30.fsub_0/gateop, insts:7.
I: Infer CARRY group, base inst: I_ips_ddr_top/u_ips_ddrc_top/mcdq_dcp_top/mcdq_dcp_buf/B_ips2l_distributed_fifo/u_ips2l_distributed_fifo_distributed_fifo_v1_0/u_ips2l_distributed_fifo_ctr/N24_1.fsub_0/gateop, insts:7.
I: Infer CARRY group, base inst: I_ips_ddr_top/u_ips_ddrc_top/mcdq_dcp_top/mcdq_dcp_buf/B_ips2l_distributed_fifo/u_ips2l_distributed_fifo_distributed_fifo_v1_0/u_ips2l_distributed_fifo_ctr/N30.fsub_0/gateop, insts:7.
I: Infer CARRY group, base inst: I_ips_ddr_top/u_ips_ddrc_top/mcdq_rdatapath/mcdq_prefetch_fifo/ips2l_distributed_fifo/u_ips2l_distributed_fifo_distributed_fifo_v1_0/u_ips2l_distributed_fifo_ctr/N36.eq_0/gateop, insts:3.
I: Infer CARRY group, base inst: u_cnn_top/conv_top/conv1/conv1_1/u_Matrix_Generate_3X3_8Bit/u_Line_Shift_RAM/RAMshfit_taps_u1/N646_1_1/gateop, insts:9.
I: Infer CARRY group, base inst: u_cnn_top/conv_top/conv2/conv1_1/u_Matrix_Generate_3X3_8Bit/u_Line_Shift_RAM/RAMshfit_taps_u1/N646_1_1/gateop, insts:9.
I: Infer CARRY group, base inst: u_cnn_top/conv_top/conv3/conv1_1/u_Matrix_Generate_3X3_8Bit/u_Line_Shift_RAM/RAMshfit_taps_u1/N646_1_1/gateop, insts:9.
I: Infer CARRY group, base inst: u_cnn_top/conv_top/conv4/conv1_1/u_Matrix_Generate_3X3_8Bit/u_Line_Shift_RAM/RAMshfit_taps_u1/N646_1_1/gateop, insts:9.
I: Infer CARRY group, base inst: u_cnn_top/conv_top/conv5/conv1_1/u_Matrix_Generate_3X3_8Bit/u_Line_Shift_RAM/RAMshfit_taps_u1/N646_1_1/gateop, insts:9.
I: Infer CARRY group, base inst: u_cnn_top/conv_top/conv6/conv1_3/u_Matrix_Generate_3X3_8Bit/u_Line_Shift_RAM/RAMshfit_taps_u1/N646_1_1/gateop, insts:9.
I: Infer CARRY group, base inst: u_cnn_top/conv_top/conv7/conv1_1/u_Matrix_Generate_3X3_8Bit/u_Line_Shift_RAM/RAMshfit_taps_u1/N646_1_1/gateop, insts:9.
I: Infer APM group, base inst: u_cnn_top/u_rgb_end/N33_m1/gopapm, insts:2.
I: Infer APM group, base inst: u_cnn_top/u_rgb_end/N36_m1/gopapm, insts:2.
I: Infer APM group, base inst: u_cnn_top/u_rgb_end/N39_m1/gopapm, insts:2.
I: Infer HSSTLP group, base inst: u_ips2l_pcie_wrap/U_IPS2L_PCIE_TOP/U_IPS2L_HSSTLP_PCIE_SOFT_PHY/x2.GTP_HSST_2LANE_TOP/U_GTP_HSSTLP_WRAPPER/CHANNEL0_ENABLE.U_GTP_HSSTLP_LANE0/gophsst, insts:2.
I: Adm-6003: Trying to disconnect un-connected pin 'D_DLY' of instance 'I_ips_ddr_top/u_ddrphy_top/ddrphy_slice_top/i_mem_addr_0[0].u_odelay_addr/iodelay_inst'.
I: ODLAY of "I_ips_ddr_top/u_ddrphy_top/ddrphy_slice_top/i_mem_addr_0[0].u_odelay_addr/iodelay_inst" has been packed in "ODLAY" of IOL "I_ips_ddr_top/u_ddrphy_top/ddrphy_slice_top/i_mem_addr_0[0].u_outbuft_addr0/opit_1" success.
I: Adm-6003: Trying to disconnect un-connected pin 'D_DLY' of instance 'I_ips_ddr_top/u_ddrphy_top/ddrphy_slice_top/i_mem_addr_0[1].u_odelay_addr/iodelay_inst'.
I: ODLAY of "I_ips_ddr_top/u_ddrphy_top/ddrphy_slice_top/i_mem_addr_0[1].u_odelay_addr/iodelay_inst" has been packed in "ODLAY" of IOL "I_ips_ddr_top/u_ddrphy_top/ddrphy_slice_top/i_mem_addr_0[1].u_outbuft_addr0/opit_1" success.
I: Adm-6003: Trying to disconnect un-connected pin 'D_DLY' of instance 'I_ips_ddr_top/u_ddrphy_top/ddrphy_slice_top/i_mem_addr_0[2].u_odelay_addr/iodelay_inst'.
I: ODLAY of "I_ips_ddr_top/u_ddrphy_top/ddrphy_slice_top/i_mem_addr_0[2].u_odelay_addr/iodelay_inst" has been packed in "ODLAY" of IOL "I_ips_ddr_top/u_ddrphy_top/ddrphy_slice_top/i_mem_addr_0[2].u_outbuft_addr0/opit_1" success.
I: Adm-6003: Trying to disconnect un-connected pin 'D_DLY' of instance 'I_ips_ddr_top/u_ddrphy_top/ddrphy_slice_top/i_mem_addr_0[3].u_odelay_addr/iodelay_inst'.
I: ODLAY of "I_ips_ddr_top/u_ddrphy_top/ddrphy_slice_top/i_mem_addr_0[3].u_odelay_addr/iodelay_inst" has been packed in "ODLAY" of IOL "I_ips_ddr_top/u_ddrphy_top/ddrphy_slice_top/i_mem_addr_0[3].u_outbuft_addr0/opit_1" success.
I: Adm-6003: Trying to disconnect un-connected pin 'D_DLY' of instance 'I_ips_ddr_top/u_ddrphy_top/ddrphy_slice_top/i_mem_addr_0[4].u_odelay_addr/iodelay_inst'.
I: ODLAY of "I_ips_ddr_top/u_ddrphy_top/ddrphy_slice_top/i_mem_addr_0[4].u_odelay_addr/iodelay_inst" has been packed in "ODLAY" of IOL "I_ips_ddr_top/u_ddrphy_top/ddrphy_slice_top/i_mem_addr_0[4].u_outbuft_addr0/opit_1" success.
I: Adm-6003: Trying to disconnect un-connected pin 'D_DLY' of instance 'I_ips_ddr_top/u_ddrphy_top/ddrphy_slice_top/i_mem_addr_0[5].u_odelay_addr/iodelay_inst'.
I: ODLAY of "I_ips_ddr_top/u_ddrphy_top/ddrphy_slice_top/i_mem_addr_0[5].u_odelay_addr/iodelay_inst" has been packed in "ODLAY" of IOL "I_ips_ddr_top/u_ddrphy_top/ddrphy_slice_top/i_mem_addr_0[5].u_outbuft_addr0/opit_1" success.
I: Adm-6003: Trying to disconnect un-connected pin 'D_DLY' of instance 'I_ips_ddr_top/u_ddrphy_top/ddrphy_slice_top/i_mem_addr_0[6].u_odelay_addr/iodelay_inst'.
I: ODLAY of "I_ips_ddr_top/u_ddrphy_top/ddrphy_slice_top/i_mem_addr_0[6].u_odelay_addr/iodelay_inst" has been packed in "ODLAY" of IOL "I_ips_ddr_top/u_ddrphy_top/ddrphy_slice_top/i_mem_addr_0[6].u_outbuft_addr0/opit_1" success.
I: Adm-6003: Trying to disconnect un-connected pin 'D_DLY' of instance 'I_ips_ddr_top/u_ddrphy_top/ddrphy_slice_top/i_mem_addr_0[7].u_odelay_addr/iodelay_inst'.
I: ODLAY of "I_ips_ddr_top/u_ddrphy_top/ddrphy_slice_top/i_mem_addr_0[7].u_odelay_addr/iodelay_inst" has been packed in "ODLAY" of IOL "I_ips_ddr_top/u_ddrphy_top/ddrphy_slice_top/i_mem_addr_0[7].u_outbuft_addr0/opit_1" success.
I: Adm-6003: Trying to disconnect un-connected pin 'D_DLY' of instance 'I_ips_ddr_top/u_ddrphy_top/ddrphy_slice_top/i_mem_addr_0[8].u_odelay_addr/iodelay_inst'.
I: ODLAY of "I_ips_ddr_top/u_ddrphy_top/ddrphy_slice_top/i_mem_addr_0[8].u_odelay_addr/iodelay_inst" has been packed in "ODLAY" of IOL "I_ips_ddr_top/u_ddrphy_top/ddrphy_slice_top/i_mem_addr_0[8].u_outbuft_addr0/opit_1" success.
I: Adm-6003: Trying to disconnect un-connected pin 'D_DLY' of instance 'I_ips_ddr_top/u_ddrphy_top/ddrphy_slice_top/i_mem_addr_0[9].u_odelay_addr/iodelay_inst'.
I: ODLAY of "I_ips_ddr_top/u_ddrphy_top/ddrphy_slice_top/i_mem_addr_0[9].u_odelay_addr/iodelay_inst" has been packed in "ODLAY" of IOL "I_ips_ddr_top/u_ddrphy_top/ddrphy_slice_top/i_mem_addr_0[9].u_outbuft_addr0/opit_1" success.
I: Adm-6003: Trying to disconnect un-connected pin 'D_DLY' of instance 'I_ips_ddr_top/u_ddrphy_top/ddrphy_slice_top/i_mem_addr_0[10].u_odelay_addr/iodelay_inst'.
I: ODLAY of "I_ips_ddr_top/u_ddrphy_top/ddrphy_slice_top/i_mem_addr_0[10].u_odelay_addr/iodelay_inst" has been packed in "ODLAY" of IOL "I_ips_ddr_top/u_ddrphy_top/ddrphy_slice_top/i_mem_addr_0[10].u_outbuft_addr0/opit_1" success.
I: Adm-6003: Trying to disconnect un-connected pin 'D_DLY' of instance 'I_ips_ddr_top/u_ddrphy_top/ddrphy_slice_top/i_mem_addr_0[11].u_odelay_addr/iodelay_inst'.
I: ODLAY of "I_ips_ddr_top/u_ddrphy_top/ddrphy_slice_top/i_mem_addr_0[11].u_odelay_addr/iodelay_inst" has been packed in "ODLAY" of IOL "I_ips_ddr_top/u_ddrphy_top/ddrphy_slice_top/i_mem_addr_0[11].u_outbuft_addr0/opit_1" success.
I: Adm-6003: Trying to disconnect un-connected pin 'D_DLY' of instance 'I_ips_ddr_top/u_ddrphy_top/ddrphy_slice_top/i_mem_addr_0[12].u_odelay_addr/iodelay_inst'.
I: ODLAY of "I_ips_ddr_top/u_ddrphy_top/ddrphy_slice_top/i_mem_addr_0[12].u_odelay_addr/iodelay_inst" has been packed in "ODLAY" of IOL "I_ips_ddr_top/u_ddrphy_top/ddrphy_slice_top/i_mem_addr_0[12].u_outbuft_addr0/opit_1" success.
I: Adm-6003: Trying to disconnect un-connected pin 'D_DLY' of instance 'I_ips_ddr_top/u_ddrphy_top/ddrphy_slice_top/i_mem_addr_0[13].u_odelay_addr/iodelay_inst'.
I: ODLAY of "I_ips_ddr_top/u_ddrphy_top/ddrphy_slice_top/i_mem_addr_0[13].u_odelay_addr/iodelay_inst" has been packed in "ODLAY" of IOL "I_ips_ddr_top/u_ddrphy_top/ddrphy_slice_top/i_mem_addr_0[13].u_outbuft_addr0/opit_1" success.
I: Adm-6003: Trying to disconnect un-connected pin 'D_DLY' of instance 'I_ips_ddr_top/u_ddrphy_top/ddrphy_slice_top/i_mem_addr_0[14].u_odelay_addr/iodelay_inst'.
I: ODLAY of "I_ips_ddr_top/u_ddrphy_top/ddrphy_slice_top/i_mem_addr_0[14].u_odelay_addr/iodelay_inst" has been packed in "ODLAY" of IOL "I_ips_ddr_top/u_ddrphy_top/ddrphy_slice_top/i_mem_addr_0[14].u_outbuft_addr0/opit_1" success.
I: Adm-6003: Trying to disconnect un-connected pin 'D_DLY' of instance 'I_ips_ddr_top/u_ddrphy_top/ddrphy_slice_top/k_mem_ba[0].u_odelay_ba/iodelay_inst'.
I: ODLAY of "I_ips_ddr_top/u_ddrphy_top/ddrphy_slice_top/k_mem_ba[0].u_odelay_ba/iodelay_inst" has been packed in "ODLAY" of IOL "I_ips_ddr_top/u_ddrphy_top/ddrphy_slice_top/k_mem_ba[0].u_outbuft_ba/opit_1" success.
I: Adm-6003: Trying to disconnect un-connected pin 'D_DLY' of instance 'I_ips_ddr_top/u_ddrphy_top/ddrphy_slice_top/k_mem_ba[1].u_odelay_ba/iodelay_inst'.
I: ODLAY of "I_ips_ddr_top/u_ddrphy_top/ddrphy_slice_top/k_mem_ba[1].u_odelay_ba/iodelay_inst" has been packed in "ODLAY" of IOL "I_ips_ddr_top/u_ddrphy_top/ddrphy_slice_top/k_mem_ba[1].u_outbuft_ba/opit_1" success.
I: Adm-6003: Trying to disconnect un-connected pin 'D_DLY' of instance 'I_ips_ddr_top/u_ddrphy_top/ddrphy_slice_top/k_mem_ba[2].u_odelay_ba/iodelay_inst'.
I: ODLAY of "I_ips_ddr_top/u_ddrphy_top/ddrphy_slice_top/k_mem_ba[2].u_odelay_ba/iodelay_inst" has been packed in "ODLAY" of IOL "I_ips_ddr_top/u_ddrphy_top/ddrphy_slice_top/k_mem_ba[2].u_outbuft_ba/opit_1" success.
I: Adm-6003: Trying to disconnect un-connected pin 'D_DLY' of instance 'I_ips_ddr_top/u_ddrphy_top/ddrphy_slice_top/u_odelay_casn/iodelay_inst'.
I: ODLAY of "I_ips_ddr_top/u_ddrphy_top/ddrphy_slice_top/u_odelay_casn/iodelay_inst" has been packed in "ODLAY" of IOL "I_ips_ddr_top/u_ddrphy_top/ddrphy_slice_top/u_outbuft_casn/opit_1" success.
I: Adm-6003: Trying to disconnect un-connected pin 'D_DLY' of instance 'I_ips_ddr_top/u_ddrphy_top/ddrphy_slice_top/u_odelay_cke/iodelay_inst'.
I: ODLAY of "I_ips_ddr_top/u_ddrphy_top/ddrphy_slice_top/u_odelay_cke/iodelay_inst" has been packed in "ODLAY" of IOL "I_ips_ddr_top/u_ddrphy_top/ddrphy_slice_top/u_outbuft_cke/opit_1" success.
I: Adm-6003: Trying to disconnect un-connected pin 'D_DLY' of instance 'I_ips_ddr_top/u_ddrphy_top/ddrphy_slice_top/u_odelay_csn/iodelay_inst'.
I: ODLAY of "I_ips_ddr_top/u_ddrphy_top/ddrphy_slice_top/u_odelay_csn/iodelay_inst" has been packed in "ODLAY" of IOL "I_ips_ddr_top/u_ddrphy_top/ddrphy_slice_top/u_outbuft_csn/opit_1" success.
I: Adm-6003: Trying to disconnect un-connected pin 'D_DLY' of instance 'I_ips_ddr_top/u_ddrphy_top/ddrphy_slice_top/u_odelay_odt/iodelay_inst'.
I: ODLAY of "I_ips_ddr_top/u_ddrphy_top/ddrphy_slice_top/u_odelay_odt/iodelay_inst" has been packed in "ODLAY" of IOL "I_ips_ddr_top/u_ddrphy_top/ddrphy_slice_top/u_outbuft_odt/opit_1" success.
I: Adm-6003: Trying to disconnect un-connected pin 'D_DLY' of instance 'I_ips_ddr_top/u_ddrphy_top/ddrphy_slice_top/u_odelay_rasn/iodelay_inst'.
I: ODLAY of "I_ips_ddr_top/u_ddrphy_top/ddrphy_slice_top/u_odelay_rasn/iodelay_inst" has been packed in "ODLAY" of IOL "I_ips_ddr_top/u_ddrphy_top/ddrphy_slice_top/u_outbuft_rasn/opit_1" success.
I: Adm-6003: Trying to disconnect un-connected pin 'D_DLY' of instance 'I_ips_ddr_top/u_ddrphy_top/ddrphy_slice_top/u_odelay_wen/iodelay_inst'.
I: ODLAY of "I_ips_ddr_top/u_ddrphy_top/ddrphy_slice_top/u_odelay_wen/iodelay_inst" has been packed in "ODLAY" of IOL "I_ips_ddr_top/u_ddrphy_top/ddrphy_slice_top/u_outbuft_wen/opit_1" success.
I: Adm-6003: Trying to disconnect un-connected pin 'D_DLY' of instance 'I_ips_ddr_top/u_ddrphy_top/ddrphy_slice_top/u_iodelay_dq/iodelay_inst'.
I: ODLAY of "I_ips_ddr_top/u_ddrphy_top/ddrphy_slice_top/u_iodelay_dq/iodelay_inst" has been packed in "ODLAY" of IOL "I_ips_ddr_top/u_ddrphy_top/ddrphy_slice_top/u_outbuftco_ck/opit_3" success.
I: IDLAY of "I_ips_ddr_top/u_ddrphy_top/ddrphy_slice_top/i_dqs_group[0].ddrphy_data_slice/dq_loop[0].u_iodelay_dq/iodelay_inst" has been packed in "IDLAY" of IOL "I_ips_ddr_top/u_ddrphy_top/ddrphy_slice_top/i_dqs_group[0].ddrphy_data_slice/dq_loop[0].u_iobuf_dq/opit_1" success.
I: IDLAY of "I_ips_ddr_top/u_ddrphy_top/ddrphy_slice_top/i_dqs_group[0].ddrphy_data_slice/dq_loop[1].u_iodelay_dq/iodelay_inst" has been packed in "IDLAY" of IOL "I_ips_ddr_top/u_ddrphy_top/ddrphy_slice_top/i_dqs_group[0].ddrphy_data_slice/dq_loop[1].u_iobuf_dq/opit_1" success.
I: IDLAY of "I_ips_ddr_top/u_ddrphy_top/ddrphy_slice_top/i_dqs_group[0].ddrphy_data_slice/dq_loop[2].u_iodelay_dq/iodelay_inst" has been packed in "IDLAY" of IOL "I_ips_ddr_top/u_ddrphy_top/ddrphy_slice_top/i_dqs_group[0].ddrphy_data_slice/dq_loop[2].u_iobuf_dq/opit_1" success.
I: IDLAY of "I_ips_ddr_top/u_ddrphy_top/ddrphy_slice_top/i_dqs_group[0].ddrphy_data_slice/dq_loop[3].u_iodelay_dq/iodelay_inst" has been packed in "IDLAY" of IOL "I_ips_ddr_top/u_ddrphy_top/ddrphy_slice_top/i_dqs_group[0].ddrphy_data_slice/dq_loop[3].u_iobuf_dq/opit_1" success.
I: IDLAY of "I_ips_ddr_top/u_ddrphy_top/ddrphy_slice_top/i_dqs_group[0].ddrphy_data_slice/dq_loop[4].u_iodelay_dq/iodelay_inst" has been packed in "IDLAY" of IOL "I_ips_ddr_top/u_ddrphy_top/ddrphy_slice_top/i_dqs_group[0].ddrphy_data_slice/dq_loop[4].u_iobuf_dq/opit_1" success.
I: IDLAY of "I_ips_ddr_top/u_ddrphy_top/ddrphy_slice_top/i_dqs_group[0].ddrphy_data_slice/dq_loop[5].u_iodelay_dq/iodelay_inst" has been packed in "IDLAY" of IOL "I_ips_ddr_top/u_ddrphy_top/ddrphy_slice_top/i_dqs_group[0].ddrphy_data_slice/dq_loop[5].u_iobuf_dq/opit_1" success.
I: IDLAY of "I_ips_ddr_top/u_ddrphy_top/ddrphy_slice_top/i_dqs_group[0].ddrphy_data_slice/dq_loop[6].u_iodelay_dq/iodelay_inst" has been packed in "IDLAY" of IOL "I_ips_ddr_top/u_ddrphy_top/ddrphy_slice_top/i_dqs_group[0].ddrphy_data_slice/dq_loop[6].u_iobuf_dq/opit_1" success.
I: IDLAY of "I_ips_ddr_top/u_ddrphy_top/ddrphy_slice_top/i_dqs_group[0].ddrphy_data_slice/dq_loop[7].u_iodelay_dq/iodelay_inst" has been packed in "IDLAY" of IOL "I_ips_ddr_top/u_ddrphy_top/ddrphy_slice_top/i_dqs_group[0].ddrphy_data_slice/dq_loop[7].u_iobuf_dq/opit_1" success.
I: IDLAY of "I_ips_ddr_top/u_ddrphy_top/ddrphy_slice_top/i_dqs_group[1].ddrphy_data_slice/dq_loop[0].u_iodelay_dq/iodelay_inst" has been packed in "IDLAY" of IOL "I_ips_ddr_top/u_ddrphy_top/ddrphy_slice_top/i_dqs_group[1].ddrphy_data_slice/dq_loop[0].u_iobuf_dq/opit_1" success.
I: IDLAY of "I_ips_ddr_top/u_ddrphy_top/ddrphy_slice_top/i_dqs_group[1].ddrphy_data_slice/dq_loop[1].u_iodelay_dq/iodelay_inst" has been packed in "IDLAY" of IOL "I_ips_ddr_top/u_ddrphy_top/ddrphy_slice_top/i_dqs_group[1].ddrphy_data_slice/dq_loop[1].u_iobuf_dq/opit_1" success.
I: IDLAY of "I_ips_ddr_top/u_ddrphy_top/ddrphy_slice_top/i_dqs_group[1].ddrphy_data_slice/dq_loop[2].u_iodelay_dq/iodelay_inst" has been packed in "IDLAY" of IOL "I_ips_ddr_top/u_ddrphy_top/ddrphy_slice_top/i_dqs_group[1].ddrphy_data_slice/dq_loop[2].u_iobuf_dq/opit_1" success.
I: IDLAY of "I_ips_ddr_top/u_ddrphy_top/ddrphy_slice_top/i_dqs_group[1].ddrphy_data_slice/dq_loop[3].u_iodelay_dq/iodelay_inst" has been packed in "IDLAY" of IOL "I_ips_ddr_top/u_ddrphy_top/ddrphy_slice_top/i_dqs_group[1].ddrphy_data_slice/dq_loop[3].u_iobuf_dq/opit_1" success.
I: IDLAY of "I_ips_ddr_top/u_ddrphy_top/ddrphy_slice_top/i_dqs_group[1].ddrphy_data_slice/dq_loop[4].u_iodelay_dq/iodelay_inst" has been packed in "IDLAY" of IOL "I_ips_ddr_top/u_ddrphy_top/ddrphy_slice_top/i_dqs_group[1].ddrphy_data_slice/dq_loop[4].u_iobuf_dq/opit_1" success.
I: IDLAY of "I_ips_ddr_top/u_ddrphy_top/ddrphy_slice_top/i_dqs_group[1].ddrphy_data_slice/dq_loop[5].u_iodelay_dq/iodelay_inst" has been packed in "IDLAY" of IOL "I_ips_ddr_top/u_ddrphy_top/ddrphy_slice_top/i_dqs_group[1].ddrphy_data_slice/dq_loop[5].u_iobuf_dq/opit_1" success.
I: IDLAY of "I_ips_ddr_top/u_ddrphy_top/ddrphy_slice_top/i_dqs_group[1].ddrphy_data_slice/dq_loop[6].u_iodelay_dq/iodelay_inst" has been packed in "IDLAY" of IOL "I_ips_ddr_top/u_ddrphy_top/ddrphy_slice_top/i_dqs_group[1].ddrphy_data_slice/dq_loop[6].u_iobuf_dq/opit_1" success.
I: IDLAY of "I_ips_ddr_top/u_ddrphy_top/ddrphy_slice_top/i_dqs_group[1].ddrphy_data_slice/dq_loop[7].u_iodelay_dq/iodelay_inst" has been packed in "IDLAY" of IOL "I_ips_ddr_top/u_ddrphy_top/ddrphy_slice_top/i_dqs_group[1].ddrphy_data_slice/dq_loop[7].u_iobuf_dq/opit_1" success.
I: OSERDES "I_ips_ddr_top/u_ddrphy_top/ddrphy_slice_top/i_mem_addr_0[0].u_oserdes_addr/oserdes_inst" has been packed in "ODDR" of IOL "I_ips_ddr_top/u_ddrphy_top/ddrphy_slice_top/i_mem_addr_0[0].u_outbuft_addr0/opit_1" success.
I: OSERDES "I_ips_ddr_top/u_ddrphy_top/ddrphy_slice_top/i_mem_addr_0[1].u_oserdes_addr/oserdes_inst" has been packed in "ODDR" of IOL "I_ips_ddr_top/u_ddrphy_top/ddrphy_slice_top/i_mem_addr_0[1].u_outbuft_addr0/opit_1" success.
I: OSERDES "I_ips_ddr_top/u_ddrphy_top/ddrphy_slice_top/i_mem_addr_0[2].u_oserdes_addr/oserdes_inst" has been packed in "ODDR" of IOL "I_ips_ddr_top/u_ddrphy_top/ddrphy_slice_top/i_mem_addr_0[2].u_outbuft_addr0/opit_1" success.
I: OSERDES "I_ips_ddr_top/u_ddrphy_top/ddrphy_slice_top/i_mem_addr_0[3].u_oserdes_addr/oserdes_inst" has been packed in "ODDR" of IOL "I_ips_ddr_top/u_ddrphy_top/ddrphy_slice_top/i_mem_addr_0[3].u_outbuft_addr0/opit_1" success.
I: OSERDES "I_ips_ddr_top/u_ddrphy_top/ddrphy_slice_top/i_mem_addr_0[4].u_oserdes_addr/oserdes_inst" has been packed in "ODDR" of IOL "I_ips_ddr_top/u_ddrphy_top/ddrphy_slice_top/i_mem_addr_0[4].u_outbuft_addr0/opit_1" success.
I: OSERDES "I_ips_ddr_top/u_ddrphy_top/ddrphy_slice_top/i_mem_addr_0[5].u_oserdes_addr/oserdes_inst" has been packed in "ODDR" of IOL "I_ips_ddr_top/u_ddrphy_top/ddrphy_slice_top/i_mem_addr_0[5].u_outbuft_addr0/opit_1" success.
I: OSERDES "I_ips_ddr_top/u_ddrphy_top/ddrphy_slice_top/i_mem_addr_0[6].u_oserdes_addr/oserdes_inst" has been packed in "ODDR" of IOL "I_ips_ddr_top/u_ddrphy_top/ddrphy_slice_top/i_mem_addr_0[6].u_outbuft_addr0/opit_1" success.
I: OSERDES "I_ips_ddr_top/u_ddrphy_top/ddrphy_slice_top/i_mem_addr_0[7].u_oserdes_addr/oserdes_inst" has been packed in "ODDR" of IOL "I_ips_ddr_top/u_ddrphy_top/ddrphy_slice_top/i_mem_addr_0[7].u_outbuft_addr0/opit_1" success.
I: OSERDES "I_ips_ddr_top/u_ddrphy_top/ddrphy_slice_top/i_mem_addr_0[8].u_oserdes_addr/oserdes_inst" has been packed in "ODDR" of IOL "I_ips_ddr_top/u_ddrphy_top/ddrphy_slice_top/i_mem_addr_0[8].u_outbuft_addr0/opit_1" success.
I: OSERDES "I_ips_ddr_top/u_ddrphy_top/ddrphy_slice_top/i_mem_addr_0[9].u_oserdes_addr/oserdes_inst" has been packed in "ODDR" of IOL "I_ips_ddr_top/u_ddrphy_top/ddrphy_slice_top/i_mem_addr_0[9].u_outbuft_addr0/opit_1" success.
I: OSERDES "I_ips_ddr_top/u_ddrphy_top/ddrphy_slice_top/i_mem_addr_0[10].u_oserdes_addr/oserdes_inst" has been packed in "ODDR" of IOL "I_ips_ddr_top/u_ddrphy_top/ddrphy_slice_top/i_mem_addr_0[10].u_outbuft_addr0/opit_1" success.
I: OSERDES "I_ips_ddr_top/u_ddrphy_top/ddrphy_slice_top/i_mem_addr_0[11].u_oserdes_addr/oserdes_inst" has been packed in "ODDR" of IOL "I_ips_ddr_top/u_ddrphy_top/ddrphy_slice_top/i_mem_addr_0[11].u_outbuft_addr0/opit_1" success.
I: OSERDES "I_ips_ddr_top/u_ddrphy_top/ddrphy_slice_top/i_mem_addr_0[12].u_oserdes_addr/oserdes_inst" has been packed in "ODDR" of IOL "I_ips_ddr_top/u_ddrphy_top/ddrphy_slice_top/i_mem_addr_0[12].u_outbuft_addr0/opit_1" success.
I: OSERDES "I_ips_ddr_top/u_ddrphy_top/ddrphy_slice_top/i_mem_addr_0[13].u_oserdes_addr/oserdes_inst" has been packed in "ODDR" of IOL "I_ips_ddr_top/u_ddrphy_top/ddrphy_slice_top/i_mem_addr_0[13].u_outbuft_addr0/opit_1" success.
I: OSERDES "I_ips_ddr_top/u_ddrphy_top/ddrphy_slice_top/i_mem_addr_0[14].u_oserdes_addr/oserdes_inst" has been packed in "ODDR" of IOL "I_ips_ddr_top/u_ddrphy_top/ddrphy_slice_top/i_mem_addr_0[14].u_outbuft_addr0/opit_1" success.
I: OSERDES "I_ips_ddr_top/u_ddrphy_top/ddrphy_slice_top/k_mem_ba[0].u_oserdes_ba/oserdes_inst" has been packed in "ODDR" of IOL "I_ips_ddr_top/u_ddrphy_top/ddrphy_slice_top/k_mem_ba[0].u_outbuft_ba/opit_1" success.
I: OSERDES "I_ips_ddr_top/u_ddrphy_top/ddrphy_slice_top/k_mem_ba[1].u_oserdes_ba/oserdes_inst" has been packed in "ODDR" of IOL "I_ips_ddr_top/u_ddrphy_top/ddrphy_slice_top/k_mem_ba[1].u_outbuft_ba/opit_1" success.
I: OSERDES "I_ips_ddr_top/u_ddrphy_top/ddrphy_slice_top/k_mem_ba[2].u_oserdes_ba/oserdes_inst" has been packed in "ODDR" of IOL "I_ips_ddr_top/u_ddrphy_top/ddrphy_slice_top/k_mem_ba[2].u_outbuft_ba/opit_1" success.
I: OSERDES "I_ips_ddr_top/u_ddrphy_top/ddrphy_slice_top/u_oserdes_casn/oserdes_inst" has been packed in "ODDR" of IOL "I_ips_ddr_top/u_ddrphy_top/ddrphy_slice_top/u_outbuft_casn/opit_1" success.
I: OSERDES "I_ips_ddr_top/u_ddrphy_top/ddrphy_slice_top/u_oserdes_cke/oserdes_inst" has been packed in "ODDR" of IOL "I_ips_ddr_top/u_ddrphy_top/ddrphy_slice_top/u_outbuft_cke/opit_1" success.
I: OSERDES "I_ips_ddr_top/u_ddrphy_top/ddrphy_slice_top/u_oserdes_csn/oserdes_inst" has been packed in "ODDR" of IOL "I_ips_ddr_top/u_ddrphy_top/ddrphy_slice_top/u_outbuft_csn/opit_1" success.
I: OSERDES "I_ips_ddr_top/u_ddrphy_top/ddrphy_slice_top/u_oserdes_odt/oserdes_inst" has been packed in "ODDR" of IOL "I_ips_ddr_top/u_ddrphy_top/ddrphy_slice_top/u_outbuft_odt/opit_1" success.
I: OSERDES "I_ips_ddr_top/u_ddrphy_top/ddrphy_slice_top/u_oserdes_rasn/oserdes_inst" has been packed in "ODDR" of IOL "I_ips_ddr_top/u_ddrphy_top/ddrphy_slice_top/u_outbuft_rasn/opit_1" success.
I: OSERDES "I_ips_ddr_top/u_ddrphy_top/ddrphy_slice_top/u_oserdes_wen/oserdes_inst" has been packed in "ODDR" of IOL "I_ips_ddr_top/u_ddrphy_top/ddrphy_slice_top/u_outbuft_wen/opit_1" success.
I: OSERDES "I_ips_ddr_top/u_ddrphy_top/ddrphy_slice_top/i_dqs_group[1].ddrphy_data_slice/u_oserdes_dqs/oserdes_inst" has been packed in "ODDR" of IOL "I_ips_ddr_top/u_ddrphy_top/ddrphy_slice_top/i_dqs_group[1].ddrphy_data_slice/genblk1.u_iobufco_dqs/opit_2" success.
I: OSERDES "I_ips_ddr_top/u_ddrphy_top/ddrphy_slice_top/i_dqs_group[1].ddrphy_data_slice/u_oserdes_dm/oserdes_inst" has been packed in "ODDR" of IOL "I_ips_ddr_top/u_ddrphy_top/ddrphy_slice_top/i_dqs_group[1].ddrphy_data_slice/u_outbuft_dm/opit_1" success.
I: OSERDES "I_ips_ddr_top/u_ddrphy_top/ddrphy_slice_top/u_oserdes_ck/oserdes_inst" has been packed in "ODDR" of IOL "I_ips_ddr_top/u_ddrphy_top/ddrphy_slice_top/u_outbuftco_ck/opit_3" success.
I: ISERDES "I_ips_ddr_top/u_ddrphy_top/ddrphy_slice_top/i_dqs_group[0].ddrphy_data_slice/dq_loop[0].u_iserdes_dq/iserdes_inst" has been packed in "IDDR" of IOL "I_ips_ddr_top/u_ddrphy_top/ddrphy_slice_top/i_dqs_group[0].ddrphy_data_slice/dq_loop[0].u_iobuf_dq/opit_1" success.
I: OSERDES "I_ips_ddr_top/u_ddrphy_top/ddrphy_slice_top/i_dqs_group[0].ddrphy_data_slice/dq_loop[0].u_oserdes_dq/oserdes_inst" has been packed in "ODDR" of IOL "I_ips_ddr_top/u_ddrphy_top/ddrphy_slice_top/i_dqs_group[0].ddrphy_data_slice/dq_loop[0].u_iobuf_dq/opit_1" success.
I: ISERDES "I_ips_ddr_top/u_ddrphy_top/ddrphy_slice_top/i_dqs_group[0].ddrphy_data_slice/dq_loop[1].u_iserdes_dq/iserdes_inst" has been packed in "IDDR" of IOL "I_ips_ddr_top/u_ddrphy_top/ddrphy_slice_top/i_dqs_group[0].ddrphy_data_slice/dq_loop[1].u_iobuf_dq/opit_1" success.
I: OSERDES "I_ips_ddr_top/u_ddrphy_top/ddrphy_slice_top/i_dqs_group[0].ddrphy_data_slice/dq_loop[1].u_oserdes_dq/oserdes_inst" has been packed in "ODDR" of IOL "I_ips_ddr_top/u_ddrphy_top/ddrphy_slice_top/i_dqs_group[0].ddrphy_data_slice/dq_loop[1].u_iobuf_dq/opit_1" success.
I: ISERDES "I_ips_ddr_top/u_ddrphy_top/ddrphy_slice_top/i_dqs_group[0].ddrphy_data_slice/dq_loop[2].u_iserdes_dq/iserdes_inst" has been packed in "IDDR" of IOL "I_ips_ddr_top/u_ddrphy_top/ddrphy_slice_top/i_dqs_group[0].ddrphy_data_slice/dq_loop[2].u_iobuf_dq/opit_1" success.
I: OSERDES "I_ips_ddr_top/u_ddrphy_top/ddrphy_slice_top/i_dqs_group[0].ddrphy_data_slice/dq_loop[2].u_oserdes_dq/oserdes_inst" has been packed in "ODDR" of IOL "I_ips_ddr_top/u_ddrphy_top/ddrphy_slice_top/i_dqs_group[0].ddrphy_data_slice/dq_loop[2].u_iobuf_dq/opit_1" success.
I: ISERDES "I_ips_ddr_top/u_ddrphy_top/ddrphy_slice_top/i_dqs_group[0].ddrphy_data_slice/dq_loop[3].u_iserdes_dq/iserdes_inst" has been packed in "IDDR" of IOL "I_ips_ddr_top/u_ddrphy_top/ddrphy_slice_top/i_dqs_group[0].ddrphy_data_slice/dq_loop[3].u_iobuf_dq/opit_1" success.
I: OSERDES "I_ips_ddr_top/u_ddrphy_top/ddrphy_slice_top/i_dqs_group[0].ddrphy_data_slice/dq_loop[3].u_oserdes_dq/oserdes_inst" has been packed in "ODDR" of IOL "I_ips_ddr_top/u_ddrphy_top/ddrphy_slice_top/i_dqs_group[0].ddrphy_data_slice/dq_loop[3].u_iobuf_dq/opit_1" success.
I: ISERDES "I_ips_ddr_top/u_ddrphy_top/ddrphy_slice_top/i_dqs_group[0].ddrphy_data_slice/dq_loop[4].u_iserdes_dq/iserdes_inst" has been packed in "IDDR" of IOL "I_ips_ddr_top/u_ddrphy_top/ddrphy_slice_top/i_dqs_group[0].ddrphy_data_slice/dq_loop[4].u_iobuf_dq/opit_1" success.
I: OSERDES "I_ips_ddr_top/u_ddrphy_top/ddrphy_slice_top/i_dqs_group[0].ddrphy_data_slice/dq_loop[4].u_oserdes_dq/oserdes_inst" has been packed in "ODDR" of IOL "I_ips_ddr_top/u_ddrphy_top/ddrphy_slice_top/i_dqs_group[0].ddrphy_data_slice/dq_loop[4].u_iobuf_dq/opit_1" success.
I: ISERDES "I_ips_ddr_top/u_ddrphy_top/ddrphy_slice_top/i_dqs_group[0].ddrphy_data_slice/dq_loop[5].u_iserdes_dq/iserdes_inst" has been packed in "IDDR" of IOL "I_ips_ddr_top/u_ddrphy_top/ddrphy_slice_top/i_dqs_group[0].ddrphy_data_slice/dq_loop[5].u_iobuf_dq/opit_1" success.
I: OSERDES "I_ips_ddr_top/u_ddrphy_top/ddrphy_slice_top/i_dqs_group[0].ddrphy_data_slice/dq_loop[5].u_oserdes_dq/oserdes_inst" has been packed in "ODDR" of IOL "I_ips_ddr_top/u_ddrphy_top/ddrphy_slice_top/i_dqs_group[0].ddrphy_data_slice/dq_loop[5].u_iobuf_dq/opit_1" success.
I: ISERDES "I_ips_ddr_top/u_ddrphy_top/ddrphy_slice_top/i_dqs_group[0].ddrphy_data_slice/dq_loop[6].u_iserdes_dq/iserdes_inst" has been packed in "IDDR" of IOL "I_ips_ddr_top/u_ddrphy_top/ddrphy_slice_top/i_dqs_group[0].ddrphy_data_slice/dq_loop[6].u_iobuf_dq/opit_1" success.
I: OSERDES "I_ips_ddr_top/u_ddrphy_top/ddrphy_slice_top/i_dqs_group[0].ddrphy_data_slice/dq_loop[6].u_oserdes_dq/oserdes_inst" has been packed in "ODDR" of IOL "I_ips_ddr_top/u_ddrphy_top/ddrphy_slice_top/i_dqs_group[0].ddrphy_data_slice/dq_loop[6].u_iobuf_dq/opit_1" success.
I: ISERDES "I_ips_ddr_top/u_ddrphy_top/ddrphy_slice_top/i_dqs_group[0].ddrphy_data_slice/dq_loop[7].u_iserdes_dq/iserdes_inst" has been packed in "IDDR" of IOL "I_ips_ddr_top/u_ddrphy_top/ddrphy_slice_top/i_dqs_group[0].ddrphy_data_slice/dq_loop[7].u_iobuf_dq/opit_1" success.
I: OSERDES "I_ips_ddr_top/u_ddrphy_top/ddrphy_slice_top/i_dqs_group[0].ddrphy_data_slice/dq_loop[7].u_oserdes_dq/oserdes_inst" has been packed in "ODDR" of IOL "I_ips_ddr_top/u_ddrphy_top/ddrphy_slice_top/i_dqs_group[0].ddrphy_data_slice/dq_loop[7].u_iobuf_dq/opit_1" success.
I: OSERDES "I_ips_ddr_top/u_ddrphy_top/ddrphy_slice_top/i_dqs_group[0].ddrphy_data_slice/u_oserdes_dqs/oserdes_inst" has been packed in "ODDR" of IOL "I_ips_ddr_top/u_ddrphy_top/ddrphy_slice_top/i_dqs_group[0].ddrphy_data_slice/genblk1.u_iobufco_dqs/opit_2" success.
I: OSERDES "I_ips_ddr_top/u_ddrphy_top/ddrphy_slice_top/i_dqs_group[0].ddrphy_data_slice/u_oserdes_dm/oserdes_inst" has been packed in "ODDR" of IOL "I_ips_ddr_top/u_ddrphy_top/ddrphy_slice_top/i_dqs_group[0].ddrphy_data_slice/u_outbuft_dm/opit_1" success.
I: ISERDES "I_ips_ddr_top/u_ddrphy_top/ddrphy_slice_top/i_dqs_group[1].ddrphy_data_slice/dq_loop[0].u_iserdes_dq/iserdes_inst" has been packed in "IDDR" of IOL "I_ips_ddr_top/u_ddrphy_top/ddrphy_slice_top/i_dqs_group[1].ddrphy_data_slice/dq_loop[0].u_iobuf_dq/opit_1" success.
I: OSERDES "I_ips_ddr_top/u_ddrphy_top/ddrphy_slice_top/i_dqs_group[1].ddrphy_data_slice/dq_loop[0].u_oserdes_dq/oserdes_inst" has been packed in "ODDR" of IOL "I_ips_ddr_top/u_ddrphy_top/ddrphy_slice_top/i_dqs_group[1].ddrphy_data_slice/dq_loop[0].u_iobuf_dq/opit_1" success.
I: ISERDES "I_ips_ddr_top/u_ddrphy_top/ddrphy_slice_top/i_dqs_group[1].ddrphy_data_slice/dq_loop[1].u_iserdes_dq/iserdes_inst" has been packed in "IDDR" of IOL "I_ips_ddr_top/u_ddrphy_top/ddrphy_slice_top/i_dqs_group[1].ddrphy_data_slice/dq_loop[1].u_iobuf_dq/opit_1" success.
I: OSERDES "I_ips_ddr_top/u_ddrphy_top/ddrphy_slice_top/i_dqs_group[1].ddrphy_data_slice/dq_loop[1].u_oserdes_dq/oserdes_inst" has been packed in "ODDR" of IOL "I_ips_ddr_top/u_ddrphy_top/ddrphy_slice_top/i_dqs_group[1].ddrphy_data_slice/dq_loop[1].u_iobuf_dq/opit_1" success.
I: ISERDES "I_ips_ddr_top/u_ddrphy_top/ddrphy_slice_top/i_dqs_group[1].ddrphy_data_slice/dq_loop[2].u_iserdes_dq/iserdes_inst" has been packed in "IDDR" of IOL "I_ips_ddr_top/u_ddrphy_top/ddrphy_slice_top/i_dqs_group[1].ddrphy_data_slice/dq_loop[2].u_iobuf_dq/opit_1" success.
I: OSERDES "I_ips_ddr_top/u_ddrphy_top/ddrphy_slice_top/i_dqs_group[1].ddrphy_data_slice/dq_loop[2].u_oserdes_dq/oserdes_inst" has been packed in "ODDR" of IOL "I_ips_ddr_top/u_ddrphy_top/ddrphy_slice_top/i_dqs_group[1].ddrphy_data_slice/dq_loop[2].u_iobuf_dq/opit_1" success.
I: ISERDES "I_ips_ddr_top/u_ddrphy_top/ddrphy_slice_top/i_dqs_group[1].ddrphy_data_slice/dq_loop[3].u_iserdes_dq/iserdes_inst" has been packed in "IDDR" of IOL "I_ips_ddr_top/u_ddrphy_top/ddrphy_slice_top/i_dqs_group[1].ddrphy_data_slice/dq_loop[3].u_iobuf_dq/opit_1" success.
I: OSERDES "I_ips_ddr_top/u_ddrphy_top/ddrphy_slice_top/i_dqs_group[1].ddrphy_data_slice/dq_loop[3].u_oserdes_dq/oserdes_inst" has been packed in "ODDR" of IOL "I_ips_ddr_top/u_ddrphy_top/ddrphy_slice_top/i_dqs_group[1].ddrphy_data_slice/dq_loop[3].u_iobuf_dq/opit_1" success.
I: ISERDES "I_ips_ddr_top/u_ddrphy_top/ddrphy_slice_top/i_dqs_group[1].ddrphy_data_slice/dq_loop[4].u_iserdes_dq/iserdes_inst" has been packed in "IDDR" of IOL "I_ips_ddr_top/u_ddrphy_top/ddrphy_slice_top/i_dqs_group[1].ddrphy_data_slice/dq_loop[4].u_iobuf_dq/opit_1" success.
I: OSERDES "I_ips_ddr_top/u_ddrphy_top/ddrphy_slice_top/i_dqs_group[1].ddrphy_data_slice/dq_loop[4].u_oserdes_dq/oserdes_inst" has been packed in "ODDR" of IOL "I_ips_ddr_top/u_ddrphy_top/ddrphy_slice_top/i_dqs_group[1].ddrphy_data_slice/dq_loop[4].u_iobuf_dq/opit_1" success.
I: ISERDES "I_ips_ddr_top/u_ddrphy_top/ddrphy_slice_top/i_dqs_group[1].ddrphy_data_slice/dq_loop[5].u_iserdes_dq/iserdes_inst" has been packed in "IDDR" of IOL "I_ips_ddr_top/u_ddrphy_top/ddrphy_slice_top/i_dqs_group[1].ddrphy_data_slice/dq_loop[5].u_iobuf_dq/opit_1" success.
I: OSERDES "I_ips_ddr_top/u_ddrphy_top/ddrphy_slice_top/i_dqs_group[1].ddrphy_data_slice/dq_loop[5].u_oserdes_dq/oserdes_inst" has been packed in "ODDR" of IOL "I_ips_ddr_top/u_ddrphy_top/ddrphy_slice_top/i_dqs_group[1].ddrphy_data_slice/dq_loop[5].u_iobuf_dq/opit_1" success.
I: ISERDES "I_ips_ddr_top/u_ddrphy_top/ddrphy_slice_top/i_dqs_group[1].ddrphy_data_slice/dq_loop[6].u_iserdes_dq/iserdes_inst" has been packed in "IDDR" of IOL "I_ips_ddr_top/u_ddrphy_top/ddrphy_slice_top/i_dqs_group[1].ddrphy_data_slice/dq_loop[6].u_iobuf_dq/opit_1" success.
I: OSERDES "I_ips_ddr_top/u_ddrphy_top/ddrphy_slice_top/i_dqs_group[1].ddrphy_data_slice/dq_loop[6].u_oserdes_dq/oserdes_inst" has been packed in "ODDR" of IOL "I_ips_ddr_top/u_ddrphy_top/ddrphy_slice_top/i_dqs_group[1].ddrphy_data_slice/dq_loop[6].u_iobuf_dq/opit_1" success.
I: ISERDES "I_ips_ddr_top/u_ddrphy_top/ddrphy_slice_top/i_dqs_group[1].ddrphy_data_slice/dq_loop[7].u_iserdes_dq/iserdes_inst" has been packed in "IDDR" of IOL "I_ips_ddr_top/u_ddrphy_top/ddrphy_slice_top/i_dqs_group[1].ddrphy_data_slice/dq_loop[7].u_iobuf_dq/opit_1" success.
I: OSERDES "I_ips_ddr_top/u_ddrphy_top/ddrphy_slice_top/i_dqs_group[1].ddrphy_data_slice/dq_loop[7].u_oserdes_dq/oserdes_inst" has been packed in "ODDR" of IOL "I_ips_ddr_top/u_ddrphy_top/ddrphy_slice_top/i_dqs_group[1].ddrphy_data_slice/dq_loop[7].u_iobuf_dq/opit_1" success.
Device Utilization Summary:
+-------------------------------------------------------------------------+
| Logic Utilization     | Used      | Available     | Utilization(%)     
+-------------------------------------------------------------------------+
| APM                   | 74        | 240           | 31                 
| FF                    | 11398     | 133200        | 9                  
| LUT                   | 11903     | 66600         | 18                 
| Distributed RAM       | 1918      | 19900         | 10                 
| DRM                   | 72        | 155           | 47                 
| IO                    | 109       | 285           | 39                 
| RCKB                  | 2         | 24            | 9                  
| SCANCHAIN             | 1         | 1             | 100                
| USCM                  | 14        | 32            | 44                 
| CCS                   | 1         | 1             | 100                
| ADC                   | 0         | 1             | 0                  
| DDR_PHY               | 5         | 24            | 21                 
| HSSTLP                | 0.5       | 1             | 50                 
| GPLL                  | 5         | 6             | 84                 
| PPLL                  | 2         | 6             | 34                 
| DDRPHY_CPD            | 1         | 12            | 9                  
| HCKB                  | 0         | 96            | 0                  
| IOCKB                 | 0         | 24            | 0                  
| MRCKB                 | 1         | 12            | 9                  
| PCIE                  | 1         | 1             | 100                
| DDRPHY_IOCLK_DIV      | 2         | 6             | 34                 
| ANALOG                | 0         | 1             | 0                  
| TSERDES               | 10        | 48            | 21                 
| KEYRAM                | 0         | 1             | 0                  
+-------------------------------------------------------------------------+

Device mapping done.
Total device mapping takes 10.56 sec.

Design 'image_pcie_capture' has been successfully mapped to architecture-specific objects.
Saving design to DB.
W: Public-4010: Pcf file G:/fpga_competition/image_recognition/fpga/fpga_pcie_ov5640/project/device_map/image_pcie_capture.pcf has been covered.
Action dev_map: Real time elapsed is 0h:1m:36s
Action dev_map: CPU time elapsed is 0h:0m:44s
Action dev_map: Process CPU time elapsed is 0h:0m:46s
Current time: Fri Nov 21 22:26:24 2025
Action dev_map: Peak memory pool usage is 649 MB
