IP Generator (Version 2022.2-SP6.4 build 146967)
Check out license ...
Start generating at 2025-10-26 14:31
Instance: blk_mem_gen_0 (F:\zi_guang\image_recognition_10252356\image_recognition\fpga\fpga_pcie_ov5640\project\ipcore\blk_mem_gen_0\blk_mem_gen_0.idf)
IP: Pango Distributed Simple Dual Port RAM (1.3)
Part: Logos2-PG2L100H-FBG484--6
Create directory 'rtl' ...
Copy 'rtl\ipm_distributed_sdpram_v1_3.v.xml' to 'rtl' ...
Compile file 'rtl\ipm_distributed_sdpram_v1_3.v.xml' to 'rtl\ipm_distributed_sdpram_v1_3_blk_mem_gen_0.v' ...
Copy 'ipm_distributed_sdpram_wrapper_v1_3.v.xml' ...
Copy 'ipm_distributed_sdpram_wrapper_v1_2_tb.v.xml' ...
Copy 'init_param_bin_exmp.dat' ...
Copy 'init_param_hex_exmp.dat' ...
Compile file 'ipm_distributed_sdpram_wrapper_v1_3.v.xml' to 'blk_mem_gen_0.v' ...
Found top module 'blk_mem_gen_0' in file 'blk_mem_gen_0.v'.
Compile file 'ipm_distributed_sdpram_wrapper_v1_2_tb.v.xml' to 'blk_mem_gen_0_tb.v' ...
Create template file 'blk_mem_gen_0_tmpl.v' ...
Create template file 'blk_mem_gen_0_tmpl.vhdl' ...
There are 2 source files to synthesize.
Synthesis is disabled.
Done: 0 error(s), 0 warning(s)
