---------------------------------------------------------------------------------------------------------------------------------------------------------------------------------------------------------------------------------------------------------------------
Notes: 
  Total_num: the numbers of add/sub in rtl
  Module Name: the module name of the instantiated module calling directly the add/sub sub module
  Location/Inst Name: if linefile info exists(no optimization), print the codes location of add/sub in rtl, else print the inst name
  Count: the amount of lutcarry for add/sub
  Number: the numbers of add/sub with the same lutcarry counts and linefile

Detailed RTL Component Info :
-----Add :
               Total_Num :148
-----Sub :
               Total_Num :31
-----AddSub :
               Total_Num :0

Add_Sub_AddSub: Initial Mapping Report :
|----------------------------------------------|---------|---------|---------|---------------------------------------------------------------------------------------------------------------------------------------------------------|
|Module Name                                   |Type     |Count    |Number   |Location/Inst Name                                                                                                                                       |
|----------------------------------------------|---------|---------|---------|---------------------------------------------------------------------------------------------------------------------------------------------------------|
|RAMshfit_taps_u1                              |Add      |10       |7        |../../source/martix/RAMshift_taps.v:31                                                                                                                   |
|----------------------------------------------|---------|---------|---------|---------------------------------------------------------------------------------------------------------------------------------------------------------|
|RGB888_YCbCr_cnn                              |Add      |11       |1        |../../source/cnn/RGB888_YCbCr_cnn.v:88                                                                                                                   |
|----------------------------------------------|---------|---------|---------|---------------------------------------------------------------------------------------------------------------------------------------------------------|
|RGB888_YCbCr_cnn                              |Add      |10       |1        |../../source/cnn/RGB888_YCbCr_cnn.v:94                                                                                                                   |
|----------------------------------------------|---------|---------|---------|---------------------------------------------------------------------------------------------------------------------------------------------------------|
|RGB888_YCbCr_cnn                              |Add      |12       |1        |u_cnn_top/RGB888_YCbCr_cnn/N107_2                                                                                                                        |
|----------------------------------------------|---------|---------|---------|---------------------------------------------------------------------------------------------------------------------------------------------------------|
|RGB888_YCbCr_cnn                              |Add      |14       |1        |u_cnn_top/RGB888_YCbCr_cnn/N107_3                                                                                                                        |
|----------------------------------------------|---------|---------|---------|---------------------------------------------------------------------------------------------------------------------------------------------------------|
|RGB888_YCbCr_cnn                              |Add      |11       |1        |u_cnn_top/RGB888_YCbCr_cnn/N47_3                                                                                                                         |
|----------------------------------------------|---------|---------|---------|---------------------------------------------------------------------------------------------------------------------------------------------------------|
|U_ipm2l_fifo_ctrl                             |Add      |12       |1        |../ipcore/R_FIFO_128i_128o/rtl/ipm2l_fifo_ctrl_v1_1_R_FIFO_128i_128o.v:147                                                                               |
|----------------------------------------------|---------|---------|---------|---------------------------------------------------------------------------------------------------------------------------------------------------------|
|U_ipm2l_fifo_ctrl                             |Add      |12       |1        |../ipcore/R_FIFO_128i_128o/rtl/ipm2l_fifo_ctrl_v1_1_R_FIFO_128i_128o.v:95                                                                                |
|----------------------------------------------|---------|---------|---------|---------------------------------------------------------------------------------------------------------------------------------------------------------|
|U_ipm2l_fifo_ctrl                             |Add      |12       |4        |../ipcore/W_FIFO_16i_128o/rtl/ipm2l_fifo_ctrl_v1_1_W_FIFO_16i_128o.v:147                                                                                 |
|----------------------------------------------|---------|---------|---------|---------------------------------------------------------------------------------------------------------------------------------------------------------|
|U_ipm2l_fifo_ctrl                             |Add      |15       |4        |../ipcore/W_FIFO_16i_128o/rtl/ipm2l_fifo_ctrl_v1_1_W_FIFO_16i_128o.v:95                                                                                  |
|----------------------------------------------|---------|---------|---------|---------------------------------------------------------------------------------------------------------------------------------------------------------|
|U_ipm2l_fifo_ctrl                             |Sub      |12       |1        |u_axi4_ctrl/u_R_FIFO/U_ipm2l_fifo_R_FIFO_128i_128o/U_ipm2l_fifo_ctrl/N286_5                                                                              |
|----------------------------------------------|---------|---------|---------|---------------------------------------------------------------------------------------------------------------------------------------------------------|
|U_ipm2l_fifo_ctrl                             |Sub      |12       |1        |u_axi4_ctrl/u_fifo_ch0/U_ipm2l_fifo_W_FIFO_16i_128o/U_ipm2l_fifo_ctrl/N338_5                                                                             |
|----------------------------------------------|---------|---------|---------|---------------------------------------------------------------------------------------------------------------------------------------------------------|
|U_ipm2l_fifo_ctrl                             |Sub      |12       |1        |u_axi4_ctrl/u_fifo_ch1/U_ipm2l_fifo_W_FIFO_16i_128o/U_ipm2l_fifo_ctrl/N338_5                                                                             |
|----------------------------------------------|---------|---------|---------|---------------------------------------------------------------------------------------------------------------------------------------------------------|
|U_ipm2l_fifo_ctrl                             |Sub      |12       |1        |u_axi4_ctrl/u_fifo_ch2/U_ipm2l_fifo_W_FIFO_16i_128o/U_ipm2l_fifo_ctrl/N338_5                                                                             |
|----------------------------------------------|---------|---------|---------|---------------------------------------------------------------------------------------------------------------------------------------------------------|
|U_ipm2l_fifo_ctrl                             |Sub      |12       |1        |u_axi4_ctrl/u_fifo_ch3/U_ipm2l_fifo_W_FIFO_16i_128o/U_ipm2l_fifo_ctrl/N338_5                                                                             |
|----------------------------------------------|---------|---------|---------|---------------------------------------------------------------------------------------------------------------------------------------------------------|
|cmos1cmos2_power_on_delay                     |Add      |19       |1        |../../source/ov5640/rtl/power_on_delay.v:48                                                                                                              |
|----------------------------------------------|---------|---------|---------|---------------------------------------------------------------------------------------------------------------------------------------------------------|
|cmos1cmos2_power_on_delay                     |Add      |16       |1        |../../source/ov5640/rtl/power_on_delay.v:62                                                                                                              |
|----------------------------------------------|---------|---------|---------|---------------------------------------------------------------------------------------------------------------------------------------------------------|
|cmos2_reg_config                              |Add      |12       |1        |../../source/ov5640/rtl/reg_config.v:44                                                                                                                  |
|----------------------------------------------|---------|---------|---------|---------------------------------------------------------------------------------------------------------------------------------------------------------|
|conv1_1                                       |Add      |20       |1        |../../source/cnn/conv_2channel_7.v:170                                                                                                                   |
|----------------------------------------------|---------|---------|---------|---------------------------------------------------------------------------------------------------------------------------------------------------------|
|conv1_1                                       |Add      |21       |1        |../../source/cnn/conv_2channel_7.v:170                                                                                                                   |
|----------------------------------------------|---------|---------|---------|---------------------------------------------------------------------------------------------------------------------------------------------------------|
|conv1_1                                       |Add      |16       |1        |u_cnn_top/conv_top/conv1/conv1_1/N51_4                                                                                                                   |
|----------------------------------------------|---------|---------|---------|---------------------------------------------------------------------------------------------------------------------------------------------------------|
|conv1_1                                       |Add      |17       |1        |u_cnn_top/conv_top/conv1/conv1_1/N51_5                                                                                                                   |
|----------------------------------------------|---------|---------|---------|---------------------------------------------------------------------------------------------------------------------------------------------------------|
|conv1_1                                       |Add      |17       |1        |u_cnn_top/conv_top/conv1/conv1_1/N56_4                                                                                                                   |
|----------------------------------------------|---------|---------|---------|---------------------------------------------------------------------------------------------------------------------------------------------------------|
|conv1_1                                       |Add      |18       |1        |u_cnn_top/conv_top/conv1/conv1_1/N56_5                                                                                                                   |
|----------------------------------------------|---------|---------|---------|---------------------------------------------------------------------------------------------------------------------------------------------------------|
|conv1_1                                       |Add      |15       |1        |u_cnn_top/conv_top/conv1/conv1_1/N61_4                                                                                                                   |
|----------------------------------------------|---------|---------|---------|---------------------------------------------------------------------------------------------------------------------------------------------------------|
|conv1_1                                       |Add      |17       |1        |u_cnn_top/conv_top/conv1/conv1_1/N61_5                                                                                                                   |
|----------------------------------------------|---------|---------|---------|---------------------------------------------------------------------------------------------------------------------------------------------------------|
|conv1_1                                       |Add      |19       |1        |u_cnn_top/conv_top/conv1/conv1_1/N65_3                                                                                                                   |
|----------------------------------------------|---------|---------|---------|---------------------------------------------------------------------------------------------------------------------------------------------------------|
|conv1_1                                       |Sub      |17       |1        |u_cnn_top/conv_top/conv1/conv1_1/N65_4                                                                                                                   |
|----------------------------------------------|---------|---------|---------|---------------------------------------------------------------------------------------------------------------------------------------------------------|
|conv1_1                                       |Sub      |21       |1        |u_cnn_top/conv_top/conv1/conv1_1/N65_5                                                                                                                   |
|----------------------------------------------|---------|---------|---------|---------------------------------------------------------------------------------------------------------------------------------------------------------|
|conv1_1                                       |Sub      |25       |1        |u_cnn_top/conv_top/conv7/conv1_1/N111_1                                                                                                                  |
|----------------------------------------------|---------|---------|---------|---------------------------------------------------------------------------------------------------------------------------------------------------------|
|conv1_1                                       |Sub      |19       |1        |u_cnn_top/conv_top/conv7/conv1_1/N111_2                                                                                                                  |
|----------------------------------------------|---------|---------|---------|---------------------------------------------------------------------------------------------------------------------------------------------------------|
|conv1_1                                       |Add      |20       |1        |u_cnn_top/conv_top/conv7/conv1_1/N116_4                                                                                                                  |
|----------------------------------------------|---------|---------|---------|---------------------------------------------------------------------------------------------------------------------------------------------------------|
|conv1_1                                       |Add      |21       |1        |u_cnn_top/conv_top/conv7/conv1_1/N116_5                                                                                                                  |
|----------------------------------------------|---------|---------|---------|---------------------------------------------------------------------------------------------------------------------------------------------------------|
|conv1_1                                       |Sub      |25       |1        |u_cnn_top/conv_top/conv7/conv1_1/N121_1                                                                                                                  |
|----------------------------------------------|---------|---------|---------|---------------------------------------------------------------------------------------------------------------------------------------------------------|
|conv1_1                                       |Sub      |19       |1        |u_cnn_top/conv_top/conv7/conv1_1/N121_2                                                                                                                  |
|----------------------------------------------|---------|---------|---------|---------------------------------------------------------------------------------------------------------------------------------------------------------|
|conv1_1                                       |Add      |26       |1        |u_cnn_top/conv_top/conv7/conv1_1/N130_3                                                                                                                  |
|----------------------------------------------|---------|---------|---------|---------------------------------------------------------------------------------------------------------------------------------------------------------|
|conv1_1                                       |Add      |26       |1        |u_cnn_top/conv_top/conv7/conv1_1/N130_4                                                                                                                  |
|----------------------------------------------|---------|---------|---------|---------------------------------------------------------------------------------------------------------------------------------------------------------|
|conv1_1                                       |Add      |26       |1        |u_cnn_top/conv_top/conv7/conv1_1/N130_5                                                                                                                  |
|----------------------------------------------|---------|---------|---------|---------------------------------------------------------------------------------------------------------------------------------------------------------|
|conv1_1                                       |Add      |26       |1        |u_cnn_top/conv_top/conv7/conv1_1/N130_6                                                                                                                  |
|----------------------------------------------|---------|---------|---------|---------------------------------------------------------------------------------------------------------------------------------------------------------|
|conv1_1                                       |Add      |26       |1        |u_cnn_top/conv_top/conv7/conv1_1/N130_7                                                                                                                  |
|----------------------------------------------|---------|---------|---------|---------------------------------------------------------------------------------------------------------------------------------------------------------|
|conv1_1                                       |Add      |23       |1        |u_cnn_top/conv_top/conv7/conv1_1/N130_8                                                                                                                  |
|----------------------------------------------|---------|---------|---------|---------------------------------------------------------------------------------------------------------------------------------------------------------|
|conv1_1                                       |Sub      |26       |1        |u_cnn_top/conv_top/conv7/conv1_1/N60_1                                                                                                                   |
|----------------------------------------------|---------|---------|---------|---------------------------------------------------------------------------------------------------------------------------------------------------------|
|conv1_1                                       |Sub      |19       |1        |u_cnn_top/conv_top/conv7/conv1_1/N60_2                                                                                                                   |
|----------------------------------------------|---------|---------|---------|---------------------------------------------------------------------------------------------------------------------------------------------------------|
|conv1_1                                       |Sub      |26       |1        |u_cnn_top/conv_top/conv7/conv1_1/N70_1                                                                                                                   |
|----------------------------------------------|---------|---------|---------|---------------------------------------------------------------------------------------------------------------------------------------------------------|
|conv1_1                                       |Sub      |19       |1        |u_cnn_top/conv_top/conv7/conv1_1/N70_2                                                                                                                   |
|----------------------------------------------|---------|---------|---------|---------------------------------------------------------------------------------------------------------------------------------------------------------|
|conv1_2                                       |Add      |16       |1        |u_cnn_top/conv_top/conv1/conv1_2/N51_4                                                                                                                   |
|----------------------------------------------|---------|---------|---------|---------------------------------------------------------------------------------------------------------------------------------------------------------|
|conv1_2                                       |Add      |17       |1        |u_cnn_top/conv_top/conv1/conv1_2/N51_5                                                                                                                   |
|----------------------------------------------|---------|---------|---------|---------------------------------------------------------------------------------------------------------------------------------------------------------|
|conv1_2                                       |Add      |17       |1        |u_cnn_top/conv_top/conv1/conv1_2/N56_4                                                                                                                   |
|----------------------------------------------|---------|---------|---------|---------------------------------------------------------------------------------------------------------------------------------------------------------|
|conv1_2                                       |Add      |18       |1        |u_cnn_top/conv_top/conv1/conv1_2/N56_5                                                                                                                   |
|----------------------------------------------|---------|---------|---------|---------------------------------------------------------------------------------------------------------------------------------------------------------|
|conv1_2                                       |Add      |15       |1        |u_cnn_top/conv_top/conv1/conv1_2/N61_4                                                                                                                   |
|----------------------------------------------|---------|---------|---------|---------------------------------------------------------------------------------------------------------------------------------------------------------|
|conv1_2                                       |Add      |17       |1        |u_cnn_top/conv_top/conv1/conv1_2/N61_5                                                                                                                   |
|----------------------------------------------|---------|---------|---------|---------------------------------------------------------------------------------------------------------------------------------------------------------|
|conv1_2                                       |Add      |18       |1        |u_cnn_top/conv_top/conv1/conv1_2/N65_3                                                                                                                   |
|----------------------------------------------|---------|---------|---------|---------------------------------------------------------------------------------------------------------------------------------------------------------|
|conv1_2                                       |Add      |14       |1        |u_cnn_top/conv_top/conv1/conv1_2/N65_4                                                                                                                   |
|----------------------------------------------|---------|---------|---------|---------------------------------------------------------------------------------------------------------------------------------------------------------|
|conv1_2                                       |Add      |21       |1        |u_cnn_top/conv_top/conv1/conv1_2/N65_5                                                                                                                   |
|----------------------------------------------|---------|---------|---------|---------------------------------------------------------------------------------------------------------------------------------------------------------|
|conv1_3                                       |Add      |18       |1        |../../source/cnn/conv_2channel.v:169                                                                                                                     |
|----------------------------------------------|---------|---------|---------|---------------------------------------------------------------------------------------------------------------------------------------------------------|
|conv1_3                                       |Add      |19       |1        |../../source/cnn/conv_2channel.v:169                                                                                                                     |
|----------------------------------------------|---------|---------|---------|---------------------------------------------------------------------------------------------------------------------------------------------------------|
|conv1_3                                       |Add      |18       |1        |../../source/cnn/conv_2channel.v:170                                                                                                                     |
|----------------------------------------------|---------|---------|---------|---------------------------------------------------------------------------------------------------------------------------------------------------------|
|conv1_3                                       |Add      |19       |1        |../../source/cnn/conv_2channel.v:170                                                                                                                     |
|----------------------------------------------|---------|---------|---------|---------------------------------------------------------------------------------------------------------------------------------------------------------|
|conv1_3                                       |Add      |18       |1        |../../source/cnn/conv_2channel.v:171                                                                                                                     |
|----------------------------------------------|---------|---------|---------|---------------------------------------------------------------------------------------------------------------------------------------------------------|
|conv1_3                                       |Add      |19       |1        |../../source/cnn/conv_2channel.v:171                                                                                                                     |
|----------------------------------------------|---------|---------|---------|---------------------------------------------------------------------------------------------------------------------------------------------------------|
|conv1_3                                       |Add      |20       |1        |../../source/cnn/conv_2channel.v:240                                                                                                                     |
|----------------------------------------------|---------|---------|---------|---------------------------------------------------------------------------------------------------------------------------------------------------------|
|conv1_3                                       |Add      |21       |1        |u_cnn_top/conv_top/conv5/conv1_3/N116_4                                                                                                                  |
|----------------------------------------------|---------|---------|---------|---------------------------------------------------------------------------------------------------------------------------------------------------------|
|conv1_3                                       |Add      |21       |1        |u_cnn_top/conv_top/conv5/conv1_3/N116_7                                                                                                                  |
|----------------------------------------------|---------|---------|---------|---------------------------------------------------------------------------------------------------------------------------------------------------------|
|conv1_4                                       |Add      |17       |1        |../../source/cnn/conv_2channel.v:169                                                                                                                     |
|----------------------------------------------|---------|---------|---------|---------------------------------------------------------------------------------------------------------------------------------------------------------|
|conv1_4                                       |Add      |18       |1        |../../source/cnn/conv_2channel.v:169                                                                                                                     |
|----------------------------------------------|---------|---------|---------|---------------------------------------------------------------------------------------------------------------------------------------------------------|
|conv1_4                                       |Add      |18       |1        |../../source/cnn/conv_2channel.v:170                                                                                                                     |
|----------------------------------------------|---------|---------|---------|---------------------------------------------------------------------------------------------------------------------------------------------------------|
|conv1_4                                       |Add      |19       |1        |../../source/cnn/conv_2channel.v:170                                                                                                                     |
|----------------------------------------------|---------|---------|---------|---------------------------------------------------------------------------------------------------------------------------------------------------------|
|conv1_4                                       |Add      |18       |1        |../../source/cnn/conv_2channel.v:171                                                                                                                     |
|----------------------------------------------|---------|---------|---------|---------------------------------------------------------------------------------------------------------------------------------------------------------|
|conv1_4                                       |Add      |19       |1        |../../source/cnn/conv_2channel.v:171                                                                                                                     |
|----------------------------------------------|---------|---------|---------|---------------------------------------------------------------------------------------------------------------------------------------------------------|
|conv1_4                                       |Add      |18       |1        |../../source/cnn/conv_2channel.v:218                                                                                                                     |
|----------------------------------------------|---------|---------|---------|---------------------------------------------------------------------------------------------------------------------------------------------------------|
|conv1_4                                       |Add      |19       |1        |../../source/cnn/conv_2channel.v:218                                                                                                                     |
|----------------------------------------------|---------|---------|---------|---------------------------------------------------------------------------------------------------------------------------------------------------------|
|conv1_4                                       |Add      |19       |1        |../../source/cnn/conv_2channel.v:219                                                                                                                     |
|----------------------------------------------|---------|---------|---------|---------------------------------------------------------------------------------------------------------------------------------------------------------|
|conv1_4                                       |Add      |20       |1        |../../source/cnn/conv_2channel.v:219                                                                                                                     |
|----------------------------------------------|---------|---------|---------|---------------------------------------------------------------------------------------------------------------------------------------------------------|
|conv1_4                                       |Add      |18       |1        |../../source/cnn/conv_2channel.v:220                                                                                                                     |
|----------------------------------------------|---------|---------|---------|---------------------------------------------------------------------------------------------------------------------------------------------------------|
|conv1_4                                       |Add      |19       |1        |../../source/cnn/conv_2channel.v:220                                                                                                                     |
|----------------------------------------------|---------|---------|---------|---------------------------------------------------------------------------------------------------------------------------------------------------------|
|conv1_4                                       |Add      |20       |1        |../../source/cnn/conv_2channel.v:240                                                                                                                     |
|----------------------------------------------|---------|---------|---------|---------------------------------------------------------------------------------------------------------------------------------------------------------|
|conv1_4                                       |Add      |21       |1        |../../source/cnn/conv_2channel.v:240                                                                                                                     |
|----------------------------------------------|---------|---------|---------|---------------------------------------------------------------------------------------------------------------------------------------------------------|
|conv1_4                                       |Add      |21       |1        |u_cnn_top/conv_top/conv6/conv1_4/N116_4                                                                                                                  |
|----------------------------------------------|---------|---------|---------|---------------------------------------------------------------------------------------------------------------------------------------------------------|
|conv1_4                                       |Add      |21       |1        |u_cnn_top/conv_top/conv6/conv1_4/N116_7                                                                                                                  |
|----------------------------------------------|---------|---------|---------|---------------------------------------------------------------------------------------------------------------------------------------------------------|
|conv1_4                                       |Add      |23       |1        |u_cnn_top/conv_top/conv7/conv1_4/N116_5                                                                                                                  |
|----------------------------------------------|---------|---------|---------|---------------------------------------------------------------------------------------------------------------------------------------------------------|
|conv1_4                                       |Add      |21       |1        |u_cnn_top/conv_top/conv7/conv1_4/N116_6                                                                                                                  |
|----------------------------------------------|---------|---------|---------|---------------------------------------------------------------------------------------------------------------------------------------------------------|
|ddrphy_cpd_ctrl                               |Add      |10       |1        |../ipcore/ddr3/rtl/ddrphy/ips2l_ddrphy_cpd_ctrl_v1_3.vp:407                                                                                              |
|----------------------------------------------|---------|---------|---------|---------------------------------------------------------------------------------------------------------------------------------------------------------|
|ddrphy_data_slice_wrcal                       |Add      |10       |2        |../ipcore/ddr3/rtl/ddrphy/ips2l_ddrphy_data_slice_wrcal_v1_10.vp:598                                                                                     |
|----------------------------------------------|---------|---------|---------|---------------------------------------------------------------------------------------------------------------------------------------------------------|
|ddrphy_data_slice_wrcal                       |Add      |10       |2        |../ipcore/ddr3/rtl/ddrphy/ips2l_ddrphy_data_slice_wrcal_v1_10.vp:676                                                                                     |
|----------------------------------------------|---------|---------|---------|---------------------------------------------------------------------------------------------------------------------------------------------------------|
|ddrphy_dll_update_ctrl                        |Add      |19       |1        |../ipcore/ddr3/rtl/ddrphy/ips2l_ddrphy_dll_update_ctrl_v1_3.vp:263                                                                                       |
|----------------------------------------------|---------|---------|---------|---------------------------------------------------------------------------------------------------------------------------------------------------------|
|ddrphy_dqsi_rdel_cal                          |Add      |10       |2        |../ipcore/ddr3/rtl/ddrphy/ips2l_ddrphy_dqsi_rdel_cal_v1_3.vp:722                                                                                         |
|----------------------------------------------|---------|---------|---------|---------------------------------------------------------------------------------------------------------------------------------------------------------|
|ddrphy_dqsi_rdel_cal                          |Add      |10       |2        |../ipcore/ddr3/rtl/ddrphy/ips2l_ddrphy_dqsi_rdel_cal_v1_3.vp:818                                                                                         |
|----------------------------------------------|---------|---------|---------|---------------------------------------------------------------------------------------------------------------------------------------------------------|
|ddrphy_dqsi_rdel_cal                          |Add      |9        |1        |I_ips_ddr_top/u_ddrphy_top/ddrphy_slice_top/i_dqs_group[0].ddrphy_data_slice/ddrphy_dqsi_rdel_cal/N875_7                                                 |
|----------------------------------------------|---------|---------|---------|---------------------------------------------------------------------------------------------------------------------------------------------------------|
|ddrphy_dqsi_rdel_cal                          |Add      |9        |1        |I_ips_ddr_top/u_ddrphy_top/ddrphy_slice_top/i_dqs_group[0].ddrphy_data_slice/ddrphy_dqsi_rdel_cal/N975_7                                                 |
|----------------------------------------------|---------|---------|---------|---------------------------------------------------------------------------------------------------------------------------------------------------------|
|ddrphy_dqsi_rdel_cal                          |Add      |9        |1        |I_ips_ddr_top/u_ddrphy_top/ddrphy_slice_top/i_dqs_group[1].ddrphy_data_slice/ddrphy_dqsi_rdel_cal/N875_7                                                 |
|----------------------------------------------|---------|---------|---------|---------------------------------------------------------------------------------------------------------------------------------------------------------|
|ddrphy_dqsi_rdel_cal                          |Add      |9        |1        |I_ips_ddr_top/u_ddrphy_top/ddrphy_slice_top/i_dqs_group[1].ddrphy_data_slice/ddrphy_dqsi_rdel_cal/N975_7                                                 |
|----------------------------------------------|---------|---------|---------|---------------------------------------------------------------------------------------------------------------------------------------------------------|
|ddrphy_gatecal                                |Add      |8        |1        |I_ips_ddr_top/u_ddrphy_top/ddrphy_slice_top/i_dqs_group[0].ddrphy_data_slice/ddrphy_data_slice_dqs_gate_cal/ddrphy_gatecal/N245_7                        |
|----------------------------------------------|---------|---------|---------|---------------------------------------------------------------------------------------------------------------------------------------------------------|
|ddrphy_gatecal                                |Add      |8        |1        |I_ips_ddr_top/u_ddrphy_top/ddrphy_slice_top/i_dqs_group[1].ddrphy_data_slice/ddrphy_data_slice_dqs_gate_cal/ddrphy_gatecal/N245_7                        |
|----------------------------------------------|---------|---------|---------|---------------------------------------------------------------------------------------------------------------------------------------------------------|
|ddrphy_init                                   |Add      |20       |1        |../ipcore/ddr3/rtl/ddrphy/ips2l_ddrphy_init_v1_0.vp:670                                                                                                  |
|----------------------------------------------|---------|---------|---------|---------------------------------------------------------------------------------------------------------------------------------------------------------|
|ddrphy_init                                   |Add      |20       |1        |../ipcore/ddr3/rtl/ddrphy/ips2l_ddrphy_init_v1_0.vp:693                                                                                                  |
|----------------------------------------------|---------|---------|---------|---------------------------------------------------------------------------------------------------------------------------------------------------------|
|ddrphy_init                                   |Add      |10       |1        |../ipcore/ddr3/rtl/ddrphy/ips2l_ddrphy_init_v1_0.vp:824                                                                                                  |
|----------------------------------------------|---------|---------|---------|---------------------------------------------------------------------------------------------------------------------------------------------------------|
|ddrphy_pll_lock_debounce                      |Add      |19       |1        |../ipcore/ddr3/rtl/ddrphy/ips2l_ddrphy_rst_debounce_v1_0.vp:125                                                                                          |
|----------------------------------------------|---------|---------|---------|---------------------------------------------------------------------------------------------------------------------------------------------------------|
|ddrphy_wrcal                                  |Add      |18       |1        |../ipcore/ddr3/rtl/ddrphy/ips2l_ddrphy_wrcal_v1_7.vp:618                                                                                                 |
|----------------------------------------------|---------|---------|---------|---------------------------------------------------------------------------------------------------------------------------------------------------------|
|ext_rstn_debounce                             |Add      |16       |1        |../ipcore/pcie_test/rtl/hsst_pipe/hsst_rst_cross_sync_v1_0.v:81                                                                                          |
|----------------------------------------------|---------|---------|---------|---------------------------------------------------------------------------------------------------------------------------------------------------------|
|ips2l_pcie_dma_mwr_wr_ctrl                    |Add      |12       |1        |../../source/pcie/pcie_dma_ctrl/ips2l_pcie_dma_wr_ctrl.v:263                                                                                             |
|----------------------------------------------|---------|---------|---------|---------------------------------------------------------------------------------------------------------------------------------------------------------|
|ips2l_pcie_dma_mwr_wr_ctrl                    |Add      |10       |1        |u_ips2l_pcie_dma/u_ips2l_pcie_dma_rx_top/u_mwr_wr_ctrl/ips2l_pcie_dma_mwr_wr_ctrl/N206_3                                                                 |
|----------------------------------------------|---------|---------|---------|---------------------------------------------------------------------------------------------------------------------------------------------------------|
|mcdq_dcd_bm                                   |Add      |13       |1        |../ipcore/ddr3/rtl/mcdq_ctrl/ips2l_mcdq_dcd_bm_v1_2.vp:327                                                                                               |
|----------------------------------------------|---------|---------|---------|---------------------------------------------------------------------------------------------------------------------------------------------------------|
|mcdq_dcd_sm                                   |Add      |8        |1        |I_ips_ddr_top/u_ips_ddrc_top/mcdq_dcd_top/mcdq_dcd_sm/N162[9:0]_6                                                                                        |
|----------------------------------------------|---------|---------|---------|---------------------------------------------------------------------------------------------------------------------------------------------------------|
|mcdq_dcp_buf                                  |Add      |7        |1        |../ipcore/ddr3/rtl/mcdq_ctrl/ips2l_mcdq_dcp_buf_v1_2.vp:388                                                                                              |
|----------------------------------------------|---------|---------|---------|---------------------------------------------------------------------------------------------------------------------------------------------------------|
|mcdq_ui_axi                                   |Add      |26       |1        |I_ips_ddr_top/u_ips_ddrc_top/mcdq_ui_axi/N69_2                                                                                                           |
|----------------------------------------------|---------|---------|---------|---------------------------------------------------------------------------------------------------------------------------------------------------------|
|pll_lock_multi_sw_deb                         |Add      |12       |1        |../ipcore/pcie_test/rtl/hsst_pipe/hsst_rst_debounce_v1_0.v:47                                                                                            |
|----------------------------------------------|---------|---------|---------|---------------------------------------------------------------------------------------------------------------------------------------------------------|
|pll_lock_multi_sw_wtchdg                      |Add      |10       |1        |../ipcore/pcie_test/rtl/hsst_pipe/hsst_rst_wtchdg_v1_0.v:37                                                                                              |
|----------------------------------------------|---------|---------|---------|---------------------------------------------------------------------------------------------------------------------------------------------------------|
|pll_lock_multi_sw_wtchdg                      |Add      |10       |1        |../ipcore/pcie_test/rtl/hsst_pipe/hsst_rst_wtchdg_v1_0.v:53                                                                                              |
|----------------------------------------------|---------|---------|---------|---------------------------------------------------------------------------------------------------------------------------------------------------------|
|rx_rst_fsm_multi_sw_lane                      |Add      |16       |1        |../ipcore/pcie_test/rtl/hsst_pipe/hsstl_rst4mcrsw_rx_rst_fsm_v1_0.v:127                                                                                  |
|----------------------------------------------|---------|---------|---------|---------------------------------------------------------------------------------------------------------------------------------------------------------|
|rx_rst_fsm_multi_sw_lane                      |Add      |10       |1        |../ipcore/pcie_test/rtl/hsst_pipe/hsstl_rst4mcrsw_rx_rst_fsm_v1_0.v:165                                                                                  |
|----------------------------------------------|---------|---------|---------|---------------------------------------------------------------------------------------------------------------------------------------------------------|
|tx_rst_fsm_multi_sw_lane                      |Add      |12       |1        |../ipcore/pcie_test/rtl/hsst_pipe/hsstl_rst4mcrsw_tx_rst_fsm_v1_1.v:139                                                                                  |
|----------------------------------------------|---------|---------|---------|---------------------------------------------------------------------------------------------------------------------------------------------------------|
|u_axi4_ctrl                                   |Add      |10       |3        |../../source/axi_ctrl/axi4_ctrl_3ch.v:167                                                                                                                |
|----------------------------------------------|---------|---------|---------|---------------------------------------------------------------------------------------------------------------------------------------------------------|
|u_axi4_ctrl                                   |Add      |10       |3        |../../source/axi_ctrl/axi4_ctrl_3ch.v:168                                                                                                                |
|----------------------------------------------|---------|---------|---------|---------------------------------------------------------------------------------------------------------------------------------------------------------|
|u_axi4_ctrl                                   |Add      |64       |3        |../../source/axi_ctrl/axi4_ctrl_3ch.v:306                                                                                                                |
|----------------------------------------------|---------|---------|---------|---------------------------------------------------------------------------------------------------------------------------------------------------------|
|u_axi4_ctrl                                   |Add      |10       |1        |../../source/axi_ctrl/axi4_ctrl_3ch.v:343                                                                                                                |
|----------------------------------------------|---------|---------|---------|---------------------------------------------------------------------------------------------------------------------------------------------------------|
|u_axi4_ctrl                                   |Add      |10       |1        |../../source/axi_ctrl/axi4_ctrl_3ch.v:345                                                                                                                |
|----------------------------------------------|---------|---------|---------|---------------------------------------------------------------------------------------------------------------------------------------------------------|
|u_axi4_ctrl                                   |Add      |17       |1        |../../source/axi_ctrl/axi4_ctrl_3ch.v:476                                                                                                                |
|----------------------------------------------|---------|---------|---------|---------------------------------------------------------------------------------------------------------------------------------------------------------|
|u_axi4_ctrl                                   |Add      |11       |1        |../../source/axi_ctrl/axi4_ctrl_3ch.v:484                                                                                                                |
|----------------------------------------------|---------|---------|---------|---------------------------------------------------------------------------------------------------------------------------------------------------------|
|u_axi4_ctrl                                   |Add      |12       |1        |u_axi4_ctrl/N4368_1                                                                                                                                      |
|----------------------------------------------|---------|---------|---------|---------------------------------------------------------------------------------------------------------------------------------------------------------|
|u_axi4_ctrl                                   |Add      |11       |1        |u_axi4_ctrl/N4370_4                                                                                                                                      |
|----------------------------------------------|---------|---------|---------|---------------------------------------------------------------------------------------------------------------------------------------------------------|
|u_axi4_ctrl                                   |Add      |12       |1        |u_axi4_ctrl/N4375_1                                                                                                                                      |
|----------------------------------------------|---------|---------|---------|---------------------------------------------------------------------------------------------------------------------------------------------------------|
|u_axi4_ctrl                                   |Add      |13       |1        |u_axi4_ctrl/N4385_4                                                                                                                                      |
|----------------------------------------------|---------|---------|---------|---------------------------------------------------------------------------------------------------------------------------------------------------------|
|u_axi4_ctrl                                   |Add      |16       |1        |u_axi4_ctrl/N4389_2                                                                                                                                      |
|----------------------------------------------|---------|---------|---------|---------------------------------------------------------------------------------------------------------------------------------------------------------|
|u_axi4_ctrl                                   |Add      |12       |1        |u_axi4_ctrl/N4389_3                                                                                                                                      |
|----------------------------------------------|---------|---------|---------|---------------------------------------------------------------------------------------------------------------------------------------------------------|
|u_ips2l_ddrphy_rst_clk_phase_adj              |Add      |10       |1        |../ipcore/ddr3/rtl/ddrphy/ips2l_ddrphy_rst_clk_phase_adj_v1_0.vp:232                                                                                     |
|----------------------------------------------|---------|---------|---------|---------------------------------------------------------------------------------------------------------------------------------------------------------|
|u_ips2l_distributed_fifo_ctr                  |Sub      |7        |2        |../ipcore/ddr3/rtl/mcdq_ctrl/distributed_fifo/rtl/ips2l_distributed_fifo_ctr_v1_0.vp:550                                                                 |
|----------------------------------------------|---------|---------|---------|---------------------------------------------------------------------------------------------------------------------------------------------------------|
|u_ips2l_distributed_fifo_ctr                  |Sub      |7        |2        |../ipcore/ddr3/rtl/mcdq_ctrl/distributed_fifo/rtl/ips2l_distributed_fifo_ctr_v1_0.vp:552                                                                 |
|----------------------------------------------|---------|---------|---------|---------------------------------------------------------------------------------------------------------------------------------------------------------|
|u_ips2l_pcie_dma_controller                   |Add      |10       |1        |../../source/pcie/pcie_dma_ctrl/ips2l_pcie_dma_controller.v:399                                                                                          |
|----------------------------------------------|---------|---------|---------|---------------------------------------------------------------------------------------------------------------------------------------------------------|
|u_ips2l_pcie_dma_controller                   |Add      |12       |1        |../../source/pcie/pcie_dma_ctrl/ips2l_pcie_dma_controller.v:557                                                                                          |
|----------------------------------------------|---------|---------|---------|---------------------------------------------------------------------------------------------------------------------------------------------------------|
|u_ips2l_pcie_dma_cpld_rd_ctrl                 |Add      |12       |1        |../../source/pcie/pcie_dma_ctrl/ips2l_pcie_dma_rd_ctrl.v:115                                                                                             |
|----------------------------------------------|---------|---------|---------|---------------------------------------------------------------------------------------------------------------------------------------------------------|
|u_ips2l_pcie_dma_cpld_rd_ctrl                 |Sub      |8        |1        |../../source/pcie/pcie_dma_ctrl/ips2l_pcie_dma_rd_ctrl.v:159                                                                                             |
|----------------------------------------------|---------|---------|---------|---------------------------------------------------------------------------------------------------------------------------------------------------------|
|u_ips2l_pcie_dma_cpld_rd_ctrl                 |Sub      |8        |1        |../../source/pcie/pcie_dma_ctrl/ips2l_pcie_dma_rd_ctrl.v:262                                                                                             |
|----------------------------------------------|---------|---------|---------|---------------------------------------------------------------------------------------------------------------------------------------------------------|
|u_ips2l_pcie_dma_cpld_rd_ctrl                 |Sub      |8        |1        |../../source/pcie/pcie_dma_ctrl/ips2l_pcie_dma_rd_ctrl.v:264                                                                                             |
|----------------------------------------------|---------|---------|---------|---------------------------------------------------------------------------------------------------------------------------------------------------------|
|u_ips2l_pcie_dma_cpld_rd_ctrl                 |Add      |12       |1        |u_ips2l_pcie_dma/u_ips2l_pcie_dma_tx_top/u_ips2l_pcie_dma_tx_cpld_rd_ctrl/u_ips2l_pcie_dma_cpld_rd_ctrl/N153_7                                           |
|----------------------------------------------|---------|---------|---------|---------------------------------------------------------------------------------------------------------------------------------------------------------|
|u_ips2l_pcie_dma_cpld_tx_ctrl                 |Add      |63       |1        |../../source/pcie/pcie_dma_ctrl/ips2l_pcie_dma_cpld_tx_ctrl.v:171                                                                                        |
|----------------------------------------------|---------|---------|---------|---------------------------------------------------------------------------------------------------------------------------------------------------------|
|u_ips2l_pcie_dma_cpld_tx_ctrl                 |Sub      |11       |1        |../../source/pcie/pcie_dma_ctrl/ips2l_pcie_dma_cpld_tx_ctrl.v:197                                                                                        |
|----------------------------------------------|---------|---------|---------|---------------------------------------------------------------------------------------------------------------------------------------------------------|
|u_ips2l_pcie_dma_cpld_tx_ctrl                 |Sub      |9        |1        |../../source/pcie/pcie_dma_ctrl/ips2l_pcie_dma_cpld_tx_ctrl.v:220                                                                                        |
|----------------------------------------------|---------|---------|---------|---------------------------------------------------------------------------------------------------------------------------------------------------------|
|u_ips2l_pcie_dma_cpld_tx_ctrl                 |Sub      |10       |1        |u_ips2l_pcie_dma/u_ips2l_pcie_dma_tx_top/u_ips2l_pcie_dma_cpld_tx_ctrl/N92_5                                                                             |
|----------------------------------------------|---------|---------|---------|---------------------------------------------------------------------------------------------------------------------------------------------------------|
|u_ips2l_pcie_dma_mrd_tx_ctrl                  |Sub      |9        |1        |../../source/pcie/pcie_dma_ctrl/ips2l_pcie_dma_mrd_tx_ctrl.v:120                                                                                         |
|----------------------------------------------|---------|---------|---------|---------------------------------------------------------------------------------------------------------------------------------------------------------|
|u_ips2l_pcie_dma_mrd_tx_ctrl                  |Add      |61       |1        |../../source/pcie/pcie_dma_ctrl/ips2l_pcie_dma_mrd_tx_ctrl.v:143                                                                                         |
|----------------------------------------------|---------|---------|---------|---------------------------------------------------------------------------------------------------------------------------------------------------------|
|u_ips2l_pcie_dma_mwr_rd_ctrl                  |Add      |12       |1        |../../source/pcie/pcie_dma_ctrl/ips2l_pcie_dma_rd_ctrl.v:115                                                                                             |
|----------------------------------------------|---------|---------|---------|---------------------------------------------------------------------------------------------------------------------------------------------------------|
|u_ips2l_pcie_dma_mwr_rd_ctrl                  |Sub      |8        |1        |../../source/pcie/pcie_dma_ctrl/ips2l_pcie_dma_rd_ctrl.v:159                                                                                             |
|----------------------------------------------|---------|---------|---------|---------------------------------------------------------------------------------------------------------------------------------------------------------|
|u_ips2l_pcie_dma_mwr_rd_ctrl                  |Sub      |8        |1        |../../source/pcie/pcie_dma_ctrl/ips2l_pcie_dma_rd_ctrl.v:262                                                                                             |
|----------------------------------------------|---------|---------|---------|---------------------------------------------------------------------------------------------------------------------------------------------------------|
|u_ips2l_pcie_dma_mwr_rd_ctrl                  |Sub      |8        |1        |../../source/pcie/pcie_dma_ctrl/ips2l_pcie_dma_rd_ctrl.v:264                                                                                             |
|----------------------------------------------|---------|---------|---------|---------------------------------------------------------------------------------------------------------------------------------------------------------|
|u_ips2l_pcie_dma_mwr_rd_ctrl                  |Add      |12       |1        |u_ips2l_pcie_dma/u_ips2l_pcie_dma_tx_top/u_ips2l_pcie_dma_tx_mwr_rd_ctrl/u_ips2l_pcie_dma_mwr_rd_ctrl/N153_7                                             |
|----------------------------------------------|---------|---------|---------|---------------------------------------------------------------------------------------------------------------------------------------------------------|
|u_ips2l_pcie_dma_mwr_tx_ctrl                  |Sub      |9        |1        |../../source/pcie/pcie_dma_ctrl/ips2l_pcie_dma_mwr_tx_ctrl.v:136                                                                                         |
|----------------------------------------------|---------|---------|---------|---------------------------------------------------------------------------------------------------------------------------------------------------------|
|u_ips2l_pcie_dma_mwr_tx_ctrl                  |Add      |61       |1        |../../source/pcie/pcie_dma_ctrl/ips2l_pcie_dma_mwr_tx_ctrl.v:151                                                                                         |
|----------------------------------------------|---------|---------|---------|---------------------------------------------------------------------------------------------------------------------------------------------------------|
|u_ips2l_pcie_dma_tx_mwr_rd_ctrl               |Sub      |8        |1        |../../source/pcie/pcie_dma_ctrl/ips2l_pcie_dma_tx_mwr_rd_ctrl.v:67                                                                                       |
|----------------------------------------------|---------|---------|---------|---------------------------------------------------------------------------------------------------------------------------------------------------------|
|u_ips2l_pcie_dma_tx_mwr_rd_ctrl               |Add      |12       |1        |u_ips2l_pcie_dma/u_ips2l_pcie_dma_tx_top/u_ips2l_pcie_dma_tx_mwr_rd_ctrl/N37_3                                                                           |
|----------------------------------------------|---------|---------|---------|---------------------------------------------------------------------------------------------------------------------------------------------------------|
|u_refclk_perstn_debounce                      |Add      |16       |1        |../ipcore/pcie_test/rtl/hsst_pipe/hsst_rst_cross_sync_v1_0.v:81                                                                                          |
|----------------------------------------------|---------|---------|---------|---------------------------------------------------------------------------------------------------------------------------------------------------------|
|image_pcie_capture                            |Add      |12       |1        |../../source/image_pcie_capture.v:1130                                                                                                                   |
|----------------------------------------------|---------|---------|---------|---------------------------------------------------------------------------------------------------------------------------------------------------------|
|image_pcie_capture                            |Add      |26       |1        |../../source/image_pcie_capture.v:378                                                                                                                    |
|----------------------------------------------|---------|---------|---------|---------------------------------------------------------------------------------------------------------------------------------------------------------|
|image_pcie_capture                            |Add      |26       |1        |../../source/image_pcie_capture.v:664                                                                                                                    |
|----------------------------------------------|---------|---------|---------|---------------------------------------------------------------------------------------------------------------------------------------------------------|
|image_pcie_capture                            |Add      |23       |1        |../../source/image_pcie_capture.v:891                                                                                                                    |
|----------------------------------------------|---------|---------|---------|---------------------------------------------------------------------------------------------------------------------------------------------------------|
|image_pcie_capture                            |Add      |27       |1        |../../source/image_pcie_capture.v:901                                                                                                                    |
|----------------------------------------------|---------|---------|---------|---------------------------------------------------------------------------------------------------------------------------------------------------------|

---------------------------------------------------------------------------------------------------------------------------------------------------------------------------------------------------------------------------------------------------------------------

