IP Generator (Version 2022.2-SP6.4 build 146967)
Check out license ...
Start generating at 2025-10-23 22:44
Instance: FIFO_SC_16bit_Top (C:\Users\zerotwo030\Desktop\image_syn_successful_1024_test\image_recognition\fpga\fpga_pcie_ov5640\project\ipcore\FIFO_SC_16bit_Top\FIFO_SC_16bit_Top.idf)
IP: Pango DRM Based FIFO (1.10)
Part: Logos2-PG2L100H-FBG484--6
Create directory 'rtl' ...
Copy 'rtl\ipm2l_fifo_ctrl_v1_1.v.xml' to 'rtl' ...
Copy 'rtl\ipm2l_fifo_v1_10.v.xml' to 'rtl' ...
Copy 'rtl\ipm2l_sdpram_v1_10.v.xml' to 'rtl' ...
Compile file 'rtl\ipm2l_sdpram_v1_10.v.xml' to 'rtl\ipm2l_sdpram_v1_10_FIFO_SC_16bit_Top.v' ...
Compile file 'rtl\ipm2l_fifo_v1_10.v.xml' to 'rtl\ipm2l_fifo_v1_10_FIFO_SC_16bit_Top.v' ...
Compile file 'rtl\ipm2l_fifo_ctrl_v1_1.v.xml' to 'rtl\ipm2l_fifo_ctrl_v1_1_FIFO_SC_16bit_Top.v' ...
Copy 'ipm2l_fifo_wrapper_v1_10.v.xml' ...
Compile file 'ipm2l_fifo_wrapper_v1_10.v.xml' to 'FIFO_SC_16bit_Top.v' ...
Found top module 'FIFO_SC_16bit_Top' in file 'FIFO_SC_16bit_Top.v'.
Copy 'ipm2l_fifo_wrapper_v1_0_tb.v.xml' ...
Compile file 'ipm2l_fifo_wrapper_v1_0_tb.v.xml' to 'FIFO_SC_16bit_Top_tb.v' ...
Run file 'creatResetValue.tcl' ...
Create template file 'FIFO_SC_16bit_Top_tmpl.v' ...
Create template file 'FIFO_SC_16bit_Top_tmpl.vhdl' ...
There are 4 source files to synthesize.
Synthesis is disabled.
Done: 0 error(s), 0 warning(s)
