#Build: Fabric Compiler 2022.2-SP6.4, Build 146967, Jan 31 01:39 2024
#Install: E:\pango\PDS_2022.2-SP6.4\bin
#Application name: pds_shell.exe
#OS: Windows 10 10.0.26100
#Hostname: 钢板
Generated by Fabric Compiler (version 2022.2-SP6.4 build 146967) at Sat Nov 22 13:20:05 2025
Compiling verification operator library.
Compiling common defs.
Compiling prim grid devices.
Compiling gate devices.
Compiling gate operators.
Building architecture model.
Loading device packaging model.
pnr strategy configuration : 
strategy name : 0
Building architecture floorplan logic view.
Constraint check start.
Executing : def_port {cmos2_scl} LOC=E14 VCCIO=3.3 IOSTANDARD=LVCMOS33 DRIVE=8 SLEW=SLOW NONE=TRUE
Executing : def_port {cmos2_scl} LOC=E14 VCCIO=3.3 IOSTANDARD=LVCMOS33 DRIVE=8 SLEW=SLOW NONE=TRUE successfully
Executing : def_port {cmos2_sda} LOC=F16 VCCIO=3.3 IOSTANDARD=LVCMOS33 DRIVE=8 SLEW=SLOW NONE=TRUE
Executing : def_port {cmos2_sda} LOC=F16 VCCIO=3.3 IOSTANDARD=LVCMOS33 DRIVE=8 SLEW=SLOW NONE=TRUE successfully
Executing : def_port {cmos5_scl} LOC=R14 VCCIO=3.3 IOSTANDARD=LVCMOS33 DRIVE=8 SLEW=FAST NONE=TRUE
C: ConstraintEditor-2002: [G:/fpga_competition/image_recognition/fpga/fpga_pcie_ov5640/project/device_map/image_pcie_capture.pcf(line number: 5)] | Port cmos5_scl has been placed at location R14, whose type is share pin.
Executing : def_port {cmos5_scl} LOC=R14 VCCIO=3.3 IOSTANDARD=LVCMOS33 DRIVE=8 SLEW=FAST NONE=TRUE successfully
Executing : def_port {cmos5_sda} LOC=P14 VCCIO=3.3 IOSTANDARD=LVCMOS33 DRIVE=8 SLEW=FAST NONE=TRUE
C: ConstraintEditor-2002: [G:/fpga_competition/image_recognition/fpga/fpga_pcie_ov5640/project/device_map/image_pcie_capture.pcf(line number: 6)] | Port cmos5_sda has been placed at location P14, whose type is share pin.
Executing : def_port {cmos5_sda} LOC=P14 VCCIO=3.3 IOSTANDARD=LVCMOS33 DRIVE=8 SLEW=FAST NONE=TRUE successfully
Executing : def_port {cmos6_scl} LOC=U20 VCCIO=3.3 IOSTANDARD=LVCMOS33 DRIVE=8 SLEW=FAST NONE=TRUE
Executing : def_port {cmos6_scl} LOC=U20 VCCIO=3.3 IOSTANDARD=LVCMOS33 DRIVE=8 SLEW=FAST NONE=TRUE successfully
Executing : def_port {cmos6_sda} LOC=N17 VCCIO=3.3 IOSTANDARD=LVCMOS33 DRIVE=8 SLEW=FAST NONE=TRUE
Executing : def_port {cmos6_sda} LOC=N17 VCCIO=3.3 IOSTANDARD=LVCMOS33 DRIVE=8 SLEW=FAST NONE=TRUE successfully
Executing : def_port {mem_dq[0]} LOC=P6 VCCIO=1.5 IOSTANDARD=SSTL15_I DRIVE=8.9 SLEW=FAST VREF_MODE=INT VREF_MODE_VALUE=0.5 DDR_TERM_MODE=ON UNUSED=TRUE
Executing : def_port {mem_dq[0]} LOC=P6 VCCIO=1.5 IOSTANDARD=SSTL15_I DRIVE=8.9 SLEW=FAST VREF_MODE=INT VREF_MODE_VALUE=0.5 DDR_TERM_MODE=ON UNUSED=TRUE successfully
Executing : def_port {mem_dq[1]} LOC=M5 VCCIO=1.5 IOSTANDARD=SSTL15_I DRIVE=8.9 SLEW=FAST VREF_MODE=INT VREF_MODE_VALUE=0.5 DDR_TERM_MODE=ON UNUSED=TRUE
Executing : def_port {mem_dq[1]} LOC=M5 VCCIO=1.5 IOSTANDARD=SSTL15_I DRIVE=8.9 SLEW=FAST VREF_MODE=INT VREF_MODE_VALUE=0.5 DDR_TERM_MODE=ON UNUSED=TRUE successfully
Executing : def_port {mem_dq[2]} LOC=M6 VCCIO=1.5 IOSTANDARD=SSTL15_I DRIVE=8.9 SLEW=FAST VREF_MODE=INT VREF_MODE_VALUE=0.5 DDR_TERM_MODE=ON UNUSED=TRUE
Executing : def_port {mem_dq[2]} LOC=M6 VCCIO=1.5 IOSTANDARD=SSTL15_I DRIVE=8.9 SLEW=FAST VREF_MODE=INT VREF_MODE_VALUE=0.5 DDR_TERM_MODE=ON UNUSED=TRUE successfully
Executing : def_port {mem_dq[3]} LOC=N2 VCCIO=1.5 IOSTANDARD=SSTL15_I DRIVE=8.9 SLEW=FAST VREF_MODE=INT VREF_MODE_VALUE=0.5 DDR_TERM_MODE=ON UNUSED=TRUE
Executing : def_port {mem_dq[3]} LOC=N2 VCCIO=1.5 IOSTANDARD=SSTL15_I DRIVE=8.9 SLEW=FAST VREF_MODE=INT VREF_MODE_VALUE=0.5 DDR_TERM_MODE=ON UNUSED=TRUE successfully
Executing : def_port {mem_dq[4]} LOC=P2 VCCIO=1.5 IOSTANDARD=SSTL15_I DRIVE=8.9 SLEW=FAST VREF_MODE=INT VREF_MODE_VALUE=0.5 DDR_TERM_MODE=ON UNUSED=TRUE
Executing : def_port {mem_dq[4]} LOC=P2 VCCIO=1.5 IOSTANDARD=SSTL15_I DRIVE=8.9 SLEW=FAST VREF_MODE=INT VREF_MODE_VALUE=0.5 DDR_TERM_MODE=ON UNUSED=TRUE successfully
Executing : def_port {mem_dq[5]} LOC=P1 VCCIO=1.5 IOSTANDARD=SSTL15_I DRIVE=8.9 SLEW=FAST VREF_MODE=INT VREF_MODE_VALUE=0.5 DDR_TERM_MODE=ON UNUSED=TRUE
Executing : def_port {mem_dq[5]} LOC=P1 VCCIO=1.5 IOSTANDARD=SSTL15_I DRIVE=8.9 SLEW=FAST VREF_MODE=INT VREF_MODE_VALUE=0.5 DDR_TERM_MODE=ON UNUSED=TRUE successfully
Executing : def_port {mem_dq[6]} LOC=R1 VCCIO=1.5 IOSTANDARD=SSTL15_I DRIVE=8.9 SLEW=FAST VREF_MODE=INT VREF_MODE_VALUE=0.5 DDR_TERM_MODE=ON UNUSED=TRUE
Executing : def_port {mem_dq[6]} LOC=R1 VCCIO=1.5 IOSTANDARD=SSTL15_I DRIVE=8.9 SLEW=FAST VREF_MODE=INT VREF_MODE_VALUE=0.5 DDR_TERM_MODE=ON UNUSED=TRUE successfully
Executing : def_port {mem_dq[7]} LOC=N4 VCCIO=1.5 IOSTANDARD=SSTL15_I DRIVE=8.9 SLEW=FAST VREF_MODE=INT VREF_MODE_VALUE=0.5 DDR_TERM_MODE=ON UNUSED=TRUE
Executing : def_port {mem_dq[7]} LOC=N4 VCCIO=1.5 IOSTANDARD=SSTL15_I DRIVE=8.9 SLEW=FAST VREF_MODE=INT VREF_MODE_VALUE=0.5 DDR_TERM_MODE=ON UNUSED=TRUE successfully
Executing : def_port {mem_dq[8]} LOC=J6 VCCIO=1.5 IOSTANDARD=SSTL15_I DRIVE=8.9 SLEW=FAST VREF_MODE=INT VREF_MODE_VALUE=0.5 DDR_TERM_MODE=ON UNUSED=TRUE
Executing : def_port {mem_dq[8]} LOC=J6 VCCIO=1.5 IOSTANDARD=SSTL15_I DRIVE=8.9 SLEW=FAST VREF_MODE=INT VREF_MODE_VALUE=0.5 DDR_TERM_MODE=ON UNUSED=TRUE successfully
Executing : def_port {mem_dq[9]} LOC=K6 VCCIO=1.5 IOSTANDARD=SSTL15_I DRIVE=8.9 SLEW=FAST VREF_MODE=INT VREF_MODE_VALUE=0.5 DDR_TERM_MODE=ON UNUSED=TRUE
Executing : def_port {mem_dq[9]} LOC=K6 VCCIO=1.5 IOSTANDARD=SSTL15_I DRIVE=8.9 SLEW=FAST VREF_MODE=INT VREF_MODE_VALUE=0.5 DDR_TERM_MODE=ON UNUSED=TRUE successfully
Executing : def_port {mem_dq[10]} LOC=M2 VCCIO=1.5 IOSTANDARD=SSTL15_I DRIVE=8.9 SLEW=FAST VREF_MODE=INT VREF_MODE_VALUE=0.5 DDR_TERM_MODE=ON UNUSED=TRUE
Executing : def_port {mem_dq[10]} LOC=M2 VCCIO=1.5 IOSTANDARD=SSTL15_I DRIVE=8.9 SLEW=FAST VREF_MODE=INT VREF_MODE_VALUE=0.5 DDR_TERM_MODE=ON UNUSED=TRUE successfully
Executing : def_port {mem_dq[11]} LOC=M3 VCCIO=1.5 IOSTANDARD=SSTL15_I DRIVE=8.9 SLEW=FAST VREF_MODE=INT VREF_MODE_VALUE=0.5 DDR_TERM_MODE=ON UNUSED=TRUE
Executing : def_port {mem_dq[11]} LOC=M3 VCCIO=1.5 IOSTANDARD=SSTL15_I DRIVE=8.9 SLEW=FAST VREF_MODE=INT VREF_MODE_VALUE=0.5 DDR_TERM_MODE=ON UNUSED=TRUE successfully
Executing : def_port {mem_dq[12]} LOC=K3 VCCIO=1.5 IOSTANDARD=SSTL15_I DRIVE=8.9 SLEW=FAST VREF_MODE=INT VREF_MODE_VALUE=0.5 DDR_TERM_MODE=ON UNUSED=TRUE
Executing : def_port {mem_dq[12]} LOC=K3 VCCIO=1.5 IOSTANDARD=SSTL15_I DRIVE=8.9 SLEW=FAST VREF_MODE=INT VREF_MODE_VALUE=0.5 DDR_TERM_MODE=ON UNUSED=TRUE successfully
Executing : def_port {mem_dq[13]} LOC=L3 VCCIO=1.5 IOSTANDARD=SSTL15_I DRIVE=8.9 SLEW=FAST VREF_MODE=INT VREF_MODE_VALUE=0.5 DDR_TERM_MODE=ON UNUSED=TRUE
Executing : def_port {mem_dq[13]} LOC=L3 VCCIO=1.5 IOSTANDARD=SSTL15_I DRIVE=8.9 SLEW=FAST VREF_MODE=INT VREF_MODE_VALUE=0.5 DDR_TERM_MODE=ON UNUSED=TRUE successfully
Executing : def_port {mem_dq[14]} LOC=J4 VCCIO=1.5 IOSTANDARD=SSTL15_I DRIVE=8.9 SLEW=FAST VREF_MODE=INT VREF_MODE_VALUE=0.5 DDR_TERM_MODE=ON UNUSED=TRUE
Executing : def_port {mem_dq[14]} LOC=J4 VCCIO=1.5 IOSTANDARD=SSTL15_I DRIVE=8.9 SLEW=FAST VREF_MODE=INT VREF_MODE_VALUE=0.5 DDR_TERM_MODE=ON UNUSED=TRUE successfully
Executing : def_port {mem_dq[15]} LOC=K4 VCCIO=1.5 IOSTANDARD=SSTL15_I DRIVE=8.9 SLEW=FAST VREF_MODE=INT VREF_MODE_VALUE=0.5 DDR_TERM_MODE=ON UNUSED=TRUE
Executing : def_port {mem_dq[15]} LOC=K4 VCCIO=1.5 IOSTANDARD=SSTL15_I DRIVE=8.9 SLEW=FAST VREF_MODE=INT VREF_MODE_VALUE=0.5 DDR_TERM_MODE=ON UNUSED=TRUE successfully
Executing : def_port {mem_dqs[0]} LOC=P5 VCCIO=1.5 IOSTANDARD=SSTL15D_I DRIVE=8.9 SLEW=FAST VREF_MODE=INT VREF_MODE_VALUE=0.5 DDR_TERM_MODE=ON DDR_RES=60 CP_DYN_TERM=ON UNUSED=TRUE
Executing : def_port {mem_dqs[0]} LOC=P5 VCCIO=1.5 IOSTANDARD=SSTL15D_I DRIVE=8.9 SLEW=FAST VREF_MODE=INT VREF_MODE_VALUE=0.5 DDR_TERM_MODE=ON DDR_RES=60 CP_DYN_TERM=ON UNUSED=TRUE successfully
Executing : def_port {mem_dqs[1]} LOC=M1 VCCIO=1.5 IOSTANDARD=SSTL15D_I DRIVE=8.9 SLEW=FAST VREF_MODE=INT VREF_MODE_VALUE=0.5 DDR_TERM_MODE=ON DDR_RES=60 CP_DYN_TERM=ON UNUSED=TRUE
Executing : def_port {mem_dqs[1]} LOC=M1 VCCIO=1.5 IOSTANDARD=SSTL15D_I DRIVE=8.9 SLEW=FAST VREF_MODE=INT VREF_MODE_VALUE=0.5 DDR_TERM_MODE=ON DDR_RES=60 CP_DYN_TERM=ON UNUSED=TRUE successfully
Executing : def_port {mem_dqs_n[0]} LOC=P4 VCCIO=1.5 IOSTANDARD=SSTL15D_I DRIVE=8.9 SLEW=FAST VREF_MODE=INT VREF_MODE_VALUE=0.5 DDR_TERM_MODE=ON DDR_RES=60 CP_DYN_TERM=ON UNUSED=TRUE
Executing : def_port {mem_dqs_n[0]} LOC=P4 VCCIO=1.5 IOSTANDARD=SSTL15D_I DRIVE=8.9 SLEW=FAST VREF_MODE=INT VREF_MODE_VALUE=0.5 DDR_TERM_MODE=ON DDR_RES=60 CP_DYN_TERM=ON UNUSED=TRUE successfully
Executing : def_port {mem_dqs_n[1]} LOC=L1 VCCIO=1.5 IOSTANDARD=SSTL15D_I DRIVE=8.9 SLEW=FAST VREF_MODE=INT VREF_MODE_VALUE=0.5 DDR_TERM_MODE=ON DDR_RES=60 CP_DYN_TERM=ON UNUSED=TRUE
Executing : def_port {mem_dqs_n[1]} LOC=L1 VCCIO=1.5 IOSTANDARD=SSTL15D_I DRIVE=8.9 SLEW=FAST VREF_MODE=INT VREF_MODE_VALUE=0.5 DDR_TERM_MODE=ON DDR_RES=60 CP_DYN_TERM=ON UNUSED=TRUE successfully
Executing : def_port {spi_data[0]} LOC=N22 VCCIO=3.3 IOSTANDARD=LVCMOS33 DRIVE=12 SLEW=FAST NONE=TRUE
Executing : def_port {spi_data[0]} LOC=N22 VCCIO=3.3 IOSTANDARD=LVCMOS33 DRIVE=12 SLEW=FAST NONE=TRUE successfully
Executing : def_port {spi_data[1]} LOC=M22 VCCIO=3.3 IOSTANDARD=LVCMOS33 DRIVE=12 SLEW=FAST NONE=TRUE
C: ConstraintEditor-2002: [G:/fpga_competition/image_recognition/fpga/fpga_pcie_ov5640/project/device_map/image_pcie_capture.pcf(line number: 30)] | Port spi_data[1] has been placed at location M22, whose type is share pin.
Executing : def_port {spi_data[1]} LOC=M22 VCCIO=3.3 IOSTANDARD=LVCMOS33 DRIVE=12 SLEW=FAST NONE=TRUE successfully
Executing : def_port {spi_data[2]} LOC=M18 VCCIO=3.3 IOSTANDARD=LVCMOS33 DRIVE=12 SLEW=FAST NONE=TRUE
C: ConstraintEditor-2002: [G:/fpga_competition/image_recognition/fpga/fpga_pcie_ov5640/project/device_map/image_pcie_capture.pcf(line number: 31)] | Port spi_data[2] has been placed at location M18, whose type is share pin.
Executing : def_port {spi_data[2]} LOC=M18 VCCIO=3.3 IOSTANDARD=LVCMOS33 DRIVE=12 SLEW=FAST NONE=TRUE successfully
Executing : def_port {spi_data[3]} LOC=L18 VCCIO=3.3 IOSTANDARD=LVCMOS33 DRIVE=12 SLEW=FAST NONE=TRUE
C: ConstraintEditor-2002: [G:/fpga_competition/image_recognition/fpga/fpga_pcie_ov5640/project/device_map/image_pcie_capture.pcf(line number: 32)] | Port spi_data[3] has been placed at location L18, whose type is share pin.
Executing : def_port {spi_data[3]} LOC=L18 VCCIO=3.3 IOSTANDARD=LVCMOS33 DRIVE=12 SLEW=FAST NONE=TRUE successfully
Executing : def_port {back} LOC=J14 VCCIO=3.3 IOSTANDARD=LVCMOS33 DRIVE=4 SLEW=FAST NONE=TRUE
C: ConstraintEditor-2002: [G:/fpga_competition/image_recognition/fpga/fpga_pcie_ov5640/project/device_map/image_pcie_capture.pcf(line number: 33)] | Port back has been placed at location J14, whose type is share pin.
Executing : def_port {back} LOC=J14 VCCIO=3.3 IOSTANDARD=LVCMOS33 DRIVE=4 SLEW=FAST NONE=TRUE successfully
Executing : def_port {cmos2_reset} LOC=B13 VCCIO=3.3 IOSTANDARD=LVCMOS33 DRIVE=8 SLEW=SLOW NONE=TRUE
Executing : def_port {cmos2_reset} LOC=B13 VCCIO=3.3 IOSTANDARD=LVCMOS33 DRIVE=8 SLEW=SLOW NONE=TRUE successfully
Executing : def_port {cmos5_reset} LOC=V18 VCCIO=3.3 IOSTANDARD=LVCMOS33 DRIVE=8 SLEW=FAST NONE=TRUE
Executing : def_port {cmos5_reset} LOC=V18 VCCIO=3.3 IOSTANDARD=LVCMOS33 DRIVE=8 SLEW=FAST NONE=TRUE successfully
Executing : def_port {cmos6_reset} LOC=AA21 VCCIO=3.3 IOSTANDARD=LVCMOS33 DRIVE=8 SLEW=FAST NONE=TRUE
C: ConstraintEditor-2002: [G:/fpga_competition/image_recognition/fpga/fpga_pcie_ov5640/project/device_map/image_pcie_capture.pcf(line number: 36)] | Port cmos6_reset has been placed at location AA21, whose type is share pin.
Executing : def_port {cmos6_reset} LOC=AA21 VCCIO=3.3 IOSTANDARD=LVCMOS33 DRIVE=8 SLEW=FAST NONE=TRUE successfully
Executing : def_port {go} LOC=G17 VCCIO=3.3 IOSTANDARD=LVCMOS33 DRIVE=4 SLEW=FAST NONE=TRUE
Executing : def_port {go} LOC=G17 VCCIO=3.3 IOSTANDARD=LVCMOS33 DRIVE=4 SLEW=FAST NONE=TRUE successfully
Executing : def_port {left} LOC=F15 VCCIO=3.3 IOSTANDARD=LVCMOS33 DRIVE=4 SLEW=FAST NONE=TRUE
Executing : def_port {left} LOC=F15 VCCIO=3.3 IOSTANDARD=LVCMOS33 DRIVE=4 SLEW=FAST NONE=TRUE successfully
Executing : def_port {mem_a[0]} LOC=T1 VCCIO=1.5 IOSTANDARD=SSTL15_I DRIVE=8.9 SLEW=FAST UNUSED=TRUE
Executing : def_port {mem_a[0]} LOC=T1 VCCIO=1.5 IOSTANDARD=SSTL15_I DRIVE=8.9 SLEW=FAST UNUSED=TRUE successfully
Executing : def_port {mem_a[1]} LOC=U1 VCCIO=1.5 IOSTANDARD=SSTL15_I DRIVE=8.9 SLEW=FAST UNUSED=TRUE
Executing : def_port {mem_a[1]} LOC=U1 VCCIO=1.5 IOSTANDARD=SSTL15_I DRIVE=8.9 SLEW=FAST UNUSED=TRUE successfully
Executing : def_port {mem_a[2]} LOC=U2 VCCIO=1.5 IOSTANDARD=SSTL15_I DRIVE=8.9 SLEW=FAST UNUSED=TRUE
Executing : def_port {mem_a[2]} LOC=U2 VCCIO=1.5 IOSTANDARD=SSTL15_I DRIVE=8.9 SLEW=FAST UNUSED=TRUE successfully
Executing : def_port {mem_a[3]} LOC=V2 VCCIO=1.5 IOSTANDARD=SSTL15_I DRIVE=8.9 SLEW=FAST UNUSED=TRUE
Executing : def_port {mem_a[3]} LOC=V2 VCCIO=1.5 IOSTANDARD=SSTL15_I DRIVE=8.9 SLEW=FAST UNUSED=TRUE successfully
Executing : def_port {mem_a[4]} LOC=R3 VCCIO=1.5 IOSTANDARD=SSTL15_I DRIVE=8.9 SLEW=FAST UNUSED=TRUE
Executing : def_port {mem_a[4]} LOC=R3 VCCIO=1.5 IOSTANDARD=SSTL15_I DRIVE=8.9 SLEW=FAST UNUSED=TRUE successfully
Executing : def_port {mem_a[5]} LOC=R2 VCCIO=1.5 IOSTANDARD=SSTL15_I DRIVE=8.9 SLEW=FAST UNUSED=TRUE
Executing : def_port {mem_a[5]} LOC=R2 VCCIO=1.5 IOSTANDARD=SSTL15_I DRIVE=8.9 SLEW=FAST UNUSED=TRUE successfully
Executing : def_port {mem_a[6]} LOC=W2 VCCIO=1.5 IOSTANDARD=SSTL15_I DRIVE=8.9 SLEW=FAST UNUSED=TRUE
Executing : def_port {mem_a[6]} LOC=W2 VCCIO=1.5 IOSTANDARD=SSTL15_I DRIVE=8.9 SLEW=FAST UNUSED=TRUE successfully
Executing : def_port {mem_a[7]} LOC=Y2 VCCIO=1.5 IOSTANDARD=SSTL15_I DRIVE=8.9 SLEW=FAST UNUSED=TRUE
Executing : def_port {mem_a[7]} LOC=Y2 VCCIO=1.5 IOSTANDARD=SSTL15_I DRIVE=8.9 SLEW=FAST UNUSED=TRUE successfully
Executing : def_port {mem_a[8]} LOC=W1 VCCIO=1.5 IOSTANDARD=SSTL15_I DRIVE=8.9 SLEW=FAST UNUSED=TRUE
Executing : def_port {mem_a[8]} LOC=W1 VCCIO=1.5 IOSTANDARD=SSTL15_I DRIVE=8.9 SLEW=FAST UNUSED=TRUE successfully
Executing : def_port {mem_a[9]} LOC=Y1 VCCIO=1.5 IOSTANDARD=SSTL15_I DRIVE=8.9 SLEW=FAST UNUSED=TRUE
Executing : def_port {mem_a[9]} LOC=Y1 VCCIO=1.5 IOSTANDARD=SSTL15_I DRIVE=8.9 SLEW=FAST UNUSED=TRUE successfully
Executing : def_port {mem_a[10]} LOC=U3 VCCIO=1.5 IOSTANDARD=SSTL15_I DRIVE=8.9 SLEW=FAST UNUSED=TRUE
Executing : def_port {mem_a[10]} LOC=U3 VCCIO=1.5 IOSTANDARD=SSTL15_I DRIVE=8.9 SLEW=FAST UNUSED=TRUE successfully
Executing : def_port {mem_a[11]} LOC=AA1 VCCIO=1.5 IOSTANDARD=SSTL15_I DRIVE=8.9 SLEW=FAST UNUSED=TRUE
Executing : def_port {mem_a[11]} LOC=AA1 VCCIO=1.5 IOSTANDARD=SSTL15_I DRIVE=8.9 SLEW=FAST UNUSED=TRUE successfully
Executing : def_port {mem_a[12]} LOC=AB1 VCCIO=1.5 IOSTANDARD=SSTL15_I DRIVE=8.9 SLEW=FAST UNUSED=TRUE
Executing : def_port {mem_a[12]} LOC=AB1 VCCIO=1.5 IOSTANDARD=SSTL15_I DRIVE=8.9 SLEW=FAST UNUSED=TRUE successfully
Executing : def_port {mem_a[13]} LOC=AB3 VCCIO=1.5 IOSTANDARD=SSTL15_I DRIVE=8.9 SLEW=FAST UNUSED=TRUE
Executing : def_port {mem_a[13]} LOC=AB3 VCCIO=1.5 IOSTANDARD=SSTL15_I DRIVE=8.9 SLEW=FAST UNUSED=TRUE successfully
Executing : def_port {mem_a[14]} LOC=AB2 VCCIO=1.5 IOSTANDARD=SSTL15_I DRIVE=8.9 SLEW=FAST UNUSED=TRUE
Executing : def_port {mem_a[14]} LOC=AB2 VCCIO=1.5 IOSTANDARD=SSTL15_I DRIVE=8.9 SLEW=FAST UNUSED=TRUE successfully
Executing : def_port {mem_ba[0]} LOC=AA3 VCCIO=1.5 IOSTANDARD=SSTL15_I DRIVE=8.9 SLEW=FAST UNUSED=TRUE
Executing : def_port {mem_ba[0]} LOC=AA3 VCCIO=1.5 IOSTANDARD=SSTL15_I DRIVE=8.9 SLEW=FAST UNUSED=TRUE successfully
Executing : def_port {mem_ba[1]} LOC=AA5 VCCIO=1.5 IOSTANDARD=SSTL15_I DRIVE=8.9 SLEW=FAST UNUSED=TRUE
Executing : def_port {mem_ba[1]} LOC=AA5 VCCIO=1.5 IOSTANDARD=SSTL15_I DRIVE=8.9 SLEW=FAST UNUSED=TRUE successfully
Executing : def_port {mem_ba[2]} LOC=AB5 VCCIO=1.5 IOSTANDARD=SSTL15_I DRIVE=8.9 SLEW=FAST UNUSED=TRUE
Executing : def_port {mem_ba[2]} LOC=AB5 VCCIO=1.5 IOSTANDARD=SSTL15_I DRIVE=8.9 SLEW=FAST UNUSED=TRUE successfully
Executing : def_port {mem_cas_n} LOC=U6 VCCIO=1.5 IOSTANDARD=SSTL15_I DRIVE=8.9 SLEW=FAST UNUSED=TRUE
Executing : def_port {mem_cas_n} LOC=U6 VCCIO=1.5 IOSTANDARD=SSTL15_I DRIVE=8.9 SLEW=FAST UNUSED=TRUE successfully
Executing : def_port {mem_ck} LOC=Y4 VCCIO=1.5 IOSTANDARD=SSTL15D_I DRIVE=8.9 SLEW=FAST UNUSED=TRUE
Executing : def_port {mem_ck} LOC=Y4 VCCIO=1.5 IOSTANDARD=SSTL15D_I DRIVE=8.9 SLEW=FAST UNUSED=TRUE successfully
Executing : def_port {mem_ck_n} LOC=AA4 VCCIO=1.5 IOSTANDARD=SSTL15D_I DRIVE=8.9 SLEW=FAST UNUSED=TRUE
Executing : def_port {mem_ck_n} LOC=AA4 VCCIO=1.5 IOSTANDARD=SSTL15D_I DRIVE=8.9 SLEW=FAST UNUSED=TRUE successfully
Executing : def_port {mem_cke} LOC=W4 VCCIO=1.5 IOSTANDARD=SSTL15_I DRIVE=8.9 SLEW=FAST UNUSED=TRUE
Executing : def_port {mem_cke} LOC=W4 VCCIO=1.5 IOSTANDARD=SSTL15_I DRIVE=8.9 SLEW=FAST UNUSED=TRUE successfully
Executing : def_port {mem_cs_n} LOC=V5 VCCIO=1.5 IOSTANDARD=SSTL15_I DRIVE=8.9 SLEW=FAST UNUSED=TRUE
Executing : def_port {mem_cs_n} LOC=V5 VCCIO=1.5 IOSTANDARD=SSTL15_I DRIVE=8.9 SLEW=FAST UNUSED=TRUE successfully
Executing : def_port {mem_dm[0]} LOC=N5 VCCIO=1.5 IOSTANDARD=SSTL15_I DRIVE=8.9 SLEW=FAST UNUSED=TRUE
Executing : def_port {mem_dm[0]} LOC=N5 VCCIO=1.5 IOSTANDARD=SSTL15_I DRIVE=8.9 SLEW=FAST UNUSED=TRUE successfully
Executing : def_port {mem_dm[1]} LOC=L5 VCCIO=1.5 IOSTANDARD=SSTL15_I DRIVE=8.9 SLEW=FAST UNUSED=TRUE
Executing : def_port {mem_dm[1]} LOC=L5 VCCIO=1.5 IOSTANDARD=SSTL15_I DRIVE=8.9 SLEW=FAST UNUSED=TRUE successfully
Executing : def_port {mem_odt} LOC=R6 VCCIO=1.5 IOSTANDARD=SSTL15_I DRIVE=8.9 SLEW=FAST UNUSED=TRUE
Executing : def_port {mem_odt} LOC=R6 VCCIO=1.5 IOSTANDARD=SSTL15_I DRIVE=8.9 SLEW=FAST UNUSED=TRUE successfully
Executing : def_port {mem_ras_n} LOC=W5 VCCIO=1.5 IOSTANDARD=SSTL15_I DRIVE=8.9 SLEW=FAST UNUSED=TRUE
Executing : def_port {mem_ras_n} LOC=W5 VCCIO=1.5 IOSTANDARD=SSTL15_I DRIVE=8.9 SLEW=FAST UNUSED=TRUE successfully
Executing : def_port {mem_rst_n} LOC=T3 VCCIO=1.5 IOSTANDARD=SSTL15_I DRIVE=8.9 SLEW=FAST UNUSED=TRUE
Executing : def_port {mem_rst_n} LOC=T3 VCCIO=1.5 IOSTANDARD=SSTL15_I DRIVE=8.9 SLEW=FAST UNUSED=TRUE successfully
Executing : def_port {mem_we_n} LOC=W6 VCCIO=1.5 IOSTANDARD=SSTL15_I DRIVE=8.9 SLEW=FAST UNUSED=TRUE
Executing : def_port {mem_we_n} LOC=W6 VCCIO=1.5 IOSTANDARD=SSTL15_I DRIVE=8.9 SLEW=FAST UNUSED=TRUE successfully
Executing : def_port {pclk_led} LOC=J16 VCCIO=3.3 IOSTANDARD=LVCMOS33 DRIVE=4 SLEW=SLOW PULLUP=TRUE
Executing : def_port {pclk_led} LOC=J16 VCCIO=3.3 IOSTANDARD=LVCMOS33 DRIVE=4 SLEW=SLOW PULLUP=TRUE successfully
Executing : def_port {ref_led} LOC=M17 VCCIO=3.3 IOSTANDARD=LVCMOS33 DRIVE=4 SLEW=FAST NONE=TRUE
Executing : def_port {ref_led} LOC=M17 VCCIO=3.3 IOSTANDARD=LVCMOS33 DRIVE=4 SLEW=FAST NONE=TRUE successfully
Executing : def_port {right} LOC=E22 VCCIO=3.3 IOSTANDARD=LVCMOS33 DRIVE=4 SLEW=FAST NONE=TRUE
Executing : def_port {right} LOC=E22 VCCIO=3.3 IOSTANDARD=LVCMOS33 DRIVE=4 SLEW=FAST NONE=TRUE successfully
Executing : def_port {stop} LOC=H13 VCCIO=3.3 IOSTANDARD=LVCMOS33 DRIVE=4 SLEW=FAST NONE=TRUE
C: ConstraintEditor-2002: [G:/fpga_competition/image_recognition/fpga/fpga_pcie_ov5640/project/device_map/image_pcie_capture.pcf(line number: 71)] | Port stop has been placed at location H13, whose type is share pin.
Executing : def_port {stop} LOC=H13 VCCIO=3.3 IOSTANDARD=LVCMOS33 DRIVE=4 SLEW=FAST NONE=TRUE successfully
Executing : def_port {RXD} LOC=C22 VCCIO=3.3 IOSTANDARD=LVCMOS33 NONE=TRUE
Executing : def_port {RXD} LOC=C22 VCCIO=3.3 IOSTANDARD=LVCMOS33 NONE=TRUE successfully
Executing : def_port {board_rst_n} LOC=M15 VCCIO=3.3 IOSTANDARD=LVCMOS18 UNUSED=TRUE
C: ConstraintEditor-2002: [G:/fpga_competition/image_recognition/fpga/fpga_pcie_ov5640/project/device_map/image_pcie_capture.pcf(line number: 73)] | Port board_rst_n has been placed at location M15, whose type is share pin.
Executing : def_port {board_rst_n} LOC=M15 VCCIO=3.3 IOSTANDARD=LVCMOS18 UNUSED=TRUE successfully
Executing : def_port {cmos2_data[0]} LOC=C19 VCCIO=3.3 IOSTANDARD=LVCMOS33 NONE=TRUE
Executing : def_port {cmos2_data[0]} LOC=C19 VCCIO=3.3 IOSTANDARD=LVCMOS33 NONE=TRUE successfully
Executing : def_port {cmos2_data[1]} LOC=B16 VCCIO=3.3 IOSTANDARD=LVCMOS33 NONE=TRUE
Executing : def_port {cmos2_data[1]} LOC=B16 VCCIO=3.3 IOSTANDARD=LVCMOS33 NONE=TRUE successfully
Executing : def_port {cmos2_data[2]} LOC=B15 VCCIO=3.3 IOSTANDARD=LVCMOS33 NONE=TRUE
Executing : def_port {cmos2_data[2]} LOC=B15 VCCIO=3.3 IOSTANDARD=LVCMOS33 NONE=TRUE successfully
Executing : def_port {cmos2_data[3]} LOC=E13 VCCIO=3.3 IOSTANDARD=LVCMOS33 NONE=TRUE
Executing : def_port {cmos2_data[3]} LOC=E13 VCCIO=3.3 IOSTANDARD=LVCMOS33 NONE=TRUE successfully
Executing : def_port {cmos2_data[4]} LOC=C20 VCCIO=3.3 IOSTANDARD=LVCMOS33 NONE=TRUE
Executing : def_port {cmos2_data[4]} LOC=C20 VCCIO=3.3 IOSTANDARD=LVCMOS33 NONE=TRUE successfully
Executing : def_port {cmos2_data[5]} LOC=E18 VCCIO=3.3 IOSTANDARD=LVCMOS33 NONE=TRUE
Executing : def_port {cmos2_data[5]} LOC=E18 VCCIO=3.3 IOSTANDARD=LVCMOS33 NONE=TRUE successfully
Executing : def_port {cmos2_data[6]} LOC=E16 VCCIO=3.3 IOSTANDARD=LVCMOS33 NONE=TRUE
Executing : def_port {cmos2_data[6]} LOC=E16 VCCIO=3.3 IOSTANDARD=LVCMOS33 NONE=TRUE successfully
Executing : def_port {cmos2_data[7]} LOC=D16 VCCIO=3.3 IOSTANDARD=LVCMOS33 NONE=TRUE
Executing : def_port {cmos2_data[7]} LOC=D16 VCCIO=3.3 IOSTANDARD=LVCMOS33 NONE=TRUE successfully
Executing : def_port {cmos2_href} LOC=A16 VCCIO=3.3 IOSTANDARD=LVCMOS33 NONE=TRUE
Executing : def_port {cmos2_href} LOC=A16 VCCIO=3.3 IOSTANDARD=LVCMOS33 NONE=TRUE successfully
Executing : def_port {cmos2_pclk} LOC=C18 VCCIO=3.3 IOSTANDARD=LVCMOS33 NONE=TRUE
Executing : def_port {cmos2_pclk} LOC=C18 VCCIO=3.3 IOSTANDARD=LVCMOS33 NONE=TRUE successfully
Executing : def_port {cmos2_vsync} LOC=A15 VCCIO=3.3 IOSTANDARD=LVCMOS33 NONE=TRUE
Executing : def_port {cmos2_vsync} LOC=A15 VCCIO=3.3 IOSTANDARD=LVCMOS33 NONE=TRUE successfully
Executing : def_port {cmos5_data[0]} LOC=Y18 VCCIO=3.3 IOSTANDARD=LVCMOS33 NONE=TRUE
Executing : def_port {cmos5_data[0]} LOC=Y18 VCCIO=3.3 IOSTANDARD=LVCMOS33 NONE=TRUE successfully
Executing : def_port {cmos5_data[1]} LOC=AA19 VCCIO=3.3 IOSTANDARD=LVCMOS33 NONE=TRUE
C: ConstraintEditor-2002: [G:/fpga_competition/image_recognition/fpga/fpga_pcie_ov5640/project/device_map/image_pcie_capture.pcf(line number: 86)] | Port cmos5_data[1] has been placed at location AA19, whose type is share pin.
Executing : def_port {cmos5_data[1]} LOC=AA19 VCCIO=3.3 IOSTANDARD=LVCMOS33 NONE=TRUE successfully
Executing : def_port {cmos5_data[2]} LOC=AB20 VCCIO=3.3 IOSTANDARD=LVCMOS33 NONE=TRUE
C: ConstraintEditor-2002: [G:/fpga_competition/image_recognition/fpga/fpga_pcie_ov5640/project/device_map/image_pcie_capture.pcf(line number: 87)] | Port cmos5_data[2] has been placed at location AB20, whose type is share pin.
Executing : def_port {cmos5_data[2]} LOC=AB20 VCCIO=3.3 IOSTANDARD=LVCMOS33 NONE=TRUE successfully
Executing : def_port {cmos5_data[3]} LOC=V19 VCCIO=3.3 IOSTANDARD=LVCMOS33 NONE=TRUE
Executing : def_port {cmos5_data[3]} LOC=V19 VCCIO=3.3 IOSTANDARD=LVCMOS33 NONE=TRUE successfully
Executing : def_port {cmos5_data[4]} LOC=L13 VCCIO=3.3 IOSTANDARD=LVCMOS33 NONE=TRUE
C: ConstraintEditor-2002: [G:/fpga_competition/image_recognition/fpga/fpga_pcie_ov5640/project/device_map/image_pcie_capture.pcf(line number: 89)] | Port cmos5_data[4] has been placed at location L13, whose type is share pin.
Executing : def_port {cmos5_data[4]} LOC=L13 VCCIO=3.3 IOSTANDARD=LVCMOS33 NONE=TRUE successfully
Executing : def_port {cmos5_data[5]} LOC=AB22 VCCIO=3.3 IOSTANDARD=LVCMOS33 NONE=TRUE
C: ConstraintEditor-2002: [G:/fpga_competition/image_recognition/fpga/fpga_pcie_ov5640/project/device_map/image_pcie_capture.pcf(line number: 90)] | Port cmos5_data[5] has been placed at location AB22, whose type is share pin.
Executing : def_port {cmos5_data[5]} LOC=AB22 VCCIO=3.3 IOSTANDARD=LVCMOS33 NONE=TRUE successfully
Executing : def_port {cmos5_data[6]} LOC=Y19 VCCIO=3.3 IOSTANDARD=LVCMOS33 NONE=TRUE
Executing : def_port {cmos5_data[6]} LOC=Y19 VCCIO=3.3 IOSTANDARD=LVCMOS33 NONE=TRUE successfully
Executing : def_port {cmos5_data[7]} LOC=AB21 VCCIO=3.3 IOSTANDARD=LVCMOS33 NONE=TRUE
C: ConstraintEditor-2002: [G:/fpga_competition/image_recognition/fpga/fpga_pcie_ov5640/project/device_map/image_pcie_capture.pcf(line number: 92)] | Port cmos5_data[7] has been placed at location AB21, whose type is share pin.
Executing : def_port {cmos5_data[7]} LOC=AB21 VCCIO=3.3 IOSTANDARD=LVCMOS33 NONE=TRUE successfully
Executing : def_port {cmos5_href} LOC=N15 VCCIO=3.3 IOSTANDARD=LVCMOS33 NONE=TRUE
Executing : def_port {cmos5_href} LOC=N15 VCCIO=3.3 IOSTANDARD=LVCMOS33 NONE=TRUE successfully
Executing : def_port {cmos5_pclk} LOC=T18 VCCIO=3.3 IOSTANDARD=LVCMOS33 NONE=TRUE
C: ConstraintEditor-2002: [G:/fpga_competition/image_recognition/fpga/fpga_pcie_ov5640/project/device_map/image_pcie_capture.pcf(line number: 94)] | Port cmos5_pclk has been placed at location T18, whose type is share pin.
Executing : def_port {cmos5_pclk} LOC=T18 VCCIO=3.3 IOSTANDARD=LVCMOS33 NONE=TRUE successfully
Executing : def_port {cmos5_vsync} LOC=W17 VCCIO=3.3 IOSTANDARD=LVCMOS33 NONE=TRUE
C: ConstraintEditor-2002: [G:/fpga_competition/image_recognition/fpga/fpga_pcie_ov5640/project/device_map/image_pcie_capture.pcf(line number: 95)] | Port cmos5_vsync has been placed at location W17, whose type is share pin.
Executing : def_port {cmos5_vsync} LOC=W17 VCCIO=3.3 IOSTANDARD=LVCMOS33 NONE=TRUE successfully
Executing : def_port {cmos6_data[0]} LOC=U17 VCCIO=3.3 IOSTANDARD=LVCMOS33 NONE=TRUE
C: ConstraintEditor-2002: [G:/fpga_competition/image_recognition/fpga/fpga_pcie_ov5640/project/device_map/image_pcie_capture.pcf(line number: 96)] | Port cmos6_data[0] has been placed at location U17, whose type is share pin.
Executing : def_port {cmos6_data[0]} LOC=U17 VCCIO=3.3 IOSTANDARD=LVCMOS33 NONE=TRUE successfully
Executing : def_port {cmos6_data[1]} LOC=V20 VCCIO=3.3 IOSTANDARD=LVCMOS33 NONE=TRUE
Executing : def_port {cmos6_data[1]} LOC=V20 VCCIO=3.3 IOSTANDARD=LVCMOS33 NONE=TRUE successfully
Executing : def_port {cmos6_data[2]} LOC=R16 VCCIO=3.3 IOSTANDARD=LVCMOS33 NONE=TRUE
C: ConstraintEditor-2002: [G:/fpga_competition/image_recognition/fpga/fpga_pcie_ov5640/project/device_map/image_pcie_capture.pcf(line number: 98)] | Port cmos6_data[2] has been placed at location R16, whose type is share pin.
Executing : def_port {cmos6_data[2]} LOC=R16 VCCIO=3.3 IOSTANDARD=LVCMOS33 NONE=TRUE successfully
Executing : def_port {cmos6_data[3]} LOC=P15 VCCIO=3.3 IOSTANDARD=LVCMOS33 NONE=TRUE
C: ConstraintEditor-2002: [G:/fpga_competition/image_recognition/fpga/fpga_pcie_ov5640/project/device_map/image_pcie_capture.pcf(line number: 99)] | Port cmos6_data[3] has been placed at location P15, whose type is share pin.
Executing : def_port {cmos6_data[3]} LOC=P15 VCCIO=3.3 IOSTANDARD=LVCMOS33 NONE=TRUE successfully
Executing : def_port {cmos6_data[4]} LOC=W19 VCCIO=3.3 IOSTANDARD=LVCMOS33 NONE=TRUE
Executing : def_port {cmos6_data[4]} LOC=W19 VCCIO=3.3 IOSTANDARD=LVCMOS33 NONE=TRUE successfully
Executing : def_port {cmos6_data[5]} LOC=W20 VCCIO=3.3 IOSTANDARD=LVCMOS33 NONE=TRUE
Executing : def_port {cmos6_data[5]} LOC=W20 VCCIO=3.3 IOSTANDARD=LVCMOS33 NONE=TRUE successfully
Executing : def_port {cmos6_data[6]} LOC=P17 VCCIO=3.3 IOSTANDARD=LVCMOS33 NONE=TRUE
C: ConstraintEditor-2002: [G:/fpga_competition/image_recognition/fpga/fpga_pcie_ov5640/project/device_map/image_pcie_capture.pcf(line number: 102)] | Port cmos6_data[6] has been placed at location P17, whose type is share pin.
Executing : def_port {cmos6_data[6]} LOC=P17 VCCIO=3.3 IOSTANDARD=LVCMOS33 NONE=TRUE successfully
Executing : def_port {cmos6_data[7]} LOC=AB18 VCCIO=3.3 IOSTANDARD=LVCMOS33 NONE=TRUE
C: ConstraintEditor-2002: [G:/fpga_competition/image_recognition/fpga/fpga_pcie_ov5640/project/device_map/image_pcie_capture.pcf(line number: 103)] | Port cmos6_data[7] has been placed at location AB18, whose type is share pin.
Executing : def_port {cmos6_data[7]} LOC=AB18 VCCIO=3.3 IOSTANDARD=LVCMOS33 NONE=TRUE successfully
Executing : def_port {cmos6_href} LOC=U18 VCCIO=3.3 IOSTANDARD=LVCMOS33 NONE=TRUE
C: ConstraintEditor-2002: [G:/fpga_competition/image_recognition/fpga/fpga_pcie_ov5640/project/device_map/image_pcie_capture.pcf(line number: 104)] | Port cmos6_href has been placed at location U18, whose type is share pin.
Executing : def_port {cmos6_href} LOC=U18 VCCIO=3.3 IOSTANDARD=LVCMOS33 NONE=TRUE successfully
Executing : def_port {cmos6_pclk} LOC=P16 VCCIO=3.3 IOSTANDARD=LVCMOS33 NONE=TRUE
C: ConstraintEditor-2002: [G:/fpga_competition/image_recognition/fpga/fpga_pcie_ov5640/project/device_map/image_pcie_capture.pcf(line number: 105)] | Port cmos6_pclk has been placed at location P16, whose type is share pin.
Executing : def_port {cmos6_pclk} LOC=P16 VCCIO=3.3 IOSTANDARD=LVCMOS33 NONE=TRUE successfully
Executing : def_port {cmos6_vsync} LOC=R17 VCCIO=3.3 IOSTANDARD=LVCMOS33 NONE=TRUE
C: ConstraintEditor-2002: [G:/fpga_competition/image_recognition/fpga/fpga_pcie_ov5640/project/device_map/image_pcie_capture.pcf(line number: 106)] | Port cmos6_vsync has been placed at location R17, whose type is share pin.
Executing : def_port {cmos6_vsync} LOC=R17 VCCIO=3.3 IOSTANDARD=LVCMOS33 NONE=TRUE successfully
Executing : def_port {free_clk} LOC=V4 VCCIO=1.5 IOSTANDARD=LVCMOS15 UNUSED=TRUE
Executing : def_port {free_clk} LOC=V4 VCCIO=1.5 IOSTANDARD=LVCMOS15 UNUSED=TRUE successfully
Executing : def_port {perst_n} LOC=M16 VCCIO=3.3 IOSTANDARD=LVCMOS18 NONE=TRUE
C: ConstraintEditor-2002: [G:/fpga_competition/image_recognition/fpga/fpga_pcie_ov5640/project/device_map/image_pcie_capture.pcf(line number: 108)] | Port perst_n has been placed at location M16, whose type is share pin.
Executing : def_port {perst_n} LOC=M16 VCCIO=3.3 IOSTANDARD=LVCMOS18 NONE=TRUE successfully
Executing : def_port {ref_clk_n} LOC=E6
Executing : def_port {ref_clk_n} LOC=E6 successfully
Executing : def_port {ref_clk_p} LOC=F6
Executing : def_port {ref_clk_p} LOC=F6 successfully
Executing : def_port {spi_clk} LOC=L19 VCCIO=3.3 IOSTANDARD=LVCMOS18 NONE=TRUE
Executing : def_port {spi_clk} LOC=L19 VCCIO=3.3 IOSTANDARD=LVCMOS18 NONE=TRUE successfully
Executing : def_port {spi_cs} LOC=L20 VCCIO=3.3 IOSTANDARD=LVCMOS18 NONE=TRUE
Executing : def_port {spi_cs} LOC=L20 VCCIO=3.3 IOSTANDARD=LVCMOS18 NONE=TRUE successfully
Executing : def_inst_site {I_ips_ddr_top/u_ddrphy_top/ddrphy_reset_ctrl/ddrphy_ioclk_gate[0]/opit_0_inv} CLMA_357_354 FF3
Executing : def_inst_site {I_ips_ddr_top/u_ddrphy_top/ddrphy_reset_ctrl/ddrphy_ioclk_gate[0]/opit_0_inv} CLMA_357_354 FF3 successfully
Executing : def_inst_site {I_ips_ddr_top/u_ddrphy_top/ddrphy_reset_ctrl/ddrphy_ioclk_gate[1]/opit_0_inv} CLMA_357_660 FF3
Executing : def_inst_site {I_ips_ddr_top/u_ddrphy_top/ddrphy_reset_ctrl/ddrphy_ioclk_gate[1]/opit_0_inv} CLMA_357_660 FF3 successfully
Executing : def_inst_site {I_ips_ddr_top/u_ddrphy_top/u_ddrphy_cpd/cpd_inst} DDRPHY_CPD_369_466
Executing : def_inst_site {I_ips_ddr_top/u_ddrphy_top/u_ddrphy_cpd/cpd_inst} DDRPHY_CPD_369_466 successfully
Executing : def_inst_site {u_ips2l_pcie_wrap/U_IPS2L_PCIE_TOP/U_IPS2L_HSSTLP_PCIE_SOFT_PHY/x2.GTP_HSST_2LANE_TOP/U_GTP_HSSTLP_WRAPPER/CHANNEL0_ENABLE.U_GTP_HSSTLP_LANE0/gophsst} HSSTLP_364_918 U0_HSSTLP_LANE
Executing : def_inst_site {u_ips2l_pcie_wrap/U_IPS2L_PCIE_TOP/U_IPS2L_HSSTLP_PCIE_SOFT_PHY/x2.GTP_HSST_2LANE_TOP/U_GTP_HSSTLP_WRAPPER/CHANNEL0_ENABLE.U_GTP_HSSTLP_LANE0/gophsst} HSSTLP_364_918 U0_HSSTLP_LANE successfully
Executing : def_inst_site {u_ips2l_pcie_wrap/U_IPS2L_PCIE_TOP/U_IPS2L_HSSTLP_PCIE_SOFT_PHY/x2.GTP_HSST_2LANE_TOP/U_GTP_HSSTLP_WRAPPER/CHANNEL1_ENABLE.U_GTP_HSSTLP_LANE1/gophsst} HSSTLP_364_918 U1_HSSTLP_LANE
Executing : def_inst_site {u_ips2l_pcie_wrap/U_IPS2L_PCIE_TOP/U_IPS2L_HSSTLP_PCIE_SOFT_PHY/x2.GTP_HSST_2LANE_TOP/U_GTP_HSSTLP_WRAPPER/CHANNEL1_ENABLE.U_GTP_HSSTLP_LANE1/gophsst} HSSTLP_364_918 U1_HSSTLP_LANE successfully
Executing : def_inst_site {u_ips2l_pcie_wrap/U_IPS2L_PCIE_TOP/U_IPS2L_HSSTLP_PCIE_SOFT_PHY/x2.GTP_HSST_2LANE_TOP/U_GTP_HSSTLP_WRAPPER/PLL0_ENABLE.U_GTP_HSSTLP_PLL0/gophsst} HSSTLP_364_918 U0_HSSTLP_PLL
Executing : def_inst_site {u_ips2l_pcie_wrap/U_IPS2L_PCIE_TOP/U_IPS2L_HSSTLP_PCIE_SOFT_PHY/x2.GTP_HSST_2LANE_TOP/U_GTP_HSSTLP_WRAPPER/PLL0_ENABLE.U_GTP_HSSTLP_PLL0/gophsst} HSSTLP_364_918 U0_HSSTLP_PLL successfully
W: ConstraintEditor-4019: Port Bus 'rxn' unspecified I/O constraint.
W: ConstraintEditor-4019: Port Bus 'rxp' unspecified I/O constraint.
W: ConstraintEditor-4019: Port Bus 'txn' unspecified I/O constraint.
W: ConstraintEditor-4019: Port Bus 'txp' unspecified I/O constraint.
W: ConstraintEditor-4019: Port 'heart_beat_led' unspecified I/O constraint.
Constraint check end.
I: Column Clock Check open.
Read Column Clock Map.

Placement started.
Phase 1 Pre global placement started.
Mapping instance GRS_INST/grs_ccs to CCS_87_316.
Mapping instance u_CORES/u_GTP_SCANCHAIN_PG/scanchain to SCANCHAIN_88_312.
Mapping instance u_ips2l_pcie_wrap/U_IPS2L_PCIE_TOP/U_IPS2L_PCIE_HARD_CTRL/u_gtp_pcie/gateop to PCIE_315_918.
Mapping instance I_ips_ddr_top/u_ddrphy_top/ddrphy_gpll/u_gpll/gpll_inst to GPLL_367_463.
Mapping instance I_ips_ddr_top/u_ddrphy_top/ddrphy_slice_top/i_dqs_bank[0].u_ddrphy_ioclkdiv/ddrphy_ioclk_div_inst to DDRPHY_IOCLK_DIV_368_310.
Mapping instance I_ips_ddr_top/u_ddrphy_top/ddrphy_slice_top/i_dqs_bank[0].ddrphy_ppll/u_ppll/ppll_inst to PPLL_367_307.
Mapping instance I_ips_ddr_top/u_ddrphy_top/ddrphy_slice_top/i_ca_group[0].u_ddc_ca/ddc_inst to DDR_PHY_369_465.
Mapping instance I_ips_ddr_top/u_ddrphy_top/ddrphy_slice_top/i_ca_group[1].u_ddc_ca/ddc_inst to DDR_PHY_369_463.
Mapping instance I_ips_ddr_top/u_ddrphy_top/ddrphy_slice_top/i_ca_group[2].u_ddc_ca/ddc_inst to DDR_PHY_369_309.
Mapping instance I_ips_ddr_top/u_ddrphy_top/ddrphy_slice_top/i_dqs_bank[1].u_ddrphy_ioclkdiv/ddrphy_ioclk_div_inst to DDRPHY_IOCLK_DIV_368_616.
Mapping instance I_ips_ddr_top/u_ddrphy_top/ddrphy_slice_top/i_dqs_bank[1].ddrphy_ppll/u_ppll/ppll_inst to PPLL_367_613.
Mapping instance I_ips_ddr_top/u_ddrphy_top/ddrphy_slice_top/i_dqs_group[0].ddrphy_data_slice/u_ddc_dq/ddc_inst_PHY to DDR_PHY_369_613.
Mapping instance I_ips_ddr_top/u_ddrphy_top/ddrphy_slice_top/i_dqs_group[1].ddrphy_data_slice/u_ddc_dq/ddc_inst_PHY to DDR_PHY_369_615.
Phase 1.1 1st GP placement started.
Design Utilization : 34%.
First map gop timing takes 2.88 sec
Worst slack after clock region global placement is -11593
Wirelength after clock region global placement is 333165 and checksum is 911C7109459F6857.
1st GP placement takes 12.89 sec.

Phase 1.2 Clock placement started.
Mapping instance I_ips_ddr_top/u_ddrphy_top/ddrphy_slice_top/i_dqs_bank[0].u_clkbufr/goprclk to RCKB_363_456.
Mapping instance I_ips_ddr_top/u_ddrphy_top/ddrphy_slice_top/i_dqs_bank[1].u_clkbufr/goprclk to RCKB_363_762.
Mapping instance I_ips_ddr_top/u_ddrphy_top/u_clkbufm/clkbufm_inst to MRCKB_361_456.
Mapping instance clkbufg_3/gopclkbufg to USCM_215_624.
Mapping instance I_ips_ddr_top/u_ddrphy_top/u_sysclk_bufg/gopclkbufg to USCM_215_576.
Mapping instance clkbufg_6/gopclkbufg to USCM_215_627.
Mapping instance u_ips2l_pcie_wrap/U_IPS2L_PCIE_TOP/U_IPS2L_HSSTLP_PCIE_SOFT_PHY/u_clkbufg/gopclkbufg to USCM_215_630.
Mapping instance clkbufg_7/gopclkbufg to USCM_215_633.
Mapping instance clkbufg_11/gopclkbufg to USCM_215_636.
Mapping instance u_ov5640_top/u_pll/u_gpll/gpll_inst to GPLL_7_463.
Mapping instance clkbufg_10/gopclkbufg to USCM_215_579.
Mapping instance clkbufg_12/gopclkbufg to USCM_215_582.
Mapping instance I_ips_ddr_top/u_ddrphy_top/rst_clk_gpll/u_gpll/gpll_inst to GPLL_7_157.
Mapping instance I_ips_ddr_top/u_ddrphy_top/u_rst_clk_bufg/gopclkbufg to USCM_215_585.
Mapping instance u_fspi_slave_top/clk_gen_inst/u_gpll/gpll_inst to GPLL_367_769.
Mapping instance clkbufg_13/gopclkbufg to USCM_215_639.
Mapping instance the_instance_name/u_gpll/gpll_inst to GPLL_7_769.
Mapping instance clkbufg_9/gopclkbufg to USCM_215_642.
C: Place-2028: GLOBAL_CLOCK: the driver cmos5_pclk_ibuf/opit_1 fixed at IOLHR_16_360 is unreasonable. Sub-optimal placement for a clock source and a clock buffer.
Mapping instance clkbufg_5/gopclkbufg to USCM_215_588.
C: Place-2028: GLOBAL_CLOCK: the driver cmos6_pclk_ibuf/opit_1 fixed at IOLHR_16_318 is unreasonable. Sub-optimal placement for a clock source and a clock buffer.
Mapping instance clkbufg_4/gopclkbufg to USCM_215_591.
C: Place-2028: GLOBAL_CLOCK: the driver u_CORES/u_GTP_SCANCHAIN_PG/scanchain fixed at SCANCHAIN_88_312 is unreasonable. Sub-optimal placement for a clock source and a clock buffer.
Mapping instance clkbufg_8/gopclkbufg to USCM_215_594.
Clock placement takes 0.34 sec.

Wirelength after Pre Global Placement is 333165 and checksum is 911C7109459F6857.
Pre global placement takes 14.00 sec.

Phase 2 Global placement started.
Phase 2.1 Fixed placement started.
Placed fixed group with base inst I_ips_ddr_top/u_ddrphy_top/ddrphy_slice_top/i_dqs_group[0].ddrphy_data_slice/dq_loop[0].u_iobuf_dq/opit_1 on IOLHR_364_624.
Placed fixed group with base inst I_ips_ddr_top/u_ddrphy_top/ddrphy_slice_top/i_dqs_group[0].ddrphy_data_slice/dq_loop[1].u_iobuf_dq/opit_1 on IOLHR_364_630.
Placed fixed group with base inst I_ips_ddr_top/u_ddrphy_top/ddrphy_slice_top/i_dqs_group[0].ddrphy_data_slice/dq_loop[2].u_iobuf_dq/opit_1 on IOLHR_364_636.
Placed fixed group with base inst I_ips_ddr_top/u_ddrphy_top/ddrphy_slice_top/i_dqs_group[0].ddrphy_data_slice/dq_loop[3].u_iobuf_dq/opit_1 on IOLHR_364_642.
Placed fixed group with base inst I_ips_ddr_top/u_ddrphy_top/ddrphy_slice_top/i_dqs_group[0].ddrphy_data_slice/dq_loop[4].u_iobuf_dq/opit_1 on IOLHR_364_648.
Placed fixed group with base inst I_ips_ddr_top/u_ddrphy_top/ddrphy_slice_top/i_dqs_group[0].ddrphy_data_slice/dq_loop[5].u_iobuf_dq/opit_1 on IOLHR_364_666.
Placed fixed group with base inst I_ips_ddr_top/u_ddrphy_top/ddrphy_slice_top/i_dqs_group[0].ddrphy_data_slice/dq_loop[6].u_iobuf_dq/opit_1 on IOLHR_364_672.
Placed fixed group with base inst I_ips_ddr_top/u_ddrphy_top/ddrphy_slice_top/i_dqs_group[0].ddrphy_data_slice/dq_loop[7].u_iobuf_dq/opit_1 on IOLHR_364_684.
Placed fixed group with base inst I_ips_ddr_top/u_ddrphy_top/ddrphy_slice_top/i_dqs_group[0].ddrphy_data_slice/genblk1.u_iobufco_dqs/opit_2 on IOLHR_364_660.
Placed fixed group with base inst I_ips_ddr_top/u_ddrphy_top/ddrphy_slice_top/i_dqs_group[0].ddrphy_data_slice/u_outbuft_dm/opit_1 on IOLHR_364_618.
Placed fixed group with base inst I_ips_ddr_top/u_ddrphy_top/ddrphy_slice_top/i_dqs_group[1].ddrphy_data_slice/dq_loop[0].u_iobuf_dq/opit_1 on IOLHR_364_702.
Placed fixed group with base inst I_ips_ddr_top/u_ddrphy_top/ddrphy_slice_top/i_dqs_group[1].ddrphy_data_slice/dq_loop[1].u_iobuf_dq/opit_1 on IOLHR_364_708.
Placed fixed group with base inst I_ips_ddr_top/u_ddrphy_top/ddrphy_slice_top/i_dqs_group[1].ddrphy_data_slice/dq_loop[2].u_iobuf_dq/opit_1 on IOLHR_364_714.
Placed fixed group with base inst I_ips_ddr_top/u_ddrphy_top/ddrphy_slice_top/i_dqs_group[1].ddrphy_data_slice/dq_loop[3].u_iobuf_dq/opit_1 on IOLHR_364_720.
Placed fixed group with base inst I_ips_ddr_top/u_ddrphy_top/ddrphy_slice_top/i_dqs_group[1].ddrphy_data_slice/dq_loop[4].u_iobuf_dq/opit_1 on IOLHR_364_738.
Placed fixed group with base inst I_ips_ddr_top/u_ddrphy_top/ddrphy_slice_top/i_dqs_group[1].ddrphy_data_slice/dq_loop[5].u_iobuf_dq/opit_1 on IOLHR_364_744.
Placed fixed group with base inst I_ips_ddr_top/u_ddrphy_top/ddrphy_slice_top/i_dqs_group[1].ddrphy_data_slice/dq_loop[6].u_iobuf_dq/opit_1 on IOLHR_364_750.
Placed fixed group with base inst I_ips_ddr_top/u_ddrphy_top/ddrphy_slice_top/i_dqs_group[1].ddrphy_data_slice/dq_loop[7].u_iobuf_dq/opit_1 on IOLHR_364_756.
Placed fixed group with base inst I_ips_ddr_top/u_ddrphy_top/ddrphy_slice_top/i_dqs_group[1].ddrphy_data_slice/genblk1.u_iobufco_dqs/opit_2 on IOLHR_364_732.
Placed fixed group with base inst I_ips_ddr_top/u_ddrphy_top/ddrphy_slice_top/i_dqs_group[1].ddrphy_data_slice/u_outbuft_dm/opit_1 on IOLHR_364_696.
Placed fixed group with base inst I_ips_ddr_top/u_ddrphy_top/ddrphy_slice_top/i_mem_addr_0[0].u_outbuft_addr0/opit_1 on IOLHR_364_600.
Placed fixed group with base inst I_ips_ddr_top/u_ddrphy_top/ddrphy_slice_top/i_mem_addr_0[1].u_outbuft_addr0/opit_1 on IOLHR_364_594.
Placed fixed group with base inst I_ips_ddr_top/u_ddrphy_top/ddrphy_slice_top/i_mem_addr_0[2].u_outbuft_addr0/opit_1 on IOLHR_364_588.
Placed fixed group with base inst I_ips_ddr_top/u_ddrphy_top/ddrphy_slice_top/i_mem_addr_0[3].u_outbuft_addr0/opit_1 on IOLHR_364_582.
Placed fixed group with base inst I_ips_ddr_top/u_ddrphy_top/ddrphy_slice_top/i_mem_addr_0[4].u_outbuft_addr0/opit_1 on IOLHR_364_576.
Placed fixed group with base inst I_ips_ddr_top/u_ddrphy_top/ddrphy_slice_top/i_mem_addr_0[5].u_outbuft_addr0/opit_1 on IOLHR_364_570.
Placed fixed group with base inst I_ips_ddr_top/u_ddrphy_top/ddrphy_slice_top/i_mem_addr_0[6].u_outbuft_addr0/opit_1 on IOLHR_364_564.
Placed fixed group with base inst I_ips_ddr_top/u_ddrphy_top/ddrphy_slice_top/i_mem_addr_0[7].u_outbuft_addr0/opit_1 on IOLHR_364_558.
Placed fixed group with base inst I_ips_ddr_top/u_ddrphy_top/ddrphy_slice_top/i_mem_addr_0[8].u_outbuft_addr0/opit_1 on IOLHR_364_552.
Placed fixed group with base inst I_ips_ddr_top/u_ddrphy_top/ddrphy_slice_top/i_mem_addr_0[9].u_outbuft_addr0/opit_1 on IOLHR_364_546.
Placed fixed group with base inst I_ips_ddr_top/u_ddrphy_top/ddrphy_slice_top/i_mem_addr_0[10].u_outbuft_addr0/opit_1 on IOLHR_364_540.
Placed fixed group with base inst I_ips_ddr_top/u_ddrphy_top/ddrphy_slice_top/i_mem_addr_0[11].u_outbuft_addr0/opit_1 on IOLHR_364_528.
Placed fixed group with base inst I_ips_ddr_top/u_ddrphy_top/ddrphy_slice_top/i_mem_addr_0[12].u_outbuft_addr0/opit_1 on IOLHR_364_522.
Placed fixed group with base inst I_ips_ddr_top/u_ddrphy_top/ddrphy_slice_top/i_mem_addr_0[13].u_outbuft_addr0/opit_1 on IOLHR_364_516.
Placed fixed group with base inst I_ips_ddr_top/u_ddrphy_top/ddrphy_slice_top/i_mem_addr_0[14].u_outbuft_addr0/opit_1 on IOLHR_364_510.
Placed fixed group with base inst I_ips_ddr_top/u_ddrphy_top/ddrphy_slice_top/k_mem_ba[0].u_outbuft_ba/opit_1 on IOLHR_364_498.
Placed fixed group with base inst I_ips_ddr_top/u_ddrphy_top/ddrphy_slice_top/k_mem_ba[1].u_outbuft_ba/opit_1 on IOLHR_364_492.
Placed fixed group with base inst I_ips_ddr_top/u_ddrphy_top/ddrphy_slice_top/k_mem_ba[2].u_outbuft_ba/opit_1 on IOLHR_364_486.
Placed fixed group with base inst I_ips_ddr_top/u_ddrphy_top/ddrphy_slice_top/u_outbuft_casn/opit_1 on IOLHR_364_414.
Placed fixed group with base inst I_ips_ddr_top/u_ddrphy_top/ddrphy_slice_top/u_outbuft_cke/opit_1 on IOLHR_364_462.
Placed fixed group with base inst I_ips_ddr_top/u_ddrphy_top/ddrphy_slice_top/u_outbuft_csn/opit_1 on IOLHR_364_408.
Placed fixed group with base inst I_ips_ddr_top/u_ddrphy_top/ddrphy_slice_top/u_outbuft_odt/opit_1 on IOLHR_364_402.
Placed fixed group with base inst I_ips_ddr_top/u_ddrphy_top/ddrphy_slice_top/u_outbuft_rasn/opit_1 on IOLHR_364_420.
Placed fixed group with base inst I_ips_ddr_top/u_ddrphy_top/ddrphy_slice_top/u_outbuft_wen/opit_1 on IOLHR_364_426.
Placed fixed group with base inst I_ips_ddr_top/u_ddrphy_top/ddrphy_slice_top/u_outbuftco_ck/opit_3 on IOLHR_364_480.
Placed fixed group with base inst RXD_ibuf/opit_1 on IOLHR_16_978.
Placed fixed group with base inst back_obuf/opit_1 on IOLHR_16_882.
Placed fixed group with base inst board_rst_n_ibuf/opit_1 on IOLHR_16_624.
Placed fixed group with base inst cmos2_data_ibuf[0]/opit_1 on IOLHR_16_1056.
Placed fixed group with base inst cmos2_data_ibuf[1]/opit_1 on IOLHR_16_1134.
Placed fixed group with base inst cmos2_data_ibuf[2]/opit_1 on IOLHR_16_1140.
Placed fixed group with base inst cmos2_data_ibuf[3]/opit_1 on IOLHR_16_1176.
Placed fixed group with base inst cmos2_data_ibuf[4]/opit_1 on IOLHR_16_984.
Placed fixed group with base inst cmos2_data_ibuf[5]/opit_1 on IOLHR_16_1032.
Placed fixed group with base inst cmos2_data_ibuf[6]/opit_1 on IOLHR_16_1164.
Placed fixed group with base inst cmos2_data_ibuf[7]/opit_1 on IOLHR_16_1158.
Placed fixed group with base inst cmos2_href_ibuf/opit_1 on IOLHR_16_1110.
Placed fixed group with base inst cmos2_pclk_ibuf/opit_1 on IOLHR_16_1062.
Placed fixed group with base inst cmos2_reset_obuf/opit_1 on IOLHR_16_1122.
Placed fixed group with base inst cmos2_scl_iobuf/opit_1 on IOLHR_16_1170.
Placed fixed group with base inst cmos2_vsync_ibuf/opit_1 on IOLHR_16_1116.
Placed fixed group with base inst cmos5_data_ibuf[0]/opit_1 on IOLHR_16_450.
Placed fixed group with base inst cmos5_data_ibuf[1]/opit_1 on IOLHR_16_426.
Placed fixed group with base inst cmos5_data_ibuf[2]/opit_1 on IOLHR_16_420.
Placed fixed group with base inst cmos5_data_ibuf[3]/opit_1 on IOLHR_16_432.
Placed fixed group with base inst cmos5_data_ibuf[4]/opit_1 on IOLHR_16_666.
Placed fixed group with base inst cmos5_data_ibuf[5]/opit_1 on IOLHR_16_486.
Placed fixed group with base inst cmos5_data_ibuf[6]/opit_1 on IOLHR_16_444.
Placed fixed group with base inst cmos5_data_ibuf[7]/opit_1 on IOLHR_16_492.
Placed fixed group with base inst cmos5_href_ibuf/opit_1 on IOLHR_16_306.
Placed fixed group with base inst cmos5_pclk_ibuf/opit_1 on IOLHR_16_360.
Placed fixed group with base inst cmos5_reset_obuf/opit_1 on IOLHR_16_438.
Placed fixed group with base inst cmos5_scl_iobuf/opit_1 on IOLHR_16_372.
Placed fixed group with base inst cmos5_vsync_ibuf/opit_1 on IOLHR_16_408.
Placed fixed group with base inst cmos6_data_ibuf[0]/opit_1 on IOLHR_16_390.
Placed fixed group with base inst cmos6_data_ibuf[1]/opit_1 on IOLHR_16_474.
Placed fixed group with base inst cmos6_data_ibuf[2]/opit_1 on IOLHR_16_336.
Placed fixed group with base inst cmos6_data_ibuf[3]/opit_1 on IOLHR_16_342.
Placed fixed group with base inst cmos6_data_ibuf[4]/opit_1 on IOLHR_16_468.
Placed fixed group with base inst cmos6_data_ibuf[5]/opit_1 on IOLHR_16_462.
Placed fixed group with base inst cmos6_data_ibuf[6]/opit_1 on IOLHR_16_348.
Placed fixed group with base inst cmos6_data_ibuf[7]/opit_1 on IOLHR_16_396.
Placed fixed group with base inst cmos6_href_ibuf/opit_1 on IOLHR_16_384.
Placed fixed group with base inst cmos6_pclk_ibuf/opit_1 on IOLHR_16_318.
Placed fixed group with base inst cmos6_reset_obuf/opit_1 on IOLHR_16_510.
Placed fixed group with base inst cmos6_scl_iobuf/opit_1 on IOLHR_16_480.
Placed fixed group with base inst cmos6_vsync_ibuf/opit_1 on IOLHR_16_312.
Placed fixed group with base inst free_clk_ibuf/opit_1 on IOLHR_364_468.
Placed fixed group with base inst go_obuf/opit_1 on IOLHR_16_870.
Placed fixed group with base inst left_obuf/opit_1 on IOLHR_16_1218.
Placed fixed group with base inst mem_rst_n_obuf/opit_1 on IOLHR_364_606.
Placed fixed group with base inst pclk_led_obuf/opit_1 on IOLHR_16_912.
Placed fixed group with base inst perst_n_ibuf/opit_1 on IOLHR_16_618.
Placed fixed group with base inst ref_led_obuf/opit_1 on IOLHR_16_612.
Placed fixed group with base inst right_obuf/opit_1 on IOLHR_16_954.
Placed fixed group with base inst spi_clk_ibuf/opit_1 on IOLHR_16_744.
Placed fixed group with base inst spi_cs_ibuf/opit_1 on IOLHR_16_738.
Placed fixed group with base inst stop_obuf/opit_1 on IOLHR_16_906.
Placed fixed group with base inst u_fspi_slave_top.u_fspi_slave.spi_data_tri[0]/opit_1 on IOLHR_16_732.
Placed fixed group with base inst u_fspi_slave_top.u_fspi_slave.spi_data_tri[1]/opit_1 on IOLHR_16_726.
Placed fixed group with base inst u_fspi_slave_top.u_fspi_slave.spi_data_tri[2]/opit_1 on IOLHR_16_720.
Placed fixed group with base inst u_fspi_slave_top.u_fspi_slave.spi_data_tri[3]/opit_1 on IOLHR_16_714.
Placed fixed group with base inst u_ips2l_pcie_wrap/U_IPS2L_PCIE_TOP/U_IPS2L_HSSTLP_PCIE_SOFT_PHY/x2.GTP_HSST_2LANE_TOP/U_GTP_HSSTLP_WRAPPER/CHANNEL0_ENABLE.U_GTP_HSSTLP_LANE0/gophsst on HSSTLP_364_918.
Placed fixed group with base inst u_ov5640_top.cmos2_reg_config.u1.i2c_sdat_tri/opit_1 on IOLHR_16_1200.
Placed fixed group with base inst u_ov5640_top.cmos5_reg_config.u1.i2c_sdat_tri/opit_1 on IOLHR_16_378.
Placed fixed group with base inst u_ov5640_top.cmos6_reg_config.u1.i2c_sdat_tri/opit_1 on IOLHR_16_354.
Placed fixed instance I_ips_ddr_top/u_ddrphy_top/ddrphy_reset_ctrl/ddrphy_ioclk_gate[0]/opit_0_inv on CLMA_357_354.
Placed fixed instance I_ips_ddr_top/u_ddrphy_top/ddrphy_reset_ctrl/ddrphy_ioclk_gate[1]/opit_0_inv on CLMA_357_660.
Placed fixed instance u_ips2l_pcie_wrap/U_IPS2L_PCIE_TOP/U_IPS2L_HSSTLP_PCIE_SOFT_PHY/x2.GTP_HSST_2LANE_TOP/U_GTP_HSSTLP_WRAPPER/PLL0_ENABLE.U_GTP_HSSTLP_PLL0/gophsst on HSSTLP_364_918.
Placed fixed instance GRS_INST/grs_ccs on CCS_87_316.
Placed fixed instance I_ips_ddr_top/u_ddrphy_top/ddrphy_gpll/u_gpll/gpll_inst on GPLL_367_463.
Placed fixed instance I_ips_ddr_top/u_ddrphy_top/ddrphy_slice_top/i_ca_group[0].u_ddc_ca/ddc_inst on DDR_PHY_369_465.
Placed fixed instance I_ips_ddr_top/u_ddrphy_top/ddrphy_slice_top/i_ca_group[1].u_ddc_ca/ddc_inst on DDR_PHY_369_463.
Placed fixed instance I_ips_ddr_top/u_ddrphy_top/ddrphy_slice_top/i_ca_group[2].u_ddc_ca/ddc_inst on DDR_PHY_369_309.
Placed fixed instance I_ips_ddr_top/u_ddrphy_top/ddrphy_slice_top/i_dqs_bank[0].ddrphy_ppll/u_ppll/ppll_inst on PPLL_367_307.
Placed fixed instance I_ips_ddr_top/u_ddrphy_top/ddrphy_slice_top/i_dqs_bank[0].u_clkbufr/goprclk on RCKB_363_456.
Placed fixed instance I_ips_ddr_top/u_ddrphy_top/ddrphy_slice_top/i_dqs_bank[0].u_ddrphy_ioclkdiv/ddrphy_ioclk_div_inst on DDRPHY_IOCLK_DIV_368_310.
Placed fixed instance I_ips_ddr_top/u_ddrphy_top/ddrphy_slice_top/i_dqs_bank[1].ddrphy_ppll/u_ppll/ppll_inst on PPLL_367_613.
Placed fixed instance I_ips_ddr_top/u_ddrphy_top/ddrphy_slice_top/i_dqs_bank[1].u_clkbufr/goprclk on RCKB_363_762.
Placed fixed instance I_ips_ddr_top/u_ddrphy_top/ddrphy_slice_top/i_dqs_bank[1].u_ddrphy_ioclkdiv/ddrphy_ioclk_div_inst on DDRPHY_IOCLK_DIV_368_616.
Placed fixed instance I_ips_ddr_top/u_ddrphy_top/ddrphy_slice_top/i_dqs_group[0].ddrphy_data_slice/u_ddc_dq/ddc_inst_PHY on DDR_PHY_369_613.
Placed fixed instance I_ips_ddr_top/u_ddrphy_top/ddrphy_slice_top/i_dqs_group[1].ddrphy_data_slice/u_ddc_dq/ddc_inst_PHY on DDR_PHY_369_615.
Placed fixed instance I_ips_ddr_top/u_ddrphy_top/rst_clk_gpll/u_gpll/gpll_inst on GPLL_7_157.
Placed fixed instance I_ips_ddr_top/u_ddrphy_top/u_clkbufm/clkbufm_inst on MRCKB_361_456.
Placed fixed instance I_ips_ddr_top/u_ddrphy_top/u_ddrphy_cpd/cpd_inst on DDRPHY_CPD_369_466.
Placed fixed instance I_ips_ddr_top/u_ddrphy_top/u_rst_clk_bufg/gopclkbufg on USCM_215_585.
Placed fixed instance I_ips_ddr_top/u_ddrphy_top/u_sysclk_bufg/gopclkbufg on USCM_215_576.
Placed fixed instance clkbufg_3/gopclkbufg on USCM_215_624.
Placed fixed instance clkbufg_4/gopclkbufg on USCM_215_591.
Placed fixed instance clkbufg_5/gopclkbufg on USCM_215_588.
Placed fixed instance clkbufg_6/gopclkbufg on USCM_215_627.
Placed fixed instance clkbufg_7/gopclkbufg on USCM_215_633.
Placed fixed instance clkbufg_8/gopclkbufg on USCM_215_594.
Placed fixed instance clkbufg_9/gopclkbufg on USCM_215_642.
Placed fixed instance clkbufg_10/gopclkbufg on USCM_215_579.
Placed fixed instance clkbufg_11/gopclkbufg on USCM_215_636.
Placed fixed instance clkbufg_12/gopclkbufg on USCM_215_582.
Placed fixed instance clkbufg_13/gopclkbufg on USCM_215_639.
Placed fixed instance ref_clk_n_ibuf_hsst on SPAD_363_922.
Placed fixed instance ref_clk_p_ibuf_hsst on SPAD_363_921.
Placed fixed instance the_instance_name/u_gpll/gpll_inst on GPLL_7_769.
Placed fixed instance u_CORES/u_GTP_SCANCHAIN_PG/scanchain on SCANCHAIN_88_312.
Placed fixed instance u_fspi_slave_top/clk_gen_inst/u_gpll/gpll_inst on GPLL_367_769.
Placed fixed instance u_ips2l_pcie_wrap/U_IPS2L_PCIE_TOP/U_IPS2L_HSSTLP_PCIE_SOFT_PHY/u_clkbufg/gopclkbufg on USCM_215_630.
Placed fixed instance u_ips2l_pcie_wrap/U_IPS2L_PCIE_TOP/U_IPS2L_PCIE_HARD_CTRL/u_gtp_pcie/gateop on PCIE_315_918.
Placed fixed instance u_ov5640_top/u_pll/u_gpll/gpll_inst on GPLL_7_463.
Placed fixed instance BKCL_auto_0 on BKCL_1_952.
Placed fixed instance BKCL_auto_1 on BKCL_1_646.
Placed fixed instance BKCL_auto_2 on BKCL_1_340.
Placed fixed instance BKCL_auto_3 on BKCL_373_646.
Placed fixed instance BKCL_auto_4 on BKCL_373_340.
Fixed placement takes 0.47 sec.

Phase 2.2 Process placement started.
I: The IO driver of I_ips_ddr_top/u_ddrphy_top/rst_clk_gpll/u_gpll/gpll_inst(CLKIN1) is not constraint at pllpad, its clock path will pass through SRB.
I: The IO driver of the_instance_name/u_gpll/gpll_inst(CLKIN1) is not constraint at pllpad, its clock path will pass through SRB.
I: The IO driver of u_fspi_slave_top/clk_gen_inst/u_gpll/gpll_inst(CLKIN1) is not constraint at pllpad, its clock path will pass through SRB.
I: The IO driver of u_ov5640_top/u_pll/u_gpll/gpll_inst(CLKIN1) is not constraint at pllpad, its clock path will pass through SRB.
Process placement takes 0.02 sec.

Phase 2.3 IO placement started.
IO placement takes 0.12 sec.

Phase 2.4 2nd GP placement started.
Run super clustering :
	Initial slack -6571.
	6 iterations finished.
	Final slack -3098.
Super clustering done.
Design Utilization : 34%.
Worst slack after global placement is -5056
2nd GP placement takes 9.98 sec.

Wirelength after global placement is 193473 and checksum is FF7AD6CF363C1E4.
Global placement takes 10.62 sec.

Phase 3 Post global placement started.
Packing LUT6D started.
I: LUT6D pack result: There are 3842 LUT6 in collection, pack success:105
Packing LUT6D takes 1.73 sec.
Phase 3.1 Macro cell placement started.
I: Process macros using "Greedy".
Wirelength after macro cell placement is 230232 and checksum is CAC93A1D4A85DD0B.
Macro cell placement takes 0.11 sec.

Phase 3.2 3rd GP placement started.
Run super clustering :
	Initial slack -6571.
	7 iterations finished.
	Final slack -3098.
Super clustering done.
Design Utilization : 34%.
Worst slack after post global placement is -5091
3rd GP placement takes 6.16 sec.

Wirelength after post global placement is 189698 and checksum is 3CB60B3674B0D746.
Packing LUT6D started.
I: LUT6D pack result: There are 3653 LUT6 in collection, pack success:6
Packing LUT6D takes 1.77 sec.
Post global placement takes 9.81 sec.

Phase 4 Legalization started.
The average distance in LP is 0.680851.
Wirelength after legalization is 233134 and checksum is E01787AB5101B947.
Legalization takes 1.75 sec.

Phase 5 Timing-driven detailed placement started.
Phase 5.1 Replication placement started.
Worst slack before Replication Place is -3475.
Replication placement takes 0.86 sec.

Wirelength after replication placement is 233134 and checksum is E01787AB5101B947.
Phase 5.2 Swapping placement started.
Worst slack before detailed placement is -3475, TNS before detailed placement is -231659. 
Cost at Swap iteration 0 : -3475, wslk -3465, tns -230798, takes 0.06 sec.
Cost at DP iteration 0 : -3465, wslk -3382, tns -227687, takes 0.05 sec.
Cost at Swap iteration 1 : -3382, wslk -3373, tns -227678, takes 0.05 sec.
Cost at Swap iteration 2 : -3373, wslk -3348, tns -227525, takes 0.05 sec.
Cost at DP iteration 2 : -3348, wslk -3348, tns -227406, takes 0.03 sec.
Cost at Swap iteration 3 : -3348, wslk -3348, tns -227406, takes 0.03 sec.
Cost at Swap iteration 4 : -3348, wslk -3348, tns -227406, takes 0.14 sec.
Cost at DP iteration 4 : -3348, wslk -3345, tns -226909, takes 0.11 sec.
Cost at Swap iteration 5 : -3345, wslk -3343, tns -226783, takes 0.05 sec.
Cost at Swap iteration 6 : -3343, wslk -3343, tns -226783, takes 0.05 sec.
Cost at DP iteration 6 : -3343, wslk -3343, tns -226661, takes 0.03 sec.
Cost at Swap iteration 7 : -3343, wslk -3343, tns -226661, takes 0.14 sec.
Cost at Swap iteration 8 : -3343, wslk -3343, tns -226661, takes 0.05 sec.
Cost at DP iteration 8 : -3343, wslk -3343, tns -226661, takes 0.03 sec.
Worst slack after detailed placement is -3343, TNS after detailed placement is -226661. 
Swapping placement takes 1.84 sec.

Wirelength after detailed placement is 233764 and checksum is EA95F07A9266A468.
Timing-driven detailed placement takes 2.75 sec.

Worst slack is -4451, TNS after placement is -285972.
Placement done.
Total placement takes 47.09 sec.
Finished placement.

Routing started.
Building routing graph takes 3.75 sec.
Worst slack is -4451, TNS before global route is -285972.
Processing design graph takes 2.61 sec.
Total memory for routing:
	238.635818 M.
Total nets for routing : 42488.
Global Routing step 1 processed 0 nets, it takes 3.34 sec.
Rcf routing step 1 processed 0 nets, it takes 0.00 sec.
Rcf routing step 2 processed 0 nets, it takes 0.00 sec.
Rcf routing step 3 processed 0 nets, it takes 0.00 sec.
Unrouted nets 2 at the end of iteration 0.
Unrouted nets 2 at the end of iteration 1.
Unrouted nets 2 at the end of iteration 2.
Unrouted nets 2 at the end of iteration 3.
Unrouted nets 2 at the end of iteration 4.
Unrouted nets 2 at the end of iteration 5.
Unrouted nets 2 at the end of iteration 6.
Unrouted nets 2 at the end of iteration 7.
Unrouted nets 2 at the end of iteration 8.
Unrouted nets 2 at the end of iteration 9.
Unrouted nets 2 at the end of iteration 10.
Unrouted nets 2 at the end of iteration 11.
Unrouted nets 2 at the end of iteration 12.
Unrouted nets 2 at the end of iteration 13.
Unrouted nets 2 at the end of iteration 14.
Unrouted nets 2 at the end of iteration 15.
Unrouted nets 2 at the end of iteration 16.
Unrouted nets 2 at the end of iteration 17.
Unrouted nets 2 at the end of iteration 18.
Unrouted nets 2 at the end of iteration 19.
Unrouted nets 2 at the end of iteration 20.
Unrouted nets 2 at the end of iteration 21.
Unrouted nets 2 at the end of iteration 22.
Unrouted nets 2 at the end of iteration 23.
Unrouted nets 2 at the end of iteration 24.
Unrouted nets 2 at the end of iteration 25.
Unrouted nets 2 at the end of iteration 26.
Unrouted nets 2 at the end of iteration 27.
Unrouted nets 2 at the end of iteration 28.
Unrouted nets 2 at the end of iteration 29.
Unrouted nets 2 at the end of iteration 30.
Unrouted nets 2 at the end of iteration 31.
Unrouted nets 2 at the end of iteration 32.
Unrouted nets 2 at the end of iteration 33.
Unrouted nets 2 at the end of iteration 34.
Unrouted nets 2 at the end of iteration 35.
Unrouted nets 2 at the end of iteration 36.
Unrouted nets 2 at the end of iteration 37.
Unrouted nets 2 at the end of iteration 38.
Unrouted nets 2 at the end of iteration 39.
Unrouted nets 2 at the end of iteration 40.
Unrouted nets 2 at the end of iteration 41.
Unrouted nets 2 at the end of iteration 42.
Unrouted nets 2 at the end of iteration 43.
Unrouted nets 2 at the end of iteration 44.
Unrouted nets 2 at the end of iteration 45.
Unrouted nets 2 at the end of iteration 46.
Unrouted nets 2 at the end of iteration 47.
Unrouted nets 2 at the end of iteration 48.
Unrouted nets 2 at the end of iteration 49.
Global Routing step 1 processed 63 nets, it takes 0.06 sec.
Unrouted nets 179 at the end of iteration 0.
Unrouted nets 102 at the end of iteration 1.
Unrouted nets 46 at the end of iteration 2.
Unrouted nets 45 at the end of iteration 3.
Unrouted nets 22 at the end of iteration 4.
Unrouted nets 20 at the end of iteration 5.
Unrouted nets 9 at the end of iteration 6.
Unrouted nets 6 at the end of iteration 7.
Unrouted nets 6 at the end of iteration 8.
Unrouted nets 2 at the end of iteration 9.
Unrouted nets 0 at the end of iteration 10.
Global Routing step 2 processed 500 nets, it takes 0.78 sec.
Unrouted nets 18 at the end of iteration 0.
Unrouted nets 7 at the end of iteration 1.
Unrouted nets 3 at the end of iteration 2.
Unrouted nets 2 at the end of iteration 3.
Unrouted nets 0 at the end of iteration 4.
Global Routing step 3 processed 27 nets, it takes 0.17 sec.
Unrouted nets 623 at the end of iteration 0.
Unrouted nets 311 at the end of iteration 1.
Unrouted nets 182 at the end of iteration 2.
Unrouted nets 85 at the end of iteration 3.
Unrouted nets 53 at the end of iteration 4.
Unrouted nets 26 at the end of iteration 5.
Unrouted nets 12 at the end of iteration 6.
Unrouted nets 7 at the end of iteration 7.
Unrouted nets 0 at the end of iteration 8.
Global Routing step 4 processed 1205 nets, it takes 2.36 sec.
Global routing takes 3.45 sec.
Total 46570 subnets.
    forward max bucket size 22603 , backward 550.
        Unrouted nets 25878 at the end of iteration 0.
    route iteration 0, CPU time elapsed 8.796875 sec.
    forward max bucket size 31631 , backward 464.
        Unrouted nets 19399 at the end of iteration 1.
    route iteration 1, CPU time elapsed 7.484375 sec.
    forward max bucket size 31576 , backward 338.
        Unrouted nets 15135 at the end of iteration 2.
    route iteration 2, CPU time elapsed 7.000000 sec.
    forward max bucket size 21336 , backward 398.
        Unrouted nets 12397 at the end of iteration 3.
    route iteration 3, CPU time elapsed 6.562500 sec.
    forward max bucket size 8626 , backward 466.
        Unrouted nets 10313 at the end of iteration 4.
    route iteration 4, CPU time elapsed 5.531250 sec.
    forward max bucket size 18820 , backward 399.
        Unrouted nets 8650 at the end of iteration 5.
    route iteration 5, CPU time elapsed 4.546875 sec.
    forward max bucket size 1157 , backward 353.
        Unrouted nets 8383 at the end of iteration 6.
    route iteration 6, CPU time elapsed 2.593750 sec.
    forward max bucket size 31422 , backward 388.
        Unrouted nets 7310 at the end of iteration 7.
    route iteration 7, CPU time elapsed 1.937500 sec.
    forward max bucket size 981 , backward 326.
        Unrouted nets 5910 at the end of iteration 8.
    route iteration 8, CPU time elapsed 1.406250 sec.
    forward max bucket size 792 , backward 555.
        Unrouted nets 4986 at the end of iteration 9.
    route iteration 9, CPU time elapsed 1.187500 sec.
    forward max bucket size 776 , backward 589.
        Unrouted nets 4227 at the end of iteration 10.
    route iteration 10, CPU time elapsed 1.031250 sec.
    forward max bucket size 787 , backward 441.
        Unrouted nets 3485 at the end of iteration 11.
    route iteration 11, CPU time elapsed 0.921875 sec.
    forward max bucket size 839 , backward 616.
        Unrouted nets 2903 at the end of iteration 12.
    route iteration 12, CPU time elapsed 0.750000 sec.
    forward max bucket size 731 , backward 541.
        Unrouted nets 2390 at the end of iteration 13.
    route iteration 13, CPU time elapsed 0.671875 sec.
    forward max bucket size 724 , backward 615.
        Unrouted nets 2041 at the end of iteration 14.
    route iteration 14, CPU time elapsed 0.578125 sec.
    forward max bucket size 517 , backward 413.
        Unrouted nets 1812 at the end of iteration 15.
    route iteration 15, CPU time elapsed 0.562500 sec.
    forward max bucket size 494 , backward 413.
        Unrouted nets 1617 at the end of iteration 16.
    route iteration 16, CPU time elapsed 0.500000 sec.
    forward max bucket size 912 , backward 409.
        Unrouted nets 1354 at the end of iteration 17.
    route iteration 17, CPU time elapsed 0.421875 sec.
    forward max bucket size 771 , backward 375.
        Unrouted nets 1136 at the end of iteration 18.
    route iteration 18, CPU time elapsed 0.359375 sec.
    forward max bucket size 513 , backward 400.
        Unrouted nets 1042 at the end of iteration 19.
    route iteration 19, CPU time elapsed 0.328125 sec.
    forward max bucket size 388 , backward 469.
        Unrouted nets 930 at the end of iteration 20.
    route iteration 20, CPU time elapsed 0.328125 sec.
    forward max bucket size 690 , backward 514.
        Unrouted nets 742 at the end of iteration 21.
    route iteration 21, CPU time elapsed 0.281250 sec.
    forward max bucket size 675 , backward 586.
        Unrouted nets 601 at the end of iteration 22.
    route iteration 22, CPU time elapsed 0.265625 sec.
    forward max bucket size 708 , backward 586.
        Unrouted nets 476 at the end of iteration 23.
    route iteration 23, CPU time elapsed 0.234375 sec.
    forward max bucket size 311 , backward 590.
        Unrouted nets 380 at the end of iteration 24.
    route iteration 24, CPU time elapsed 0.234375 sec.
    forward max bucket size 813 , backward 407.
        Unrouted nets 348 at the end of iteration 25.
    route iteration 25, CPU time elapsed 0.187500 sec.
    forward max bucket size 796 , backward 656.
        Unrouted nets 323 at the end of iteration 26.
    route iteration 26, CPU time elapsed 0.171875 sec.
    forward max bucket size 502 , backward 316.
        Unrouted nets 275 at the end of iteration 27.
    route iteration 27, CPU time elapsed 0.171875 sec.
    forward max bucket size 361 , backward 408.
        Unrouted nets 268 at the end of iteration 28.
    route iteration 28, CPU time elapsed 0.187500 sec.
    forward max bucket size 373 , backward 639.
        Unrouted nets 240 at the end of iteration 29.
    route iteration 29, CPU time elapsed 0.171875 sec.
    forward max bucket size 400 , backward 274.
        Unrouted nets 169 at the end of iteration 30.
    route iteration 30, CPU time elapsed 0.156250 sec.
    forward max bucket size 266 , backward 259.
        Unrouted nets 142 at the end of iteration 31.
    route iteration 31, CPU time elapsed 0.156250 sec.
    forward max bucket size 799 , backward 309.
        Unrouted nets 145 at the end of iteration 32.
    route iteration 32, CPU time elapsed 0.140625 sec.
    forward max bucket size 268 , backward 366.
        Unrouted nets 137 at the end of iteration 33.
    route iteration 33, CPU time elapsed 0.156250 sec.
    forward max bucket size 154 , backward 297.
        Unrouted nets 129 at the end of iteration 34.
    route iteration 34, CPU time elapsed 0.140625 sec.
    forward max bucket size 730 , backward 571.
        Unrouted nets 127 at the end of iteration 35.
    route iteration 35, CPU time elapsed 0.171875 sec.
    forward max bucket size 714 , backward 637.
        Unrouted nets 113 at the end of iteration 36.
    route iteration 36, CPU time elapsed 0.156250 sec.
    forward max bucket size 730 , backward 565.
        Unrouted nets 96 at the end of iteration 37.
    route iteration 37, CPU time elapsed 0.140625 sec.
    forward max bucket size 746 , backward 597.
        Unrouted nets 101 at the end of iteration 38.
    route iteration 38, CPU time elapsed 0.140625 sec.
    forward max bucket size 257 , backward 368.
        Unrouted nets 70 at the end of iteration 39.
    route iteration 39, CPU time elapsed 0.156250 sec.
    forward max bucket size 238 , backward 359.
        Unrouted nets 52 at the end of iteration 40.
    route iteration 40, CPU time elapsed 0.125000 sec.
    forward max bucket size 283 , backward 793.
        Unrouted nets 35 at the end of iteration 41.
    route iteration 41, CPU time elapsed 0.140625 sec.
    forward max bucket size 231 , backward 166.
        Unrouted nets 29 at the end of iteration 42.
    route iteration 42, CPU time elapsed 0.125000 sec.
    forward max bucket size 438 , backward 465.
        Unrouted nets 31 at the end of iteration 43.
    route iteration 43, CPU time elapsed 0.140625 sec.
    forward max bucket size 197 , backward 119.
        Unrouted nets 30 at the end of iteration 44.
    route iteration 44, CPU time elapsed 0.140625 sec.
    forward max bucket size 213 , backward 161.
        Unrouted nets 21 at the end of iteration 45.
    route iteration 45, CPU time elapsed 0.093750 sec.
    forward max bucket size 181 , backward 105.
        Unrouted nets 24 at the end of iteration 46.
    route iteration 46, CPU time elapsed 0.109375 sec.
    forward max bucket size 179 , backward 105.
        Unrouted nets 11 at the end of iteration 47.
    route iteration 47, CPU time elapsed 0.109375 sec.
    forward max bucket size 179 , backward 102.
        Unrouted nets 6 at the end of iteration 48.
    route iteration 48, CPU time elapsed 0.109375 sec.
    forward max bucket size 30 , backward 12.
        Unrouted nets 5 at the end of iteration 49.
    route iteration 49, CPU time elapsed 0.109375 sec.
    forward max bucket size 64 , backward 24.
        Unrouted nets 4 at the end of iteration 50.
    route iteration 50, CPU time elapsed 0.109375 sec.
    forward max bucket size 13 , backward 14.
        Unrouted nets 4 at the end of iteration 51.
    route iteration 51, CPU time elapsed 0.109375 sec.
    forward max bucket size 179 , backward 100.
        Unrouted nets 2 at the end of iteration 52.
    route iteration 52, CPU time elapsed 0.093750 sec.
    forward max bucket size 51 , backward 17.
        Unrouted nets 0 at the end of iteration 53.
    route iteration 53, CPU time elapsed 0.093750 sec.
Detailed routing takes 53 iterations
I: Design net u_CORES/drck_o is routed by general path.
C: Route-2036: The clock path from u_CORES/u_GTP_SCANCHAIN_PG/scanchain:TCK1 to clkbufg_8/gopclkbufg:CLK is routed by SRB.
I: Design net nt_cmos5_pclk is routed by general path.
C: Route-2036: The clock path from cmos5_pclk_ibuf/opit_1:DI_TO_CLK to clkbufg_5/gopclkbufg:CLK is routed by SRB.
I: Design net nt_cmos6_pclk is routed by general path.
C: Route-2036: The clock path from cmos6_pclk_ibuf/opit_1:DI_TO_CLK to clkbufg_4/gopclkbufg:CLK is routed by SRB.
I: Design net u_ov5640_top/cmos2_reg_config/clock_20k is routed by general path.
C: Route-2036: The clock path from u_ov5640_top/cmos2_reg_config/clock_20k_cnt[0]/opit_0_inv_L6QL5Q1:L5Q to u_ov5640_top/cmos6_reg_config/start/opit_0_inv_L6Q:CLK is routed by SRB.
I: Design net u_CORES/capt_o is routed by general path.
C: Route-2036: The clock path from u_CORES/u_GTP_SCANCHAIN_PG/scanchain:CAPTUREDR to u_CORES/u_debug_core_0/u_hub_data_decode/id_sample.conf_id[0]/opit_0_inv:CLK is routed by SRB.
I: Design net nt_free_clk is routed by general path.
C: Route-2036: The clock path from free_clk_ibuf/opit_1:DI_TO_CLK to stop_pulse/opit_0_inv_L6Q:CLK is routed by SRB.
I: Design net ntclkbufg_5 is routed by general path.
C: Route-2036: The clock path from clkbufg_8/gopclkbufg:CLKOUT to u_CORES/u_debug_core_0/u_rd_addr_gen/tdo_mux_d2/opit_0_inv_L6QQ:CLK is routed by SRB.
I: Design net ntclkbufg_2 is routed by general path.
C: Route-2036: The clock path from clkbufg_5/gopclkbufg:CLKOUT to u_axi4_ctrl/pix_cnt_loop[1].gen_shift.pipe_r[80][9]/opit_0_srl:CLK is routed by SRB.
I: Design net ntclkbufg_1 is routed by general path.
C: Route-2036: The clock path from clkbufg_4/gopclkbufg:CLKOUT to u_axi4_ctrl/pix_cnt_loop[2].gen_shift.pipe_r[12][5]/opit_0_srl:CLK is routed by SRB.
Detailed routing takes 61.36 sec.
Start fix hold violation.
Build tmp routing results takes 0.36 sec.
Timing analysis takes 0.28 sec.
Hold violation fix iter 0 takes 12.05 sec, total_step_forward 814648.
Incremental timing analysis takes 0.25 sec.
Hold violation fix iter 1 takes 0.34 sec, total_step_forward 80524.
Incremental timing analysis takes 0.23 sec.
Hold violation fix iter 2 takes 1.47 sec, total_step_forward 335373.
Incremental timing analysis takes 0.30 sec.
Hold violation fix iter 3 takes 1.31 sec, total_step_forward 323551.
Incremental timing analysis takes 0.25 sec.
Hold violation fix iter 4 takes 1.36 sec, total_step_forward 326181.
Incremental timing analysis takes 0.34 sec.
Hold violation fix iter 5 takes 1.38 sec, total_step_forward 329791.
Hold Violation Fix in router takes 6 iterations.
Fix hold violation Finished.
Hold Violation Fix in router takes 22.66 sec.

Dispose routing result:
    Collect routing result.
    Delete unused device instances.
    Annotate routing result.
    Change LUT configuration.
    Dispose misc instances.
    Annotate routing result again.
Finish routing takes 1.61 sec.
Used SRB routing arc is 328060.
Cleanup routing takes 0.05 sec.
Routing done.
Total routing takes 100.53 sec.
W: Timing-4105: The worst slack of endpoint u_axi4_ctrl/u_fifo_ch1/U_ipm2l_fifo_W_FIFO_16i_128o/U_ipm2l_fifo_ctrl/ASYN_CTRL.rwptr1[12]/opit_0_srl/D of clock ddrphy_sysclk is -329ps(fast corner), but required hold violation threshold is 200ps.
C: STA-3017: There are 1 clock cross SRB paths do not meet the required hold violation threshold(200ps).


Device Utilization Summary :
+-------------------------------------------------------------------------------+
| Logic Utilization           | Used      | Available     | Utilization(%)     
+-------------------------------------------------------------------------------+
| Use of ADC                  | 0         | 1             | 0                  
| Use of ANALOG               | 0         | 1             | 0                  
| Use of APM                  | 74        | 240           | 31                 
| Use of BKCL                 | 5         | 6             | 84                 
| Use of CCS                  | 1         | 1             | 100                
| Use of CLMA                 | 5316      | 11675         | 46                 
|   FF                        | 29642     | 93400         | 32                 
|   LUT                       | 7617      | 46700         | 17                 
|   LUT-FF pairs              | 4055      | 46700         | 9                  
| Use of CLMS                 | 2415      | 4975          | 49                 
|   FF                        | 10556     | 39800         | 27                 
|   LUT                       | 4179      | 19900         | 21                 
|   LUT-FF pairs              | 1303      | 19900         | 7                  
|   Distributed RAM           | 1918      | 19900         | 10                 
| Use of DDRPHY_CPD           | 1         | 12            | 9                  
| Use of DDRPHY_IOCLK_DIV     | 2         | 6             | 34                 
| Use of DDR_PHY              | 5         | 24            | 21                 
| Use of DRM                  | 72        | 155           | 47                 
| Use of GPLL                 | 5         | 6             | 84                 
| Use of GSEB                 | 0         | 218           | 0                  
| Use of HARD0                | 1874      | 10550         | 18                 
| Use of HCKB                 | 60        | 96            | 63                 
|  HCKB dataused              | 7         | 96            | 8                  
| Use of HCKMUX_TEST          | 0         | 8             | 0                  
| Use of HSSTLP               | 0.5       | 1             | 50                 
| Use of IO                   | 109       | 285           | 39                 
|   IOBD                      | 53        | 137           | 39                 
|   IOBS                      | 56        | 148           | 38                 
| Use of IOCKB                | 0         | 24            | 0                  
| Use of IOCKMUX_TEST         | 0         | 6             | 0                  
| Use of IOLHR                | 109       | 300           | 37                 
| Use of KEYRAM               | 0         | 1             | 0                  
| Use of MFG_TEST             | 0         | 1             | 0                  
| Use of MRCKB                | 1         | 12            | 9                  
| Use of MRCKMUX_TEST         | 0         | 6             | 0                  
| Use of MRPOSTMUX_TEST       | 0         | 6             | 0                  
| Use of PCIE                 | 1         | 1             | 100                
| Use of PCKMUX_TEST          | 0         | 12            | 0                  
| Use of PLLMRMUX_TEST        | 0         | 6             | 0                  
| Use of PLLREFMUX_TEST       | 0         | 6             | 0                  
| Use of PPLL                 | 2         | 6             | 34                 
| Use of PREGMUXC_TEST        | 0         | 4             | 0                  
| Use of PREGMUXLR_TEST       | 0         | 6             | 0                  
| Use of RCKB                 | 3         | 24            | 13                 
|  RCKB dataused              | 0         | 24            | 0                  
| Use of RCKMUX_TEST          | 0         | 6             | 0                  
| Use of SCANCHAIN            | 1         | 1             | 100                
| Use of SCKMUX_TEST          | 0         | 12            | 0                  
| Use of SFB                  | 0         | 2225          | 0                  
| Use of SPAD                 | 2         | 4             | 50                 
| Use of TSERDES              | 10        | 48            | 21                 
| Use of USCM                 | 16        | 32            | 50                 
|  USCM dataused              | 0         | 32            | 0                  
| Use of USCMMUX_TEST         | 0         | 32            | 0                  
+-------------------------------------------------------------------------------+

Finished routing.
Design 'image_pcie_capture' has been placed and routed successfully.
Saving design to DB.
Finished placement and routing.
Action pnr: Real time elapsed is 0h:3m:58s
Action pnr: CPU time elapsed is 0h:3m:34s
Action pnr: Process CPU time elapsed is 0h:4m:33s
Current time: Sat Nov 22 13:24:01 2025
Action pnr: Peak memory pool usage is 2,869 MB
