#Build: Fabric Compiler 2022.2-SP6.4, Build 146967, Jan 31 01:39 2024
#Install: E:\pango\PDS_2022.2-SP6.4\bin
#Application name: pds_shell.exe
#OS: Windows 10 10.0.26100
#Hostname: 钢板
Generated by Fabric Compiler (version 2022.2-SP6.4 build 146967) at Fri Nov 21 22:26:29 2025
Compiling verification operator library.
Compiling common defs.
Compiling prim grid devices.
Compiling gate devices.
Compiling gate operators.
Building architecture model.
Loading device packaging model.
pnr strategy configuration : 
strategy name : 0
Building architecture floorplan logic view.
Constraint check start.
Executing : def_port {cmos2_scl} LOC=E14 VCCIO=3.3 IOSTANDARD=LVCMOS33 DRIVE=8 SLEW=SLOW NONE=TRUE
Executing : def_port {cmos2_scl} LOC=E14 VCCIO=3.3 IOSTANDARD=LVCMOS33 DRIVE=8 SLEW=SLOW NONE=TRUE successfully
Executing : def_port {cmos2_sda} LOC=F16 VCCIO=3.3 IOSTANDARD=LVCMOS33 DRIVE=8 SLEW=SLOW NONE=TRUE
Executing : def_port {cmos2_sda} LOC=F16 VCCIO=3.3 IOSTANDARD=LVCMOS33 DRIVE=8 SLEW=SLOW NONE=TRUE successfully
Executing : def_port {cmos5_scl} LOC=R14 VCCIO=3.3 IOSTANDARD=LVCMOS33 DRIVE=8 SLEW=FAST NONE=TRUE
C: ConstraintEditor-2002: [G:/fpga_competition/image_recognition/fpga/fpga_pcie_ov5640/project/device_map/image_pcie_capture.pcf(line number: 5)] | Port cmos5_scl has been placed at location R14, whose type is share pin.
Executing : def_port {cmos5_scl} LOC=R14 VCCIO=3.3 IOSTANDARD=LVCMOS33 DRIVE=8 SLEW=FAST NONE=TRUE successfully
Executing : def_port {cmos5_sda} LOC=P14 VCCIO=3.3 IOSTANDARD=LVCMOS33 DRIVE=8 SLEW=FAST NONE=TRUE
C: ConstraintEditor-2002: [G:/fpga_competition/image_recognition/fpga/fpga_pcie_ov5640/project/device_map/image_pcie_capture.pcf(line number: 6)] | Port cmos5_sda has been placed at location P14, whose type is share pin.
Executing : def_port {cmos5_sda} LOC=P14 VCCIO=3.3 IOSTANDARD=LVCMOS33 DRIVE=8 SLEW=FAST NONE=TRUE successfully
Executing : def_port {cmos6_scl} LOC=U20 VCCIO=3.3 IOSTANDARD=LVCMOS33 DRIVE=8 SLEW=FAST NONE=TRUE
Executing : def_port {cmos6_scl} LOC=U20 VCCIO=3.3 IOSTANDARD=LVCMOS33 DRIVE=8 SLEW=FAST NONE=TRUE successfully
Executing : def_port {cmos6_sda} LOC=N17 VCCIO=3.3 IOSTANDARD=LVCMOS33 DRIVE=8 SLEW=FAST NONE=TRUE
Executing : def_port {cmos6_sda} LOC=N17 VCCIO=3.3 IOSTANDARD=LVCMOS33 DRIVE=8 SLEW=FAST NONE=TRUE successfully
Executing : def_port {mem_dq[0]} LOC=P6 VCCIO=1.5 IOSTANDARD=SSTL15_I DRIVE=8.9 SLEW=FAST VREF_MODE=INT VREF_MODE_VALUE=0.5 DDR_TERM_MODE=ON UNUSED=TRUE
Executing : def_port {mem_dq[0]} LOC=P6 VCCIO=1.5 IOSTANDARD=SSTL15_I DRIVE=8.9 SLEW=FAST VREF_MODE=INT VREF_MODE_VALUE=0.5 DDR_TERM_MODE=ON UNUSED=TRUE successfully
Executing : def_port {mem_dq[1]} LOC=M5 VCCIO=1.5 IOSTANDARD=SSTL15_I DRIVE=8.9 SLEW=FAST VREF_MODE=INT VREF_MODE_VALUE=0.5 DDR_TERM_MODE=ON UNUSED=TRUE
Executing : def_port {mem_dq[1]} LOC=M5 VCCIO=1.5 IOSTANDARD=SSTL15_I DRIVE=8.9 SLEW=FAST VREF_MODE=INT VREF_MODE_VALUE=0.5 DDR_TERM_MODE=ON UNUSED=TRUE successfully
Executing : def_port {mem_dq[2]} LOC=M6 VCCIO=1.5 IOSTANDARD=SSTL15_I DRIVE=8.9 SLEW=FAST VREF_MODE=INT VREF_MODE_VALUE=0.5 DDR_TERM_MODE=ON UNUSED=TRUE
Executing : def_port {mem_dq[2]} LOC=M6 VCCIO=1.5 IOSTANDARD=SSTL15_I DRIVE=8.9 SLEW=FAST VREF_MODE=INT VREF_MODE_VALUE=0.5 DDR_TERM_MODE=ON UNUSED=TRUE successfully
Executing : def_port {mem_dq[3]} LOC=N2 VCCIO=1.5 IOSTANDARD=SSTL15_I DRIVE=8.9 SLEW=FAST VREF_MODE=INT VREF_MODE_VALUE=0.5 DDR_TERM_MODE=ON UNUSED=TRUE
Executing : def_port {mem_dq[3]} LOC=N2 VCCIO=1.5 IOSTANDARD=SSTL15_I DRIVE=8.9 SLEW=FAST VREF_MODE=INT VREF_MODE_VALUE=0.5 DDR_TERM_MODE=ON UNUSED=TRUE successfully
Executing : def_port {mem_dq[4]} LOC=P2 VCCIO=1.5 IOSTANDARD=SSTL15_I DRIVE=8.9 SLEW=FAST VREF_MODE=INT VREF_MODE_VALUE=0.5 DDR_TERM_MODE=ON UNUSED=TRUE
Executing : def_port {mem_dq[4]} LOC=P2 VCCIO=1.5 IOSTANDARD=SSTL15_I DRIVE=8.9 SLEW=FAST VREF_MODE=INT VREF_MODE_VALUE=0.5 DDR_TERM_MODE=ON UNUSED=TRUE successfully
Executing : def_port {mem_dq[5]} LOC=P1 VCCIO=1.5 IOSTANDARD=SSTL15_I DRIVE=8.9 SLEW=FAST VREF_MODE=INT VREF_MODE_VALUE=0.5 DDR_TERM_MODE=ON UNUSED=TRUE
Executing : def_port {mem_dq[5]} LOC=P1 VCCIO=1.5 IOSTANDARD=SSTL15_I DRIVE=8.9 SLEW=FAST VREF_MODE=INT VREF_MODE_VALUE=0.5 DDR_TERM_MODE=ON UNUSED=TRUE successfully
Executing : def_port {mem_dq[6]} LOC=R1 VCCIO=1.5 IOSTANDARD=SSTL15_I DRIVE=8.9 SLEW=FAST VREF_MODE=INT VREF_MODE_VALUE=0.5 DDR_TERM_MODE=ON UNUSED=TRUE
Executing : def_port {mem_dq[6]} LOC=R1 VCCIO=1.5 IOSTANDARD=SSTL15_I DRIVE=8.9 SLEW=FAST VREF_MODE=INT VREF_MODE_VALUE=0.5 DDR_TERM_MODE=ON UNUSED=TRUE successfully
Executing : def_port {mem_dq[7]} LOC=N4 VCCIO=1.5 IOSTANDARD=SSTL15_I DRIVE=8.9 SLEW=FAST VREF_MODE=INT VREF_MODE_VALUE=0.5 DDR_TERM_MODE=ON UNUSED=TRUE
Executing : def_port {mem_dq[7]} LOC=N4 VCCIO=1.5 IOSTANDARD=SSTL15_I DRIVE=8.9 SLEW=FAST VREF_MODE=INT VREF_MODE_VALUE=0.5 DDR_TERM_MODE=ON UNUSED=TRUE successfully
Executing : def_port {mem_dq[8]} LOC=J6 VCCIO=1.5 IOSTANDARD=SSTL15_I DRIVE=8.9 SLEW=FAST VREF_MODE=INT VREF_MODE_VALUE=0.5 DDR_TERM_MODE=ON UNUSED=TRUE
Executing : def_port {mem_dq[8]} LOC=J6 VCCIO=1.5 IOSTANDARD=SSTL15_I DRIVE=8.9 SLEW=FAST VREF_MODE=INT VREF_MODE_VALUE=0.5 DDR_TERM_MODE=ON UNUSED=TRUE successfully
Executing : def_port {mem_dq[9]} LOC=K6 VCCIO=1.5 IOSTANDARD=SSTL15_I DRIVE=8.9 SLEW=FAST VREF_MODE=INT VREF_MODE_VALUE=0.5 DDR_TERM_MODE=ON UNUSED=TRUE
Executing : def_port {mem_dq[9]} LOC=K6 VCCIO=1.5 IOSTANDARD=SSTL15_I DRIVE=8.9 SLEW=FAST VREF_MODE=INT VREF_MODE_VALUE=0.5 DDR_TERM_MODE=ON UNUSED=TRUE successfully
Executing : def_port {mem_dq[10]} LOC=M2 VCCIO=1.5 IOSTANDARD=SSTL15_I DRIVE=8.9 SLEW=FAST VREF_MODE=INT VREF_MODE_VALUE=0.5 DDR_TERM_MODE=ON UNUSED=TRUE
Executing : def_port {mem_dq[10]} LOC=M2 VCCIO=1.5 IOSTANDARD=SSTL15_I DRIVE=8.9 SLEW=FAST VREF_MODE=INT VREF_MODE_VALUE=0.5 DDR_TERM_MODE=ON UNUSED=TRUE successfully
Executing : def_port {mem_dq[11]} LOC=M3 VCCIO=1.5 IOSTANDARD=SSTL15_I DRIVE=8.9 SLEW=FAST VREF_MODE=INT VREF_MODE_VALUE=0.5 DDR_TERM_MODE=ON UNUSED=TRUE
Executing : def_port {mem_dq[11]} LOC=M3 VCCIO=1.5 IOSTANDARD=SSTL15_I DRIVE=8.9 SLEW=FAST VREF_MODE=INT VREF_MODE_VALUE=0.5 DDR_TERM_MODE=ON UNUSED=TRUE successfully
Executing : def_port {mem_dq[12]} LOC=K3 VCCIO=1.5 IOSTANDARD=SSTL15_I DRIVE=8.9 SLEW=FAST VREF_MODE=INT VREF_MODE_VALUE=0.5 DDR_TERM_MODE=ON UNUSED=TRUE
Executing : def_port {mem_dq[12]} LOC=K3 VCCIO=1.5 IOSTANDARD=SSTL15_I DRIVE=8.9 SLEW=FAST VREF_MODE=INT VREF_MODE_VALUE=0.5 DDR_TERM_MODE=ON UNUSED=TRUE successfully
Executing : def_port {mem_dq[13]} LOC=L3 VCCIO=1.5 IOSTANDARD=SSTL15_I DRIVE=8.9 SLEW=FAST VREF_MODE=INT VREF_MODE_VALUE=0.5 DDR_TERM_MODE=ON UNUSED=TRUE
Executing : def_port {mem_dq[13]} LOC=L3 VCCIO=1.5 IOSTANDARD=SSTL15_I DRIVE=8.9 SLEW=FAST VREF_MODE=INT VREF_MODE_VALUE=0.5 DDR_TERM_MODE=ON UNUSED=TRUE successfully
Executing : def_port {mem_dq[14]} LOC=J4 VCCIO=1.5 IOSTANDARD=SSTL15_I DRIVE=8.9 SLEW=FAST VREF_MODE=INT VREF_MODE_VALUE=0.5 DDR_TERM_MODE=ON UNUSED=TRUE
Executing : def_port {mem_dq[14]} LOC=J4 VCCIO=1.5 IOSTANDARD=SSTL15_I DRIVE=8.9 SLEW=FAST VREF_MODE=INT VREF_MODE_VALUE=0.5 DDR_TERM_MODE=ON UNUSED=TRUE successfully
Executing : def_port {mem_dq[15]} LOC=K4 VCCIO=1.5 IOSTANDARD=SSTL15_I DRIVE=8.9 SLEW=FAST VREF_MODE=INT VREF_MODE_VALUE=0.5 DDR_TERM_MODE=ON UNUSED=TRUE
Executing : def_port {mem_dq[15]} LOC=K4 VCCIO=1.5 IOSTANDARD=SSTL15_I DRIVE=8.9 SLEW=FAST VREF_MODE=INT VREF_MODE_VALUE=0.5 DDR_TERM_MODE=ON UNUSED=TRUE successfully
Executing : def_port {mem_dqs[0]} LOC=P5 VCCIO=1.5 IOSTANDARD=SSTL15D_I DRIVE=8.9 SLEW=FAST VREF_MODE=INT VREF_MODE_VALUE=0.5 DDR_TERM_MODE=ON DDR_RES=60 CP_DYN_TERM=ON UNUSED=TRUE
Executing : def_port {mem_dqs[0]} LOC=P5 VCCIO=1.5 IOSTANDARD=SSTL15D_I DRIVE=8.9 SLEW=FAST VREF_MODE=INT VREF_MODE_VALUE=0.5 DDR_TERM_MODE=ON DDR_RES=60 CP_DYN_TERM=ON UNUSED=TRUE successfully
Executing : def_port {mem_dqs[1]} LOC=M1 VCCIO=1.5 IOSTANDARD=SSTL15D_I DRIVE=8.9 SLEW=FAST VREF_MODE=INT VREF_MODE_VALUE=0.5 DDR_TERM_MODE=ON DDR_RES=60 CP_DYN_TERM=ON UNUSED=TRUE
Executing : def_port {mem_dqs[1]} LOC=M1 VCCIO=1.5 IOSTANDARD=SSTL15D_I DRIVE=8.9 SLEW=FAST VREF_MODE=INT VREF_MODE_VALUE=0.5 DDR_TERM_MODE=ON DDR_RES=60 CP_DYN_TERM=ON UNUSED=TRUE successfully
Executing : def_port {mem_dqs_n[0]} LOC=P4 VCCIO=1.5 IOSTANDARD=SSTL15D_I DRIVE=8.9 SLEW=FAST VREF_MODE=INT VREF_MODE_VALUE=0.5 DDR_TERM_MODE=ON DDR_RES=60 CP_DYN_TERM=ON UNUSED=TRUE
Executing : def_port {mem_dqs_n[0]} LOC=P4 VCCIO=1.5 IOSTANDARD=SSTL15D_I DRIVE=8.9 SLEW=FAST VREF_MODE=INT VREF_MODE_VALUE=0.5 DDR_TERM_MODE=ON DDR_RES=60 CP_DYN_TERM=ON UNUSED=TRUE successfully
Executing : def_port {mem_dqs_n[1]} LOC=L1 VCCIO=1.5 IOSTANDARD=SSTL15D_I DRIVE=8.9 SLEW=FAST VREF_MODE=INT VREF_MODE_VALUE=0.5 DDR_TERM_MODE=ON DDR_RES=60 CP_DYN_TERM=ON UNUSED=TRUE
Executing : def_port {mem_dqs_n[1]} LOC=L1 VCCIO=1.5 IOSTANDARD=SSTL15D_I DRIVE=8.9 SLEW=FAST VREF_MODE=INT VREF_MODE_VALUE=0.5 DDR_TERM_MODE=ON DDR_RES=60 CP_DYN_TERM=ON UNUSED=TRUE successfully
Executing : def_port {spi_data[0]} LOC=N22 VCCIO=3.3 IOSTANDARD=LVCMOS33 DRIVE=12 SLEW=FAST NONE=TRUE
Executing : def_port {spi_data[0]} LOC=N22 VCCIO=3.3 IOSTANDARD=LVCMOS33 DRIVE=12 SLEW=FAST NONE=TRUE successfully
Executing : def_port {spi_data[1]} LOC=M22 VCCIO=3.3 IOSTANDARD=LVCMOS33 DRIVE=12 SLEW=FAST NONE=TRUE
C: ConstraintEditor-2002: [G:/fpga_competition/image_recognition/fpga/fpga_pcie_ov5640/project/device_map/image_pcie_capture.pcf(line number: 30)] | Port spi_data[1] has been placed at location M22, whose type is share pin.
Executing : def_port {spi_data[1]} LOC=M22 VCCIO=3.3 IOSTANDARD=LVCMOS33 DRIVE=12 SLEW=FAST NONE=TRUE successfully
Executing : def_port {spi_data[2]} LOC=M18 VCCIO=3.3 IOSTANDARD=LVCMOS33 DRIVE=12 SLEW=FAST NONE=TRUE
C: ConstraintEditor-2002: [G:/fpga_competition/image_recognition/fpga/fpga_pcie_ov5640/project/device_map/image_pcie_capture.pcf(line number: 31)] | Port spi_data[2] has been placed at location M18, whose type is share pin.
Executing : def_port {spi_data[2]} LOC=M18 VCCIO=3.3 IOSTANDARD=LVCMOS33 DRIVE=12 SLEW=FAST NONE=TRUE successfully
Executing : def_port {spi_data[3]} LOC=L18 VCCIO=3.3 IOSTANDARD=LVCMOS33 DRIVE=12 SLEW=FAST NONE=TRUE
C: ConstraintEditor-2002: [G:/fpga_competition/image_recognition/fpga/fpga_pcie_ov5640/project/device_map/image_pcie_capture.pcf(line number: 32)] | Port spi_data[3] has been placed at location L18, whose type is share pin.
Executing : def_port {spi_data[3]} LOC=L18 VCCIO=3.3 IOSTANDARD=LVCMOS33 DRIVE=12 SLEW=FAST NONE=TRUE successfully
Executing : def_port {back} LOC=J14 VCCIO=3.3 IOSTANDARD=LVCMOS33 DRIVE=4 SLEW=FAST NONE=TRUE
C: ConstraintEditor-2002: [G:/fpga_competition/image_recognition/fpga/fpga_pcie_ov5640/project/device_map/image_pcie_capture.pcf(line number: 33)] | Port back has been placed at location J14, whose type is share pin.
Executing : def_port {back} LOC=J14 VCCIO=3.3 IOSTANDARD=LVCMOS33 DRIVE=4 SLEW=FAST NONE=TRUE successfully
Executing : def_port {cmos2_reset} LOC=B13 VCCIO=3.3 IOSTANDARD=LVCMOS33 DRIVE=8 SLEW=SLOW NONE=TRUE
Executing : def_port {cmos2_reset} LOC=B13 VCCIO=3.3 IOSTANDARD=LVCMOS33 DRIVE=8 SLEW=SLOW NONE=TRUE successfully
Executing : def_port {cmos5_reset} LOC=V18 VCCIO=3.3 IOSTANDARD=LVCMOS33 DRIVE=8 SLEW=FAST NONE=TRUE
Executing : def_port {cmos5_reset} LOC=V18 VCCIO=3.3 IOSTANDARD=LVCMOS33 DRIVE=8 SLEW=FAST NONE=TRUE successfully
Executing : def_port {cmos6_reset} LOC=AA21 VCCIO=3.3 IOSTANDARD=LVCMOS33 DRIVE=8 SLEW=FAST NONE=TRUE
C: ConstraintEditor-2002: [G:/fpga_competition/image_recognition/fpga/fpga_pcie_ov5640/project/device_map/image_pcie_capture.pcf(line number: 36)] | Port cmos6_reset has been placed at location AA21, whose type is share pin.
Executing : def_port {cmos6_reset} LOC=AA21 VCCIO=3.3 IOSTANDARD=LVCMOS33 DRIVE=8 SLEW=FAST NONE=TRUE successfully
Executing : def_port {go} LOC=G17 VCCIO=3.3 IOSTANDARD=LVCMOS33 DRIVE=4 SLEW=FAST NONE=TRUE
Executing : def_port {go} LOC=G17 VCCIO=3.3 IOSTANDARD=LVCMOS33 DRIVE=4 SLEW=FAST NONE=TRUE successfully
Executing : def_port {left} LOC=F15 VCCIO=3.3 IOSTANDARD=LVCMOS33 DRIVE=4 SLEW=FAST NONE=TRUE
Executing : def_port {left} LOC=F15 VCCIO=3.3 IOSTANDARD=LVCMOS33 DRIVE=4 SLEW=FAST NONE=TRUE successfully
Executing : def_port {mem_a[0]} LOC=T1 VCCIO=1.5 IOSTANDARD=SSTL15_I DRIVE=8.9 SLEW=FAST UNUSED=TRUE
Executing : def_port {mem_a[0]} LOC=T1 VCCIO=1.5 IOSTANDARD=SSTL15_I DRIVE=8.9 SLEW=FAST UNUSED=TRUE successfully
Executing : def_port {mem_a[1]} LOC=U1 VCCIO=1.5 IOSTANDARD=SSTL15_I DRIVE=8.9 SLEW=FAST UNUSED=TRUE
Executing : def_port {mem_a[1]} LOC=U1 VCCIO=1.5 IOSTANDARD=SSTL15_I DRIVE=8.9 SLEW=FAST UNUSED=TRUE successfully
Executing : def_port {mem_a[2]} LOC=U2 VCCIO=1.5 IOSTANDARD=SSTL15_I DRIVE=8.9 SLEW=FAST UNUSED=TRUE
Executing : def_port {mem_a[2]} LOC=U2 VCCIO=1.5 IOSTANDARD=SSTL15_I DRIVE=8.9 SLEW=FAST UNUSED=TRUE successfully
Executing : def_port {mem_a[3]} LOC=V2 VCCIO=1.5 IOSTANDARD=SSTL15_I DRIVE=8.9 SLEW=FAST UNUSED=TRUE
Executing : def_port {mem_a[3]} LOC=V2 VCCIO=1.5 IOSTANDARD=SSTL15_I DRIVE=8.9 SLEW=FAST UNUSED=TRUE successfully
Executing : def_port {mem_a[4]} LOC=R3 VCCIO=1.5 IOSTANDARD=SSTL15_I DRIVE=8.9 SLEW=FAST UNUSED=TRUE
Executing : def_port {mem_a[4]} LOC=R3 VCCIO=1.5 IOSTANDARD=SSTL15_I DRIVE=8.9 SLEW=FAST UNUSED=TRUE successfully
Executing : def_port {mem_a[5]} LOC=R2 VCCIO=1.5 IOSTANDARD=SSTL15_I DRIVE=8.9 SLEW=FAST UNUSED=TRUE
Executing : def_port {mem_a[5]} LOC=R2 VCCIO=1.5 IOSTANDARD=SSTL15_I DRIVE=8.9 SLEW=FAST UNUSED=TRUE successfully
Executing : def_port {mem_a[6]} LOC=W2 VCCIO=1.5 IOSTANDARD=SSTL15_I DRIVE=8.9 SLEW=FAST UNUSED=TRUE
Executing : def_port {mem_a[6]} LOC=W2 VCCIO=1.5 IOSTANDARD=SSTL15_I DRIVE=8.9 SLEW=FAST UNUSED=TRUE successfully
Executing : def_port {mem_a[7]} LOC=Y2 VCCIO=1.5 IOSTANDARD=SSTL15_I DRIVE=8.9 SLEW=FAST UNUSED=TRUE
Executing : def_port {mem_a[7]} LOC=Y2 VCCIO=1.5 IOSTANDARD=SSTL15_I DRIVE=8.9 SLEW=FAST UNUSED=TRUE successfully
Executing : def_port {mem_a[8]} LOC=W1 VCCIO=1.5 IOSTANDARD=SSTL15_I DRIVE=8.9 SLEW=FAST UNUSED=TRUE
Executing : def_port {mem_a[8]} LOC=W1 VCCIO=1.5 IOSTANDARD=SSTL15_I DRIVE=8.9 SLEW=FAST UNUSED=TRUE successfully
Executing : def_port {mem_a[9]} LOC=Y1 VCCIO=1.5 IOSTANDARD=SSTL15_I DRIVE=8.9 SLEW=FAST UNUSED=TRUE
Executing : def_port {mem_a[9]} LOC=Y1 VCCIO=1.5 IOSTANDARD=SSTL15_I DRIVE=8.9 SLEW=FAST UNUSED=TRUE successfully
Executing : def_port {mem_a[10]} LOC=U3 VCCIO=1.5 IOSTANDARD=SSTL15_I DRIVE=8.9 SLEW=FAST UNUSED=TRUE
Executing : def_port {mem_a[10]} LOC=U3 VCCIO=1.5 IOSTANDARD=SSTL15_I DRIVE=8.9 SLEW=FAST UNUSED=TRUE successfully
Executing : def_port {mem_a[11]} LOC=AA1 VCCIO=1.5 IOSTANDARD=SSTL15_I DRIVE=8.9 SLEW=FAST UNUSED=TRUE
Executing : def_port {mem_a[11]} LOC=AA1 VCCIO=1.5 IOSTANDARD=SSTL15_I DRIVE=8.9 SLEW=FAST UNUSED=TRUE successfully
Executing : def_port {mem_a[12]} LOC=AB1 VCCIO=1.5 IOSTANDARD=SSTL15_I DRIVE=8.9 SLEW=FAST UNUSED=TRUE
Executing : def_port {mem_a[12]} LOC=AB1 VCCIO=1.5 IOSTANDARD=SSTL15_I DRIVE=8.9 SLEW=FAST UNUSED=TRUE successfully
Executing : def_port {mem_a[13]} LOC=AB3 VCCIO=1.5 IOSTANDARD=SSTL15_I DRIVE=8.9 SLEW=FAST UNUSED=TRUE
Executing : def_port {mem_a[13]} LOC=AB3 VCCIO=1.5 IOSTANDARD=SSTL15_I DRIVE=8.9 SLEW=FAST UNUSED=TRUE successfully
Executing : def_port {mem_a[14]} LOC=AB2 VCCIO=1.5 IOSTANDARD=SSTL15_I DRIVE=8.9 SLEW=FAST UNUSED=TRUE
Executing : def_port {mem_a[14]} LOC=AB2 VCCIO=1.5 IOSTANDARD=SSTL15_I DRIVE=8.9 SLEW=FAST UNUSED=TRUE successfully
Executing : def_port {mem_ba[0]} LOC=AA3 VCCIO=1.5 IOSTANDARD=SSTL15_I DRIVE=8.9 SLEW=FAST UNUSED=TRUE
Executing : def_port {mem_ba[0]} LOC=AA3 VCCIO=1.5 IOSTANDARD=SSTL15_I DRIVE=8.9 SLEW=FAST UNUSED=TRUE successfully
Executing : def_port {mem_ba[1]} LOC=AA5 VCCIO=1.5 IOSTANDARD=SSTL15_I DRIVE=8.9 SLEW=FAST UNUSED=TRUE
Executing : def_port {mem_ba[1]} LOC=AA5 VCCIO=1.5 IOSTANDARD=SSTL15_I DRIVE=8.9 SLEW=FAST UNUSED=TRUE successfully
Executing : def_port {mem_ba[2]} LOC=AB5 VCCIO=1.5 IOSTANDARD=SSTL15_I DRIVE=8.9 SLEW=FAST UNUSED=TRUE
Executing : def_port {mem_ba[2]} LOC=AB5 VCCIO=1.5 IOSTANDARD=SSTL15_I DRIVE=8.9 SLEW=FAST UNUSED=TRUE successfully
Executing : def_port {mem_cas_n} LOC=U6 VCCIO=1.5 IOSTANDARD=SSTL15_I DRIVE=8.9 SLEW=FAST UNUSED=TRUE
Executing : def_port {mem_cas_n} LOC=U6 VCCIO=1.5 IOSTANDARD=SSTL15_I DRIVE=8.9 SLEW=FAST UNUSED=TRUE successfully
Executing : def_port {mem_ck} LOC=Y4 VCCIO=1.5 IOSTANDARD=SSTL15D_I DRIVE=8.9 SLEW=FAST UNUSED=TRUE
Executing : def_port {mem_ck} LOC=Y4 VCCIO=1.5 IOSTANDARD=SSTL15D_I DRIVE=8.9 SLEW=FAST UNUSED=TRUE successfully
Executing : def_port {mem_ck_n} LOC=AA4 VCCIO=1.5 IOSTANDARD=SSTL15D_I DRIVE=8.9 SLEW=FAST UNUSED=TRUE
Executing : def_port {mem_ck_n} LOC=AA4 VCCIO=1.5 IOSTANDARD=SSTL15D_I DRIVE=8.9 SLEW=FAST UNUSED=TRUE successfully
Executing : def_port {mem_cke} LOC=W4 VCCIO=1.5 IOSTANDARD=SSTL15_I DRIVE=8.9 SLEW=FAST UNUSED=TRUE
Executing : def_port {mem_cke} LOC=W4 VCCIO=1.5 IOSTANDARD=SSTL15_I DRIVE=8.9 SLEW=FAST UNUSED=TRUE successfully
Executing : def_port {mem_cs_n} LOC=V5 VCCIO=1.5 IOSTANDARD=SSTL15_I DRIVE=8.9 SLEW=FAST UNUSED=TRUE
Executing : def_port {mem_cs_n} LOC=V5 VCCIO=1.5 IOSTANDARD=SSTL15_I DRIVE=8.9 SLEW=FAST UNUSED=TRUE successfully
Executing : def_port {mem_dm[0]} LOC=N5 VCCIO=1.5 IOSTANDARD=SSTL15_I DRIVE=8.9 SLEW=FAST UNUSED=TRUE
Executing : def_port {mem_dm[0]} LOC=N5 VCCIO=1.5 IOSTANDARD=SSTL15_I DRIVE=8.9 SLEW=FAST UNUSED=TRUE successfully
Executing : def_port {mem_dm[1]} LOC=L5 VCCIO=1.5 IOSTANDARD=SSTL15_I DRIVE=8.9 SLEW=FAST UNUSED=TRUE
Executing : def_port {mem_dm[1]} LOC=L5 VCCIO=1.5 IOSTANDARD=SSTL15_I DRIVE=8.9 SLEW=FAST UNUSED=TRUE successfully
Executing : def_port {mem_odt} LOC=R6 VCCIO=1.5 IOSTANDARD=SSTL15_I DRIVE=8.9 SLEW=FAST UNUSED=TRUE
Executing : def_port {mem_odt} LOC=R6 VCCIO=1.5 IOSTANDARD=SSTL15_I DRIVE=8.9 SLEW=FAST UNUSED=TRUE successfully
Executing : def_port {mem_ras_n} LOC=W5 VCCIO=1.5 IOSTANDARD=SSTL15_I DRIVE=8.9 SLEW=FAST UNUSED=TRUE
Executing : def_port {mem_ras_n} LOC=W5 VCCIO=1.5 IOSTANDARD=SSTL15_I DRIVE=8.9 SLEW=FAST UNUSED=TRUE successfully
Executing : def_port {mem_rst_n} LOC=T3 VCCIO=1.5 IOSTANDARD=SSTL15_I DRIVE=8.9 SLEW=FAST UNUSED=TRUE
Executing : def_port {mem_rst_n} LOC=T3 VCCIO=1.5 IOSTANDARD=SSTL15_I DRIVE=8.9 SLEW=FAST UNUSED=TRUE successfully
Executing : def_port {mem_we_n} LOC=W6 VCCIO=1.5 IOSTANDARD=SSTL15_I DRIVE=8.9 SLEW=FAST UNUSED=TRUE
Executing : def_port {mem_we_n} LOC=W6 VCCIO=1.5 IOSTANDARD=SSTL15_I DRIVE=8.9 SLEW=FAST UNUSED=TRUE successfully
Executing : def_port {pclk_led} LOC=J16 VCCIO=3.3 IOSTANDARD=LVCMOS33 DRIVE=4 SLEW=SLOW PULLUP=TRUE
Executing : def_port {pclk_led} LOC=J16 VCCIO=3.3 IOSTANDARD=LVCMOS33 DRIVE=4 SLEW=SLOW PULLUP=TRUE successfully
Executing : def_port {ref_led} LOC=M17 VCCIO=3.3 IOSTANDARD=LVCMOS33 DRIVE=4 SLEW=FAST NONE=TRUE
Executing : def_port {ref_led} LOC=M17 VCCIO=3.3 IOSTANDARD=LVCMOS33 DRIVE=4 SLEW=FAST NONE=TRUE successfully
Executing : def_port {right} LOC=E22 VCCIO=3.3 IOSTANDARD=LVCMOS33 DRIVE=4 SLEW=FAST NONE=TRUE
Executing : def_port {right} LOC=E22 VCCIO=3.3 IOSTANDARD=LVCMOS33 DRIVE=4 SLEW=FAST NONE=TRUE successfully
Executing : def_port {stop} LOC=H13 VCCIO=3.3 IOSTANDARD=LVCMOS33 DRIVE=4 SLEW=FAST NONE=TRUE
C: ConstraintEditor-2002: [G:/fpga_competition/image_recognition/fpga/fpga_pcie_ov5640/project/device_map/image_pcie_capture.pcf(line number: 71)] | Port stop has been placed at location H13, whose type is share pin.
Executing : def_port {stop} LOC=H13 VCCIO=3.3 IOSTANDARD=LVCMOS33 DRIVE=4 SLEW=FAST NONE=TRUE successfully
Executing : def_port {RXD} LOC=C22 VCCIO=3.3 IOSTANDARD=LVCMOS33 NONE=TRUE
Executing : def_port {RXD} LOC=C22 VCCIO=3.3 IOSTANDARD=LVCMOS33 NONE=TRUE successfully
Executing : def_port {board_rst_n} LOC=M15 VCCIO=3.3 IOSTANDARD=LVCMOS18 UNUSED=TRUE
C: ConstraintEditor-2002: [G:/fpga_competition/image_recognition/fpga/fpga_pcie_ov5640/project/device_map/image_pcie_capture.pcf(line number: 73)] | Port board_rst_n has been placed at location M15, whose type is share pin.
Executing : def_port {board_rst_n} LOC=M15 VCCIO=3.3 IOSTANDARD=LVCMOS18 UNUSED=TRUE successfully
Executing : def_port {cmos2_data[0]} LOC=C19 VCCIO=3.3 IOSTANDARD=LVCMOS33 NONE=TRUE
Executing : def_port {cmos2_data[0]} LOC=C19 VCCIO=3.3 IOSTANDARD=LVCMOS33 NONE=TRUE successfully
Executing : def_port {cmos2_data[1]} LOC=B16 VCCIO=3.3 IOSTANDARD=LVCMOS33 NONE=TRUE
Executing : def_port {cmos2_data[1]} LOC=B16 VCCIO=3.3 IOSTANDARD=LVCMOS33 NONE=TRUE successfully
Executing : def_port {cmos2_data[2]} LOC=B15 VCCIO=3.3 IOSTANDARD=LVCMOS33 NONE=TRUE
Executing : def_port {cmos2_data[2]} LOC=B15 VCCIO=3.3 IOSTANDARD=LVCMOS33 NONE=TRUE successfully
Executing : def_port {cmos2_data[3]} LOC=E13 VCCIO=3.3 IOSTANDARD=LVCMOS33 NONE=TRUE
Executing : def_port {cmos2_data[3]} LOC=E13 VCCIO=3.3 IOSTANDARD=LVCMOS33 NONE=TRUE successfully
Executing : def_port {cmos2_data[4]} LOC=C20 VCCIO=3.3 IOSTANDARD=LVCMOS33 NONE=TRUE
Executing : def_port {cmos2_data[4]} LOC=C20 VCCIO=3.3 IOSTANDARD=LVCMOS33 NONE=TRUE successfully
Executing : def_port {cmos2_data[5]} LOC=E18 VCCIO=3.3 IOSTANDARD=LVCMOS33 NONE=TRUE
Executing : def_port {cmos2_data[5]} LOC=E18 VCCIO=3.3 IOSTANDARD=LVCMOS33 NONE=TRUE successfully
Executing : def_port {cmos2_data[6]} LOC=E16 VCCIO=3.3 IOSTANDARD=LVCMOS33 NONE=TRUE
Executing : def_port {cmos2_data[6]} LOC=E16 VCCIO=3.3 IOSTANDARD=LVCMOS33 NONE=TRUE successfully
Executing : def_port {cmos2_data[7]} LOC=D16 VCCIO=3.3 IOSTANDARD=LVCMOS33 NONE=TRUE
Executing : def_port {cmos2_data[7]} LOC=D16 VCCIO=3.3 IOSTANDARD=LVCMOS33 NONE=TRUE successfully
Executing : def_port {cmos2_href} LOC=A16 VCCIO=3.3 IOSTANDARD=LVCMOS33 NONE=TRUE
Executing : def_port {cmos2_href} LOC=A16 VCCIO=3.3 IOSTANDARD=LVCMOS33 NONE=TRUE successfully
Executing : def_port {cmos2_pclk} LOC=C18 VCCIO=3.3 IOSTANDARD=LVCMOS33 NONE=TRUE
Executing : def_port {cmos2_pclk} LOC=C18 VCCIO=3.3 IOSTANDARD=LVCMOS33 NONE=TRUE successfully
Executing : def_port {cmos2_vsync} LOC=A15 VCCIO=3.3 IOSTANDARD=LVCMOS33 NONE=TRUE
Executing : def_port {cmos2_vsync} LOC=A15 VCCIO=3.3 IOSTANDARD=LVCMOS33 NONE=TRUE successfully
Executing : def_port {cmos5_data[0]} LOC=Y18 VCCIO=3.3 IOSTANDARD=LVCMOS33 NONE=TRUE
Executing : def_port {cmos5_data[0]} LOC=Y18 VCCIO=3.3 IOSTANDARD=LVCMOS33 NONE=TRUE successfully
Executing : def_port {cmos5_data[1]} LOC=AA19 VCCIO=3.3 IOSTANDARD=LVCMOS33 NONE=TRUE
C: ConstraintEditor-2002: [G:/fpga_competition/image_recognition/fpga/fpga_pcie_ov5640/project/device_map/image_pcie_capture.pcf(line number: 86)] | Port cmos5_data[1] has been placed at location AA19, whose type is share pin.
Executing : def_port {cmos5_data[1]} LOC=AA19 VCCIO=3.3 IOSTANDARD=LVCMOS33 NONE=TRUE successfully
Executing : def_port {cmos5_data[2]} LOC=AB20 VCCIO=3.3 IOSTANDARD=LVCMOS33 NONE=TRUE
C: ConstraintEditor-2002: [G:/fpga_competition/image_recognition/fpga/fpga_pcie_ov5640/project/device_map/image_pcie_capture.pcf(line number: 87)] | Port cmos5_data[2] has been placed at location AB20, whose type is share pin.
Executing : def_port {cmos5_data[2]} LOC=AB20 VCCIO=3.3 IOSTANDARD=LVCMOS33 NONE=TRUE successfully
Executing : def_port {cmos5_data[3]} LOC=V19 VCCIO=3.3 IOSTANDARD=LVCMOS33 NONE=TRUE
Executing : def_port {cmos5_data[3]} LOC=V19 VCCIO=3.3 IOSTANDARD=LVCMOS33 NONE=TRUE successfully
Executing : def_port {cmos5_data[4]} LOC=L13 VCCIO=3.3 IOSTANDARD=LVCMOS33 NONE=TRUE
C: ConstraintEditor-2002: [G:/fpga_competition/image_recognition/fpga/fpga_pcie_ov5640/project/device_map/image_pcie_capture.pcf(line number: 89)] | Port cmos5_data[4] has been placed at location L13, whose type is share pin.
Executing : def_port {cmos5_data[4]} LOC=L13 VCCIO=3.3 IOSTANDARD=LVCMOS33 NONE=TRUE successfully
Executing : def_port {cmos5_data[5]} LOC=AB22 VCCIO=3.3 IOSTANDARD=LVCMOS33 NONE=TRUE
C: ConstraintEditor-2002: [G:/fpga_competition/image_recognition/fpga/fpga_pcie_ov5640/project/device_map/image_pcie_capture.pcf(line number: 90)] | Port cmos5_data[5] has been placed at location AB22, whose type is share pin.
Executing : def_port {cmos5_data[5]} LOC=AB22 VCCIO=3.3 IOSTANDARD=LVCMOS33 NONE=TRUE successfully
Executing : def_port {cmos5_data[6]} LOC=Y19 VCCIO=3.3 IOSTANDARD=LVCMOS33 NONE=TRUE
Executing : def_port {cmos5_data[6]} LOC=Y19 VCCIO=3.3 IOSTANDARD=LVCMOS33 NONE=TRUE successfully
Executing : def_port {cmos5_data[7]} LOC=AB21 VCCIO=3.3 IOSTANDARD=LVCMOS33 NONE=TRUE
C: ConstraintEditor-2002: [G:/fpga_competition/image_recognition/fpga/fpga_pcie_ov5640/project/device_map/image_pcie_capture.pcf(line number: 92)] | Port cmos5_data[7] has been placed at location AB21, whose type is share pin.
Executing : def_port {cmos5_data[7]} LOC=AB21 VCCIO=3.3 IOSTANDARD=LVCMOS33 NONE=TRUE successfully
Executing : def_port {cmos5_href} LOC=N15 VCCIO=3.3 IOSTANDARD=LVCMOS33 NONE=TRUE
Executing : def_port {cmos5_href} LOC=N15 VCCIO=3.3 IOSTANDARD=LVCMOS33 NONE=TRUE successfully
Executing : def_port {cmos5_pclk} LOC=T18 VCCIO=3.3 IOSTANDARD=LVCMOS33 NONE=TRUE
C: ConstraintEditor-2002: [G:/fpga_competition/image_recognition/fpga/fpga_pcie_ov5640/project/device_map/image_pcie_capture.pcf(line number: 94)] | Port cmos5_pclk has been placed at location T18, whose type is share pin.
Executing : def_port {cmos5_pclk} LOC=T18 VCCIO=3.3 IOSTANDARD=LVCMOS33 NONE=TRUE successfully
Executing : def_port {cmos5_vsync} LOC=W17 VCCIO=3.3 IOSTANDARD=LVCMOS33 NONE=TRUE
C: ConstraintEditor-2002: [G:/fpga_competition/image_recognition/fpga/fpga_pcie_ov5640/project/device_map/image_pcie_capture.pcf(line number: 95)] | Port cmos5_vsync has been placed at location W17, whose type is share pin.
Executing : def_port {cmos5_vsync} LOC=W17 VCCIO=3.3 IOSTANDARD=LVCMOS33 NONE=TRUE successfully
Executing : def_port {cmos6_data[0]} LOC=U17 VCCIO=3.3 IOSTANDARD=LVCMOS33 NONE=TRUE
C: ConstraintEditor-2002: [G:/fpga_competition/image_recognition/fpga/fpga_pcie_ov5640/project/device_map/image_pcie_capture.pcf(line number: 96)] | Port cmos6_data[0] has been placed at location U17, whose type is share pin.
Executing : def_port {cmos6_data[0]} LOC=U17 VCCIO=3.3 IOSTANDARD=LVCMOS33 NONE=TRUE successfully
Executing : def_port {cmos6_data[1]} LOC=V20 VCCIO=3.3 IOSTANDARD=LVCMOS33 NONE=TRUE
Executing : def_port {cmos6_data[1]} LOC=V20 VCCIO=3.3 IOSTANDARD=LVCMOS33 NONE=TRUE successfully
Executing : def_port {cmos6_data[2]} LOC=R16 VCCIO=3.3 IOSTANDARD=LVCMOS33 NONE=TRUE
C: ConstraintEditor-2002: [G:/fpga_competition/image_recognition/fpga/fpga_pcie_ov5640/project/device_map/image_pcie_capture.pcf(line number: 98)] | Port cmos6_data[2] has been placed at location R16, whose type is share pin.
Executing : def_port {cmos6_data[2]} LOC=R16 VCCIO=3.3 IOSTANDARD=LVCMOS33 NONE=TRUE successfully
Executing : def_port {cmos6_data[3]} LOC=P15 VCCIO=3.3 IOSTANDARD=LVCMOS33 NONE=TRUE
C: ConstraintEditor-2002: [G:/fpga_competition/image_recognition/fpga/fpga_pcie_ov5640/project/device_map/image_pcie_capture.pcf(line number: 99)] | Port cmos6_data[3] has been placed at location P15, whose type is share pin.
Executing : def_port {cmos6_data[3]} LOC=P15 VCCIO=3.3 IOSTANDARD=LVCMOS33 NONE=TRUE successfully
Executing : def_port {cmos6_data[4]} LOC=W19 VCCIO=3.3 IOSTANDARD=LVCMOS33 NONE=TRUE
Executing : def_port {cmos6_data[4]} LOC=W19 VCCIO=3.3 IOSTANDARD=LVCMOS33 NONE=TRUE successfully
Executing : def_port {cmos6_data[5]} LOC=W20 VCCIO=3.3 IOSTANDARD=LVCMOS33 NONE=TRUE
Executing : def_port {cmos6_data[5]} LOC=W20 VCCIO=3.3 IOSTANDARD=LVCMOS33 NONE=TRUE successfully
Executing : def_port {cmos6_data[6]} LOC=P17 VCCIO=3.3 IOSTANDARD=LVCMOS33 NONE=TRUE
C: ConstraintEditor-2002: [G:/fpga_competition/image_recognition/fpga/fpga_pcie_ov5640/project/device_map/image_pcie_capture.pcf(line number: 102)] | Port cmos6_data[6] has been placed at location P17, whose type is share pin.
Executing : def_port {cmos6_data[6]} LOC=P17 VCCIO=3.3 IOSTANDARD=LVCMOS33 NONE=TRUE successfully
Executing : def_port {cmos6_data[7]} LOC=AB18 VCCIO=3.3 IOSTANDARD=LVCMOS33 NONE=TRUE
C: ConstraintEditor-2002: [G:/fpga_competition/image_recognition/fpga/fpga_pcie_ov5640/project/device_map/image_pcie_capture.pcf(line number: 103)] | Port cmos6_data[7] has been placed at location AB18, whose type is share pin.
Executing : def_port {cmos6_data[7]} LOC=AB18 VCCIO=3.3 IOSTANDARD=LVCMOS33 NONE=TRUE successfully
Executing : def_port {cmos6_href} LOC=U18 VCCIO=3.3 IOSTANDARD=LVCMOS33 NONE=TRUE
C: ConstraintEditor-2002: [G:/fpga_competition/image_recognition/fpga/fpga_pcie_ov5640/project/device_map/image_pcie_capture.pcf(line number: 104)] | Port cmos6_href has been placed at location U18, whose type is share pin.
Executing : def_port {cmos6_href} LOC=U18 VCCIO=3.3 IOSTANDARD=LVCMOS33 NONE=TRUE successfully
Executing : def_port {cmos6_pclk} LOC=P16 VCCIO=3.3 IOSTANDARD=LVCMOS33 NONE=TRUE
C: ConstraintEditor-2002: [G:/fpga_competition/image_recognition/fpga/fpga_pcie_ov5640/project/device_map/image_pcie_capture.pcf(line number: 105)] | Port cmos6_pclk has been placed at location P16, whose type is share pin.
Executing : def_port {cmos6_pclk} LOC=P16 VCCIO=3.3 IOSTANDARD=LVCMOS33 NONE=TRUE successfully
Executing : def_port {cmos6_vsync} LOC=R17 VCCIO=3.3 IOSTANDARD=LVCMOS33 NONE=TRUE
C: ConstraintEditor-2002: [G:/fpga_competition/image_recognition/fpga/fpga_pcie_ov5640/project/device_map/image_pcie_capture.pcf(line number: 106)] | Port cmos6_vsync has been placed at location R17, whose type is share pin.
Executing : def_port {cmos6_vsync} LOC=R17 VCCIO=3.3 IOSTANDARD=LVCMOS33 NONE=TRUE successfully
Executing : def_port {free_clk} LOC=V4 VCCIO=1.5 IOSTANDARD=LVCMOS15 UNUSED=TRUE
Executing : def_port {free_clk} LOC=V4 VCCIO=1.5 IOSTANDARD=LVCMOS15 UNUSED=TRUE successfully
Executing : def_port {perst_n} LOC=M16 VCCIO=3.3 IOSTANDARD=LVCMOS18 NONE=TRUE
C: ConstraintEditor-2002: [G:/fpga_competition/image_recognition/fpga/fpga_pcie_ov5640/project/device_map/image_pcie_capture.pcf(line number: 108)] | Port perst_n has been placed at location M16, whose type is share pin.
Executing : def_port {perst_n} LOC=M16 VCCIO=3.3 IOSTANDARD=LVCMOS18 NONE=TRUE successfully
Executing : def_port {ref_clk_n} LOC=E6
Executing : def_port {ref_clk_n} LOC=E6 successfully
Executing : def_port {ref_clk_p} LOC=F6
Executing : def_port {ref_clk_p} LOC=F6 successfully
Executing : def_port {spi_clk} LOC=L19 VCCIO=3.3 IOSTANDARD=LVCMOS18 NONE=TRUE
Executing : def_port {spi_clk} LOC=L19 VCCIO=3.3 IOSTANDARD=LVCMOS18 NONE=TRUE successfully
Executing : def_port {spi_cs} LOC=L20 VCCIO=3.3 IOSTANDARD=LVCMOS18 NONE=TRUE
Executing : def_port {spi_cs} LOC=L20 VCCIO=3.3 IOSTANDARD=LVCMOS18 NONE=TRUE successfully
Executing : def_inst_site {I_ips_ddr_top/u_ddrphy_top/ddrphy_reset_ctrl/ddrphy_ioclk_gate[0]/opit_0_inv} CLMA_357_354 FF3
Executing : def_inst_site {I_ips_ddr_top/u_ddrphy_top/ddrphy_reset_ctrl/ddrphy_ioclk_gate[0]/opit_0_inv} CLMA_357_354 FF3 successfully
Executing : def_inst_site {I_ips_ddr_top/u_ddrphy_top/ddrphy_reset_ctrl/ddrphy_ioclk_gate[1]/opit_0_inv} CLMA_357_660 FF3
Executing : def_inst_site {I_ips_ddr_top/u_ddrphy_top/ddrphy_reset_ctrl/ddrphy_ioclk_gate[1]/opit_0_inv} CLMA_357_660 FF3 successfully
Executing : def_inst_site {I_ips_ddr_top/u_ddrphy_top/u_ddrphy_cpd/cpd_inst} DDRPHY_CPD_369_466
Executing : def_inst_site {I_ips_ddr_top/u_ddrphy_top/u_ddrphy_cpd/cpd_inst} DDRPHY_CPD_369_466 successfully
Executing : def_inst_site {u_ips2l_pcie_wrap/U_IPS2L_PCIE_TOP/U_IPS2L_HSSTLP_PCIE_SOFT_PHY/x2.GTP_HSST_2LANE_TOP/U_GTP_HSSTLP_WRAPPER/CHANNEL0_ENABLE.U_GTP_HSSTLP_LANE0/gophsst} HSSTLP_364_918 U0_HSSTLP_LANE
Executing : def_inst_site {u_ips2l_pcie_wrap/U_IPS2L_PCIE_TOP/U_IPS2L_HSSTLP_PCIE_SOFT_PHY/x2.GTP_HSST_2LANE_TOP/U_GTP_HSSTLP_WRAPPER/CHANNEL0_ENABLE.U_GTP_HSSTLP_LANE0/gophsst} HSSTLP_364_918 U0_HSSTLP_LANE successfully
Executing : def_inst_site {u_ips2l_pcie_wrap/U_IPS2L_PCIE_TOP/U_IPS2L_HSSTLP_PCIE_SOFT_PHY/x2.GTP_HSST_2LANE_TOP/U_GTP_HSSTLP_WRAPPER/CHANNEL1_ENABLE.U_GTP_HSSTLP_LANE1/gophsst} HSSTLP_364_918 U1_HSSTLP_LANE
Executing : def_inst_site {u_ips2l_pcie_wrap/U_IPS2L_PCIE_TOP/U_IPS2L_HSSTLP_PCIE_SOFT_PHY/x2.GTP_HSST_2LANE_TOP/U_GTP_HSSTLP_WRAPPER/CHANNEL1_ENABLE.U_GTP_HSSTLP_LANE1/gophsst} HSSTLP_364_918 U1_HSSTLP_LANE successfully
Executing : def_inst_site {u_ips2l_pcie_wrap/U_IPS2L_PCIE_TOP/U_IPS2L_HSSTLP_PCIE_SOFT_PHY/x2.GTP_HSST_2LANE_TOP/U_GTP_HSSTLP_WRAPPER/PLL0_ENABLE.U_GTP_HSSTLP_PLL0/gophsst} HSSTLP_364_918 U0_HSSTLP_PLL
Executing : def_inst_site {u_ips2l_pcie_wrap/U_IPS2L_PCIE_TOP/U_IPS2L_HSSTLP_PCIE_SOFT_PHY/x2.GTP_HSST_2LANE_TOP/U_GTP_HSSTLP_WRAPPER/PLL0_ENABLE.U_GTP_HSSTLP_PLL0/gophsst} HSSTLP_364_918 U0_HSSTLP_PLL successfully
W: ConstraintEditor-4019: Port Bus 'rxn' unspecified I/O constraint.
W: ConstraintEditor-4019: Port Bus 'rxp' unspecified I/O constraint.
W: ConstraintEditor-4019: Port Bus 'txn' unspecified I/O constraint.
W: ConstraintEditor-4019: Port Bus 'txp' unspecified I/O constraint.
W: ConstraintEditor-4019: Port 'heart_beat_led' unspecified I/O constraint.
Constraint check end.
I: Column Clock Check open.
Read Column Clock Map.

Placement started.
Phase 1 Pre global placement started.
Mapping instance GRS_INST/grs_ccs to CCS_87_316.
Mapping instance u_CORES/u_GTP_SCANCHAIN_PG/scanchain to SCANCHAIN_88_312.
Mapping instance u_ips2l_pcie_wrap/U_IPS2L_PCIE_TOP/U_IPS2L_PCIE_HARD_CTRL/u_gtp_pcie/gateop to PCIE_315_918.
Mapping instance I_ips_ddr_top/u_ddrphy_top/ddrphy_gpll/u_gpll/gpll_inst to GPLL_367_463.
Mapping instance I_ips_ddr_top/u_ddrphy_top/ddrphy_slice_top/i_dqs_bank[0].u_ddrphy_ioclkdiv/ddrphy_ioclk_div_inst to DDRPHY_IOCLK_DIV_368_310.
Mapping instance I_ips_ddr_top/u_ddrphy_top/ddrphy_slice_top/i_dqs_bank[0].ddrphy_ppll/u_ppll/ppll_inst to PPLL_367_307.
Mapping instance I_ips_ddr_top/u_ddrphy_top/ddrphy_slice_top/i_ca_group[0].u_ddc_ca/ddc_inst to DDR_PHY_369_465.
Mapping instance I_ips_ddr_top/u_ddrphy_top/ddrphy_slice_top/i_ca_group[1].u_ddc_ca/ddc_inst to DDR_PHY_369_463.
Mapping instance I_ips_ddr_top/u_ddrphy_top/ddrphy_slice_top/i_ca_group[2].u_ddc_ca/ddc_inst to DDR_PHY_369_309.
Mapping instance I_ips_ddr_top/u_ddrphy_top/ddrphy_slice_top/i_dqs_bank[1].u_ddrphy_ioclkdiv/ddrphy_ioclk_div_inst to DDRPHY_IOCLK_DIV_368_616.
Mapping instance I_ips_ddr_top/u_ddrphy_top/ddrphy_slice_top/i_dqs_bank[1].ddrphy_ppll/u_ppll/ppll_inst to PPLL_367_613.
Mapping instance I_ips_ddr_top/u_ddrphy_top/ddrphy_slice_top/i_dqs_group[0].ddrphy_data_slice/u_ddc_dq/ddc_inst_PHY to DDR_PHY_369_613.
Mapping instance I_ips_ddr_top/u_ddrphy_top/ddrphy_slice_top/i_dqs_group[1].ddrphy_data_slice/u_ddc_dq/ddc_inst_PHY to DDR_PHY_369_615.
Phase 1.1 1st GP placement started.
Design Utilization : 18%.
First map gop timing takes 9.56 sec
Worst slack after clock region global placement is -11354
Wirelength after clock region global placement is 294220 and checksum is 75AC622B0C7AEC13.
1st GP placement takes 34.67 sec.

Phase 1.2 Clock placement started.
Mapping instance I_ips_ddr_top/u_ddrphy_top/ddrphy_slice_top/i_dqs_bank[0].u_clkbufr/goprclk to RCKB_363_456.
Mapping instance I_ips_ddr_top/u_ddrphy_top/ddrphy_slice_top/i_dqs_bank[1].u_clkbufr/goprclk to RCKB_363_762.
Mapping instance I_ips_ddr_top/u_ddrphy_top/u_clkbufm/clkbufm_inst to MRCKB_361_456.
Mapping instance I_ips_ddr_top/u_ddrphy_top/u_sysclk_bufg/gopclkbufg to USCM_215_576.
Mapping instance clkbufg_3/gopclkbufg to USCM_215_624.
Mapping instance clkbufg_4/gopclkbufg to USCM_215_627.
Mapping instance u_ips2l_pcie_wrap/U_IPS2L_PCIE_TOP/U_IPS2L_HSSTLP_PCIE_SOFT_PHY/u_clkbufg/gopclkbufg to USCM_215_630.
Mapping instance clkbufg_5/gopclkbufg to USCM_215_633.
Mapping instance clkbufg_11/gopclkbufg to USCM_215_636.
Mapping instance u_ov5640_top/u_pll/u_gpll/gpll_inst to GPLL_7_463.
Mapping instance clkbufg_10/gopclkbufg to USCM_215_579.
Mapping instance clkbufg_12/gopclkbufg to USCM_215_582.
Mapping instance I_ips_ddr_top/u_ddrphy_top/rst_clk_gpll/u_gpll/gpll_inst to GPLL_7_157.
Mapping instance I_ips_ddr_top/u_ddrphy_top/u_rst_clk_bufg/gopclkbufg to USCM_215_585.
Mapping instance u_fspi_slave_top/clk_gen_inst/u_gpll/gpll_inst to GPLL_367_769.
Mapping instance clkbufg_13/gopclkbufg to USCM_215_639.
Mapping instance the_instance_name/u_gpll/gpll_inst to GPLL_7_769.
Mapping instance clkbufg_9/gopclkbufg to USCM_215_642.
C: Place-2028: GLOBAL_CLOCK: the driver cmos5_pclk_ibuf/opit_1 fixed at IOLHR_16_360 is unreasonable. Sub-optimal placement for a clock source and a clock buffer.
Mapping instance clkbufg_6/gopclkbufg to USCM_215_588.
C: Place-2028: GLOBAL_CLOCK: the driver cmos6_pclk_ibuf/opit_1 fixed at IOLHR_16_318 is unreasonable. Sub-optimal placement for a clock source and a clock buffer.
Mapping instance clkbufg_7/gopclkbufg to USCM_215_591.
C: Place-2028: GLOBAL_CLOCK: the driver u_CORES/u_GTP_SCANCHAIN_PG/scanchain fixed at SCANCHAIN_88_312 is unreasonable. Sub-optimal placement for a clock source and a clock buffer.
Mapping instance clkbufg_8/gopclkbufg to USCM_215_594.
Clock placement takes 0.88 sec.

Wirelength after Pre Global Placement is 294220 and checksum is 75AC622B0C7AEC13.
Pre global placement takes 37.75 sec.

Phase 2 Global placement started.
Phase 2.1 Fixed placement started.
Placed fixed group with base inst I_ips_ddr_top/u_ddrphy_top/ddrphy_slice_top/i_dqs_group[0].ddrphy_data_slice/dq_loop[0].u_iobuf_dq/opit_1 on IOLHR_364_624.
Placed fixed group with base inst I_ips_ddr_top/u_ddrphy_top/ddrphy_slice_top/i_dqs_group[0].ddrphy_data_slice/dq_loop[1].u_iobuf_dq/opit_1 on IOLHR_364_630.
Placed fixed group with base inst I_ips_ddr_top/u_ddrphy_top/ddrphy_slice_top/i_dqs_group[0].ddrphy_data_slice/dq_loop[2].u_iobuf_dq/opit_1 on IOLHR_364_636.
Placed fixed group with base inst I_ips_ddr_top/u_ddrphy_top/ddrphy_slice_top/i_dqs_group[0].ddrphy_data_slice/dq_loop[3].u_iobuf_dq/opit_1 on IOLHR_364_642.
Placed fixed group with base inst I_ips_ddr_top/u_ddrphy_top/ddrphy_slice_top/i_dqs_group[0].ddrphy_data_slice/dq_loop[4].u_iobuf_dq/opit_1 on IOLHR_364_648.
Placed fixed group with base inst I_ips_ddr_top/u_ddrphy_top/ddrphy_slice_top/i_dqs_group[0].ddrphy_data_slice/dq_loop[5].u_iobuf_dq/opit_1 on IOLHR_364_666.
Placed fixed group with base inst I_ips_ddr_top/u_ddrphy_top/ddrphy_slice_top/i_dqs_group[0].ddrphy_data_slice/dq_loop[6].u_iobuf_dq/opit_1 on IOLHR_364_672.
Placed fixed group with base inst I_ips_ddr_top/u_ddrphy_top/ddrphy_slice_top/i_dqs_group[0].ddrphy_data_slice/dq_loop[7].u_iobuf_dq/opit_1 on IOLHR_364_684.
Placed fixed group with base inst I_ips_ddr_top/u_ddrphy_top/ddrphy_slice_top/i_dqs_group[0].ddrphy_data_slice/genblk1.u_iobufco_dqs/opit_2 on IOLHR_364_660.
Placed fixed group with base inst I_ips_ddr_top/u_ddrphy_top/ddrphy_slice_top/i_dqs_group[0].ddrphy_data_slice/u_outbuft_dm/opit_1 on IOLHR_364_618.
Placed fixed group with base inst I_ips_ddr_top/u_ddrphy_top/ddrphy_slice_top/i_dqs_group[1].ddrphy_data_slice/dq_loop[0].u_iobuf_dq/opit_1 on IOLHR_364_702.
Placed fixed group with base inst I_ips_ddr_top/u_ddrphy_top/ddrphy_slice_top/i_dqs_group[1].ddrphy_data_slice/dq_loop[1].u_iobuf_dq/opit_1 on IOLHR_364_708.
Placed fixed group with base inst I_ips_ddr_top/u_ddrphy_top/ddrphy_slice_top/i_dqs_group[1].ddrphy_data_slice/dq_loop[2].u_iobuf_dq/opit_1 on IOLHR_364_714.
Placed fixed group with base inst I_ips_ddr_top/u_ddrphy_top/ddrphy_slice_top/i_dqs_group[1].ddrphy_data_slice/dq_loop[3].u_iobuf_dq/opit_1 on IOLHR_364_720.
Placed fixed group with base inst I_ips_ddr_top/u_ddrphy_top/ddrphy_slice_top/i_dqs_group[1].ddrphy_data_slice/dq_loop[4].u_iobuf_dq/opit_1 on IOLHR_364_738.
Placed fixed group with base inst I_ips_ddr_top/u_ddrphy_top/ddrphy_slice_top/i_dqs_group[1].ddrphy_data_slice/dq_loop[5].u_iobuf_dq/opit_1 on IOLHR_364_744.
Placed fixed group with base inst I_ips_ddr_top/u_ddrphy_top/ddrphy_slice_top/i_dqs_group[1].ddrphy_data_slice/dq_loop[6].u_iobuf_dq/opit_1 on IOLHR_364_750.
Placed fixed group with base inst I_ips_ddr_top/u_ddrphy_top/ddrphy_slice_top/i_dqs_group[1].ddrphy_data_slice/dq_loop[7].u_iobuf_dq/opit_1 on IOLHR_364_756.
Placed fixed group with base inst I_ips_ddr_top/u_ddrphy_top/ddrphy_slice_top/i_dqs_group[1].ddrphy_data_slice/genblk1.u_iobufco_dqs/opit_2 on IOLHR_364_732.
Placed fixed group with base inst I_ips_ddr_top/u_ddrphy_top/ddrphy_slice_top/i_dqs_group[1].ddrphy_data_slice/u_outbuft_dm/opit_1 on IOLHR_364_696.
Placed fixed group with base inst I_ips_ddr_top/u_ddrphy_top/ddrphy_slice_top/i_mem_addr_0[0].u_outbuft_addr0/opit_1 on IOLHR_364_600.
Placed fixed group with base inst I_ips_ddr_top/u_ddrphy_top/ddrphy_slice_top/i_mem_addr_0[1].u_outbuft_addr0/opit_1 on IOLHR_364_594.
Placed fixed group with base inst I_ips_ddr_top/u_ddrphy_top/ddrphy_slice_top/i_mem_addr_0[2].u_outbuft_addr0/opit_1 on IOLHR_364_588.
Placed fixed group with base inst I_ips_ddr_top/u_ddrphy_top/ddrphy_slice_top/i_mem_addr_0[3].u_outbuft_addr0/opit_1 on IOLHR_364_582.
Placed fixed group with base inst I_ips_ddr_top/u_ddrphy_top/ddrphy_slice_top/i_mem_addr_0[4].u_outbuft_addr0/opit_1 on IOLHR_364_576.
Placed fixed group with base inst I_ips_ddr_top/u_ddrphy_top/ddrphy_slice_top/i_mem_addr_0[5].u_outbuft_addr0/opit_1 on IOLHR_364_570.
Placed fixed group with base inst I_ips_ddr_top/u_ddrphy_top/ddrphy_slice_top/i_mem_addr_0[6].u_outbuft_addr0/opit_1 on IOLHR_364_564.
Placed fixed group with base inst I_ips_ddr_top/u_ddrphy_top/ddrphy_slice_top/i_mem_addr_0[7].u_outbuft_addr0/opit_1 on IOLHR_364_558.
Placed fixed group with base inst I_ips_ddr_top/u_ddrphy_top/ddrphy_slice_top/i_mem_addr_0[8].u_outbuft_addr0/opit_1 on IOLHR_364_552.
Placed fixed group with base inst I_ips_ddr_top/u_ddrphy_top/ddrphy_slice_top/i_mem_addr_0[9].u_outbuft_addr0/opit_1 on IOLHR_364_546.
Placed fixed group with base inst I_ips_ddr_top/u_ddrphy_top/ddrphy_slice_top/i_mem_addr_0[10].u_outbuft_addr0/opit_1 on IOLHR_364_540.
Placed fixed group with base inst I_ips_ddr_top/u_ddrphy_top/ddrphy_slice_top/i_mem_addr_0[11].u_outbuft_addr0/opit_1 on IOLHR_364_528.
Placed fixed group with base inst I_ips_ddr_top/u_ddrphy_top/ddrphy_slice_top/i_mem_addr_0[12].u_outbuft_addr0/opit_1 on IOLHR_364_522.
Placed fixed group with base inst I_ips_ddr_top/u_ddrphy_top/ddrphy_slice_top/i_mem_addr_0[13].u_outbuft_addr0/opit_1 on IOLHR_364_516.
Placed fixed group with base inst I_ips_ddr_top/u_ddrphy_top/ddrphy_slice_top/i_mem_addr_0[14].u_outbuft_addr0/opit_1 on IOLHR_364_510.
Placed fixed group with base inst I_ips_ddr_top/u_ddrphy_top/ddrphy_slice_top/k_mem_ba[0].u_outbuft_ba/opit_1 on IOLHR_364_498.
Placed fixed group with base inst I_ips_ddr_top/u_ddrphy_top/ddrphy_slice_top/k_mem_ba[1].u_outbuft_ba/opit_1 on IOLHR_364_492.
Placed fixed group with base inst I_ips_ddr_top/u_ddrphy_top/ddrphy_slice_top/k_mem_ba[2].u_outbuft_ba/opit_1 on IOLHR_364_486.
Placed fixed group with base inst I_ips_ddr_top/u_ddrphy_top/ddrphy_slice_top/u_outbuft_casn/opit_1 on IOLHR_364_414.
Placed fixed group with base inst I_ips_ddr_top/u_ddrphy_top/ddrphy_slice_top/u_outbuft_cke/opit_1 on IOLHR_364_462.
Placed fixed group with base inst I_ips_ddr_top/u_ddrphy_top/ddrphy_slice_top/u_outbuft_csn/opit_1 on IOLHR_364_408.
Placed fixed group with base inst I_ips_ddr_top/u_ddrphy_top/ddrphy_slice_top/u_outbuft_odt/opit_1 on IOLHR_364_402.
Placed fixed group with base inst I_ips_ddr_top/u_ddrphy_top/ddrphy_slice_top/u_outbuft_rasn/opit_1 on IOLHR_364_420.
Placed fixed group with base inst I_ips_ddr_top/u_ddrphy_top/ddrphy_slice_top/u_outbuft_wen/opit_1 on IOLHR_364_426.
Placed fixed group with base inst I_ips_ddr_top/u_ddrphy_top/ddrphy_slice_top/u_outbuftco_ck/opit_3 on IOLHR_364_480.
Placed fixed group with base inst RXD_ibuf/opit_1 on IOLHR_16_978.
Placed fixed group with base inst back_obuf/opit_1 on IOLHR_16_882.
Placed fixed group with base inst board_rst_n_ibuf/opit_1 on IOLHR_16_624.
Placed fixed group with base inst cmos2_data_ibuf[0]/opit_1 on IOLHR_16_1056.
Placed fixed group with base inst cmos2_data_ibuf[1]/opit_1 on IOLHR_16_1134.
Placed fixed group with base inst cmos2_data_ibuf[2]/opit_1 on IOLHR_16_1140.
Placed fixed group with base inst cmos2_data_ibuf[3]/opit_1 on IOLHR_16_1176.
Placed fixed group with base inst cmos2_data_ibuf[4]/opit_1 on IOLHR_16_984.
Placed fixed group with base inst cmos2_data_ibuf[5]/opit_1 on IOLHR_16_1032.
Placed fixed group with base inst cmos2_data_ibuf[6]/opit_1 on IOLHR_16_1164.
Placed fixed group with base inst cmos2_data_ibuf[7]/opit_1 on IOLHR_16_1158.
Placed fixed group with base inst cmos2_href_ibuf/opit_1 on IOLHR_16_1110.
Placed fixed group with base inst cmos2_pclk_ibuf/opit_1 on IOLHR_16_1062.
Placed fixed group with base inst cmos2_reset_obuf/opit_1 on IOLHR_16_1122.
Placed fixed group with base inst cmos2_scl_iobuf/opit_1 on IOLHR_16_1170.
Placed fixed group with base inst cmos2_vsync_ibuf/opit_1 on IOLHR_16_1116.
Placed fixed group with base inst cmos5_data_ibuf[0]/opit_1 on IOLHR_16_450.
Placed fixed group with base inst cmos5_data_ibuf[1]/opit_1 on IOLHR_16_426.
Placed fixed group with base inst cmos5_data_ibuf[2]/opit_1 on IOLHR_16_420.
Placed fixed group with base inst cmos5_data_ibuf[3]/opit_1 on IOLHR_16_432.
Placed fixed group with base inst cmos5_data_ibuf[4]/opit_1 on IOLHR_16_666.
Placed fixed group with base inst cmos5_data_ibuf[5]/opit_1 on IOLHR_16_486.
Placed fixed group with base inst cmos5_data_ibuf[6]/opit_1 on IOLHR_16_444.
Placed fixed group with base inst cmos5_data_ibuf[7]/opit_1 on IOLHR_16_492.
Placed fixed group with base inst cmos5_href_ibuf/opit_1 on IOLHR_16_306.
Placed fixed group with base inst cmos5_pclk_ibuf/opit_1 on IOLHR_16_360.
Placed fixed group with base inst cmos5_reset_obuf/opit_1 on IOLHR_16_438.
Placed fixed group with base inst cmos5_scl_iobuf/opit_1 on IOLHR_16_372.
Placed fixed group with base inst cmos5_vsync_ibuf/opit_1 on IOLHR_16_408.
Placed fixed group with base inst cmos6_data_ibuf[0]/opit_1 on IOLHR_16_390.
Placed fixed group with base inst cmos6_data_ibuf[1]/opit_1 on IOLHR_16_474.
Placed fixed group with base inst cmos6_data_ibuf[2]/opit_1 on IOLHR_16_336.
Placed fixed group with base inst cmos6_data_ibuf[3]/opit_1 on IOLHR_16_342.
Placed fixed group with base inst cmos6_data_ibuf[4]/opit_1 on IOLHR_16_468.
Placed fixed group with base inst cmos6_data_ibuf[5]/opit_1 on IOLHR_16_462.
Placed fixed group with base inst cmos6_data_ibuf[6]/opit_1 on IOLHR_16_348.
Placed fixed group with base inst cmos6_data_ibuf[7]/opit_1 on IOLHR_16_396.
Placed fixed group with base inst cmos6_href_ibuf/opit_1 on IOLHR_16_384.
Placed fixed group with base inst cmos6_pclk_ibuf/opit_1 on IOLHR_16_318.
Placed fixed group with base inst cmos6_reset_obuf/opit_1 on IOLHR_16_510.
Placed fixed group with base inst cmos6_scl_iobuf/opit_1 on IOLHR_16_480.
Placed fixed group with base inst cmos6_vsync_ibuf/opit_1 on IOLHR_16_312.
Placed fixed group with base inst free_clk_ibuf/opit_1 on IOLHR_364_468.
Placed fixed group with base inst go_obuf/opit_1 on IOLHR_16_870.
Placed fixed group with base inst left_obuf/opit_1 on IOLHR_16_1218.
Placed fixed group with base inst mem_rst_n_obuf/opit_1 on IOLHR_364_606.
Placed fixed group with base inst pclk_led_obuf/opit_1 on IOLHR_16_912.
Placed fixed group with base inst perst_n_ibuf/opit_1 on IOLHR_16_618.
Placed fixed group with base inst ref_led_obuf/opit_1 on IOLHR_16_612.
Placed fixed group with base inst right_obuf/opit_1 on IOLHR_16_954.
Placed fixed group with base inst spi_clk_ibuf/opit_1 on IOLHR_16_744.
Placed fixed group with base inst spi_cs_ibuf/opit_1 on IOLHR_16_738.
Placed fixed group with base inst stop_obuf/opit_1 on IOLHR_16_906.
Placed fixed group with base inst u_fspi_slave_top.u_fspi_slave.spi_data_tri[0]/opit_1 on IOLHR_16_732.
Placed fixed group with base inst u_fspi_slave_top.u_fspi_slave.spi_data_tri[1]/opit_1 on IOLHR_16_726.
Placed fixed group with base inst u_fspi_slave_top.u_fspi_slave.spi_data_tri[2]/opit_1 on IOLHR_16_720.
Placed fixed group with base inst u_fspi_slave_top.u_fspi_slave.spi_data_tri[3]/opit_1 on IOLHR_16_714.
Placed fixed group with base inst u_ips2l_pcie_wrap/U_IPS2L_PCIE_TOP/U_IPS2L_HSSTLP_PCIE_SOFT_PHY/x2.GTP_HSST_2LANE_TOP/U_GTP_HSSTLP_WRAPPER/CHANNEL0_ENABLE.U_GTP_HSSTLP_LANE0/gophsst on HSSTLP_364_918.
Placed fixed group with base inst u_ov5640_top.cmos2_reg_config.u1.i2c_sdat_tri/opit_1 on IOLHR_16_1200.
Placed fixed group with base inst u_ov5640_top.cmos5_reg_config.u1.i2c_sdat_tri/opit_1 on IOLHR_16_378.
Placed fixed group with base inst u_ov5640_top.cmos6_reg_config.u1.i2c_sdat_tri/opit_1 on IOLHR_16_354.
Placed fixed instance I_ips_ddr_top/u_ddrphy_top/ddrphy_reset_ctrl/ddrphy_ioclk_gate[0]/opit_0_inv on CLMA_357_354.
Placed fixed instance I_ips_ddr_top/u_ddrphy_top/ddrphy_reset_ctrl/ddrphy_ioclk_gate[1]/opit_0_inv on CLMA_357_660.
Placed fixed instance u_ips2l_pcie_wrap/U_IPS2L_PCIE_TOP/U_IPS2L_HSSTLP_PCIE_SOFT_PHY/x2.GTP_HSST_2LANE_TOP/U_GTP_HSSTLP_WRAPPER/PLL0_ENABLE.U_GTP_HSSTLP_PLL0/gophsst on HSSTLP_364_918.
Placed fixed instance GRS_INST/grs_ccs on CCS_87_316.
Placed fixed instance I_ips_ddr_top/u_ddrphy_top/ddrphy_gpll/u_gpll/gpll_inst on GPLL_367_463.
Placed fixed instance I_ips_ddr_top/u_ddrphy_top/ddrphy_slice_top/i_ca_group[0].u_ddc_ca/ddc_inst on DDR_PHY_369_465.
Placed fixed instance I_ips_ddr_top/u_ddrphy_top/ddrphy_slice_top/i_ca_group[1].u_ddc_ca/ddc_inst on DDR_PHY_369_463.
Placed fixed instance I_ips_ddr_top/u_ddrphy_top/ddrphy_slice_top/i_ca_group[2].u_ddc_ca/ddc_inst on DDR_PHY_369_309.
Placed fixed instance I_ips_ddr_top/u_ddrphy_top/ddrphy_slice_top/i_dqs_bank[0].ddrphy_ppll/u_ppll/ppll_inst on PPLL_367_307.
Placed fixed instance I_ips_ddr_top/u_ddrphy_top/ddrphy_slice_top/i_dqs_bank[0].u_clkbufr/goprclk on RCKB_363_456.
Placed fixed instance I_ips_ddr_top/u_ddrphy_top/ddrphy_slice_top/i_dqs_bank[0].u_ddrphy_ioclkdiv/ddrphy_ioclk_div_inst on DDRPHY_IOCLK_DIV_368_310.
Placed fixed instance I_ips_ddr_top/u_ddrphy_top/ddrphy_slice_top/i_dqs_bank[1].ddrphy_ppll/u_ppll/ppll_inst on PPLL_367_613.
Placed fixed instance I_ips_ddr_top/u_ddrphy_top/ddrphy_slice_top/i_dqs_bank[1].u_clkbufr/goprclk on RCKB_363_762.
Placed fixed instance I_ips_ddr_top/u_ddrphy_top/ddrphy_slice_top/i_dqs_bank[1].u_ddrphy_ioclkdiv/ddrphy_ioclk_div_inst on DDRPHY_IOCLK_DIV_368_616.
Placed fixed instance I_ips_ddr_top/u_ddrphy_top/ddrphy_slice_top/i_dqs_group[0].ddrphy_data_slice/u_ddc_dq/ddc_inst_PHY on DDR_PHY_369_613.
Placed fixed instance I_ips_ddr_top/u_ddrphy_top/ddrphy_slice_top/i_dqs_group[1].ddrphy_data_slice/u_ddc_dq/ddc_inst_PHY on DDR_PHY_369_615.
Placed fixed instance I_ips_ddr_top/u_ddrphy_top/rst_clk_gpll/u_gpll/gpll_inst on GPLL_7_157.
Placed fixed instance I_ips_ddr_top/u_ddrphy_top/u_clkbufm/clkbufm_inst on MRCKB_361_456.
Placed fixed instance I_ips_ddr_top/u_ddrphy_top/u_ddrphy_cpd/cpd_inst on DDRPHY_CPD_369_466.
Placed fixed instance I_ips_ddr_top/u_ddrphy_top/u_rst_clk_bufg/gopclkbufg on USCM_215_585.
Placed fixed instance I_ips_ddr_top/u_ddrphy_top/u_sysclk_bufg/gopclkbufg on USCM_215_576.
Placed fixed instance clkbufg_3/gopclkbufg on USCM_215_624.
Placed fixed instance clkbufg_4/gopclkbufg on USCM_215_627.
Placed fixed instance clkbufg_5/gopclkbufg on USCM_215_633.
Placed fixed instance clkbufg_6/gopclkbufg on USCM_215_588.
Placed fixed instance clkbufg_7/gopclkbufg on USCM_215_591.
Placed fixed instance clkbufg_8/gopclkbufg on USCM_215_594.
Placed fixed instance clkbufg_9/gopclkbufg on USCM_215_642.
Placed fixed instance clkbufg_10/gopclkbufg on USCM_215_579.
Placed fixed instance clkbufg_11/gopclkbufg on USCM_215_636.
Placed fixed instance clkbufg_12/gopclkbufg on USCM_215_582.
Placed fixed instance clkbufg_13/gopclkbufg on USCM_215_639.
Placed fixed instance ref_clk_n_ibuf_hsst on SPAD_363_922.
Placed fixed instance ref_clk_p_ibuf_hsst on SPAD_363_921.
Placed fixed instance the_instance_name/u_gpll/gpll_inst on GPLL_7_769.
Placed fixed instance u_CORES/u_GTP_SCANCHAIN_PG/scanchain on SCANCHAIN_88_312.
Placed fixed instance u_fspi_slave_top/clk_gen_inst/u_gpll/gpll_inst on GPLL_367_769.
Placed fixed instance u_ips2l_pcie_wrap/U_IPS2L_PCIE_TOP/U_IPS2L_HSSTLP_PCIE_SOFT_PHY/u_clkbufg/gopclkbufg on USCM_215_630.
Placed fixed instance u_ips2l_pcie_wrap/U_IPS2L_PCIE_TOP/U_IPS2L_PCIE_HARD_CTRL/u_gtp_pcie/gateop on PCIE_315_918.
Placed fixed instance u_ov5640_top/u_pll/u_gpll/gpll_inst on GPLL_7_463.
Placed fixed instance BKCL_auto_0 on BKCL_1_952.
Placed fixed instance BKCL_auto_1 on BKCL_1_646.
Placed fixed instance BKCL_auto_2 on BKCL_1_340.
Placed fixed instance BKCL_auto_3 on BKCL_373_646.
Placed fixed instance BKCL_auto_4 on BKCL_373_340.
Fixed placement takes 1.16 sec.

Phase 2.2 Process placement started.
I: The IO driver of I_ips_ddr_top/u_ddrphy_top/rst_clk_gpll/u_gpll/gpll_inst(CLKIN1) is not constraint at pllpad, its clock path will pass through SRB.
I: The IO driver of the_instance_name/u_gpll/gpll_inst(CLKIN1) is not constraint at pllpad, its clock path will pass through SRB.
I: The IO driver of u_fspi_slave_top/clk_gen_inst/u_gpll/gpll_inst(CLKIN1) is not constraint at pllpad, its clock path will pass through SRB.
I: The IO driver of u_ov5640_top/u_pll/u_gpll/gpll_inst(CLKIN1) is not constraint at pllpad, its clock path will pass through SRB.
Process placement takes 0.02 sec.

Phase 2.3 IO placement started.
IO placement takes 0.44 sec.

Phase 2.4 2nd GP placement started.
Run super clustering :
	Initial slack -6271.
	6 iterations finished.
	Final slack -3098.
Super clustering done.
Design Utilization : 18%.
Worst slack after global placement is -5113
2nd GP placement takes 18.16 sec.

Wirelength after global placement is 199196 and checksum is BF099009398A57A0.
Global placement takes 19.77 sec.

Phase 3 Post global placement started.
Packing LUT6D started.
I: LUT6D pack result: There are 3860 LUT6 in collection, pack success:110
Packing LUT6D takes 4.30 sec.
Phase 3.1 Macro cell placement started.
I: Process macros using "Greedy".
Wirelength after macro cell placement is 234948 and checksum is DB0A4393B778512C.
Macro cell placement takes 0.28 sec.

Phase 3.2 3rd GP placement started.
Run super clustering :
	Initial slack -6271.
	6 iterations finished.
	Final slack -3098.
Super clustering done.
Design Utilization : 18%.
Worst slack after post global placement is -5056
3rd GP placement takes 10.59 sec.

Wirelength after post global placement is 182752 and checksum is F6EBCE20DF95AF62.
Packing LUT6D started.
I: LUT6D pack result: There are 3662 LUT6 in collection, pack success:6
Packing LUT6D takes 4.39 sec.
Post global placement takes 19.67 sec.

Phase 4 Legalization started.
The average distance in LP is 0.780064.
Wirelength after legalization is 213943 and checksum is F8F3A6FA1449523B.
Legalization takes 2.47 sec.

Phase 5 Timing-driven detailed placement started.
Phase 5.1 Replication placement started.
Worst slack before Replication Place is -3593.
Replication placement takes 2.11 sec.

Wirelength after replication placement is 213943 and checksum is F8F3A6FA1449523B.
Phase 5.2 Swapping placement started.
Worst slack before detailed placement is -3593, TNS before detailed placement is -231881. 
Cost at Swap iteration 0 : -3593, wslk -3593, tns -230599, takes 0.19 sec.
Cost at DP iteration 0 : -3593, wslk -3408, tns -227334, takes 0.12 sec.
Cost at Swap iteration 1 : -3408, wslk -3408, tns -227076, takes 0.14 sec.
Cost at Swap iteration 2 : -3408, wslk -3408, tns -227048, takes 0.53 sec.
Cost at DP iteration 2 : -3408, wslk -3408, tns -226778, takes 0.38 sec.
Cost at Swap iteration 3 : -3408, wslk -3408, tns -226529, takes 0.20 sec.
Worst slack after detailed placement is -3408, TNS after detailed placement is -226529. 
Swapping placement takes 3.06 sec.

Wirelength after detailed placement is 214977 and checksum is A4E2D37D86BCB08B.
Timing-driven detailed placement takes 5.23 sec.

Worst slack is -4036, TNS after placement is -284509.
Placement done.
Total placement takes 98.05 sec.
Finished placement.

Routing started.
Building routing graph takes 9.38 sec.
Worst slack is -4036, TNS before global route is -284509.
Processing design graph takes 5.83 sec.
Total memory for routing:
	232.698554 M.
Total nets for routing : 26240.
Global Routing step 1 processed 0 nets, it takes 13.56 sec.
Rcf routing step 1 processed 0 nets, it takes 0.00 sec.
Rcf routing step 2 processed 0 nets, it takes 0.00 sec.
Rcf routing step 3 processed 0 nets, it takes 0.00 sec.
Unrouted nets 2 at the end of iteration 0.
Unrouted nets 2 at the end of iteration 1.
Unrouted nets 2 at the end of iteration 2.
Unrouted nets 2 at the end of iteration 3.
Unrouted nets 2 at the end of iteration 4.
Unrouted nets 2 at the end of iteration 5.
Unrouted nets 2 at the end of iteration 6.
Unrouted nets 2 at the end of iteration 7.
Unrouted nets 2 at the end of iteration 8.
Unrouted nets 2 at the end of iteration 9.
Unrouted nets 2 at the end of iteration 10.
Unrouted nets 2 at the end of iteration 11.
Unrouted nets 2 at the end of iteration 12.
Unrouted nets 2 at the end of iteration 13.
Unrouted nets 2 at the end of iteration 14.
Unrouted nets 2 at the end of iteration 15.
Unrouted nets 2 at the end of iteration 16.
Unrouted nets 2 at the end of iteration 17.
Unrouted nets 2 at the end of iteration 18.
Unrouted nets 2 at the end of iteration 19.
Unrouted nets 2 at the end of iteration 20.
Unrouted nets 2 at the end of iteration 21.
Unrouted nets 2 at the end of iteration 22.
Unrouted nets 2 at the end of iteration 23.
Unrouted nets 2 at the end of iteration 24.
Unrouted nets 2 at the end of iteration 25.
Unrouted nets 2 at the end of iteration 26.
Unrouted nets 2 at the end of iteration 27.
Unrouted nets 2 at the end of iteration 28.
Unrouted nets 2 at the end of iteration 29.
Unrouted nets 2 at the end of iteration 30.
Unrouted nets 2 at the end of iteration 31.
Unrouted nets 2 at the end of iteration 32.
Unrouted nets 2 at the end of iteration 33.
Unrouted nets 2 at the end of iteration 34.
Unrouted nets 2 at the end of iteration 35.
Unrouted nets 2 at the end of iteration 36.
Unrouted nets 2 at the end of iteration 37.
Unrouted nets 2 at the end of iteration 38.
Unrouted nets 2 at the end of iteration 39.
Unrouted nets 2 at the end of iteration 40.
Unrouted nets 2 at the end of iteration 41.
Unrouted nets 2 at the end of iteration 42.
Unrouted nets 2 at the end of iteration 43.
Unrouted nets 2 at the end of iteration 44.
Unrouted nets 2 at the end of iteration 45.
Unrouted nets 2 at the end of iteration 46.
Unrouted nets 2 at the end of iteration 47.
Unrouted nets 2 at the end of iteration 48.
Unrouted nets 2 at the end of iteration 49.
Global Routing step 1 processed 66 nets, it takes 0.12 sec.
Unrouted nets 163 at the end of iteration 0.
Unrouted nets 85 at the end of iteration 1.
Unrouted nets 45 at the end of iteration 2.
Unrouted nets 28 at the end of iteration 3.
Unrouted nets 18 at the end of iteration 4.
Unrouted nets 15 at the end of iteration 5.
Unrouted nets 11 at the end of iteration 6.
Unrouted nets 5 at the end of iteration 7.
Unrouted nets 4 at the end of iteration 8.
Unrouted nets 3 at the end of iteration 9.
Unrouted nets 0 at the end of iteration 10.
Global Routing step 2 processed 495 nets, it takes 1.78 sec.
Unrouted nets 16 at the end of iteration 0.
Unrouted nets 2 at the end of iteration 1.
Unrouted nets 1 at the end of iteration 2.
Unrouted nets 1 at the end of iteration 3.
Unrouted nets 1 at the end of iteration 4.
Unrouted nets 1 at the end of iteration 5.
Unrouted nets 0 at the end of iteration 6.
Global Routing step 3 processed 25 nets, it takes 0.42 sec.
Unrouted nets 785 at the end of iteration 0.
Unrouted nets 411 at the end of iteration 1.
Unrouted nets 234 at the end of iteration 2.
Unrouted nets 109 at the end of iteration 3.
Unrouted nets 60 at the end of iteration 4.
Unrouted nets 27 at the end of iteration 5.
Unrouted nets 13 at the end of iteration 6.
Unrouted nets 7 at the end of iteration 7.
Unrouted nets 0 at the end of iteration 8.
Global Routing step 4 processed 1303 nets, it takes 7.25 sec.
Global routing takes 9.78 sec.
Total 30330 subnets.
    forward max bucket size 22233 , backward 399.
        Unrouted nets 19657 at the end of iteration 0.
    route iteration 0, CPU time elapsed 13.609375 sec.
    forward max bucket size 25757 , backward 359.
        Unrouted nets 15801 at the end of iteration 1.
    route iteration 1, CPU time elapsed 10.781250 sec.
    forward max bucket size 22019 , backward 409.
        Unrouted nets 12925 at the end of iteration 2.
    route iteration 2, CPU time elapsed 9.734375 sec.
    forward max bucket size 21380 , backward 266.
        Unrouted nets 10572 at the end of iteration 3.
    route iteration 3, CPU time elapsed 8.703125 sec.
    forward max bucket size 14417 , backward 313.
        Unrouted nets 8845 at the end of iteration 4.
    route iteration 4, CPU time elapsed 6.875000 sec.
    forward max bucket size 14406 , backward 400.
        Unrouted nets 7374 at the end of iteration 5.
    route iteration 5, CPU time elapsed 5.671875 sec.
    forward max bucket size 448 , backward 397.
        Unrouted nets 6750 at the end of iteration 6.
    route iteration 6, CPU time elapsed 4.390625 sec.
    forward max bucket size 806 , backward 322.
        Unrouted nets 5601 at the end of iteration 7.
    route iteration 7, CPU time elapsed 3.296875 sec.
    forward max bucket size 1031 , backward 436.
        Unrouted nets 4384 at the end of iteration 8.
    route iteration 8, CPU time elapsed 2.984375 sec.
    forward max bucket size 1031 , backward 335.
        Unrouted nets 3487 at the end of iteration 9.
    route iteration 9, CPU time elapsed 2.265625 sec.
    forward max bucket size 975 , backward 291.
        Unrouted nets 2801 at the end of iteration 10.
    route iteration 10, CPU time elapsed 1.796875 sec.
    forward max bucket size 514 , backward 366.
        Unrouted nets 2308 at the end of iteration 11.
    route iteration 11, CPU time elapsed 1.453125 sec.
    forward max bucket size 613 , backward 405.
        Unrouted nets 1834 at the end of iteration 12.
    route iteration 12, CPU time elapsed 1.312500 sec.
    forward max bucket size 838 , backward 361.
        Unrouted nets 1513 at the end of iteration 13.
    route iteration 13, CPU time elapsed 1.109375 sec.
    forward max bucket size 973 , backward 309.
        Unrouted nets 1258 at the end of iteration 14.
    route iteration 14, CPU time elapsed 0.921875 sec.
    forward max bucket size 1126 , backward 352.
        Unrouted nets 990 at the end of iteration 15.
    route iteration 15, CPU time elapsed 0.875000 sec.
    forward max bucket size 785 , backward 351.
        Unrouted nets 790 at the end of iteration 16.
    route iteration 16, CPU time elapsed 0.812500 sec.
    forward max bucket size 940 , backward 235.
        Unrouted nets 690 at the end of iteration 17.
    route iteration 17, CPU time elapsed 0.671875 sec.
    forward max bucket size 731 , backward 262.
        Unrouted nets 614 at the end of iteration 18.
    route iteration 18, CPU time elapsed 0.609375 sec.
    forward max bucket size 576 , backward 477.
        Unrouted nets 559 at the end of iteration 19.
    route iteration 19, CPU time elapsed 0.531250 sec.
    forward max bucket size 1116 , backward 382.
        Unrouted nets 488 at the end of iteration 20.
    route iteration 20, CPU time elapsed 0.593750 sec.
    forward max bucket size 988 , backward 328.
        Unrouted nets 410 at the end of iteration 21.
    route iteration 21, CPU time elapsed 0.562500 sec.
    forward max bucket size 411 , backward 209.
        Unrouted nets 355 at the end of iteration 22.
    route iteration 22, CPU time elapsed 0.437500 sec.
    forward max bucket size 1025 , backward 352.
        Unrouted nets 301 at the end of iteration 23.
    route iteration 23, CPU time elapsed 0.375000 sec.
    forward max bucket size 1007 , backward 278.
        Unrouted nets 280 at the end of iteration 24.
    route iteration 24, CPU time elapsed 0.421875 sec.
    forward max bucket size 681 , backward 317.
        Unrouted nets 209 at the end of iteration 25.
    route iteration 25, CPU time elapsed 0.390625 sec.
    forward max bucket size 674 , backward 207.
        Unrouted nets 174 at the end of iteration 26.
    route iteration 26, CPU time elapsed 0.250000 sec.
    forward max bucket size 674 , backward 207.
        Unrouted nets 166 at the end of iteration 27.
    route iteration 27, CPU time elapsed 0.328125 sec.
    forward max bucket size 675 , backward 344.
        Unrouted nets 159 at the end of iteration 28.
    route iteration 28, CPU time elapsed 0.296875 sec.
    forward max bucket size 468 , backward 429.
        Unrouted nets 137 at the end of iteration 29.
    route iteration 29, CPU time elapsed 0.265625 sec.
    forward max bucket size 314 , backward 309.
        Unrouted nets 115 at the end of iteration 30.
    route iteration 30, CPU time elapsed 0.281250 sec.
    forward max bucket size 891 , backward 519.
        Unrouted nets 106 at the end of iteration 31.
    route iteration 31, CPU time elapsed 0.296875 sec.
    forward max bucket size 573 , backward 226.
        Unrouted nets 88 at the end of iteration 32.
    route iteration 32, CPU time elapsed 0.250000 sec.
    forward max bucket size 399 , backward 341.
        Unrouted nets 85 at the end of iteration 33.
    route iteration 33, CPU time elapsed 0.234375 sec.
    forward max bucket size 358 , backward 259.
        Unrouted nets 69 at the end of iteration 34.
    route iteration 34, CPU time elapsed 0.250000 sec.
    forward max bucket size 266 , backward 447.
        Unrouted nets 58 at the end of iteration 35.
    route iteration 35, CPU time elapsed 0.203125 sec.
    forward max bucket size 199 , backward 117.
        Unrouted nets 39 at the end of iteration 36.
    route iteration 36, CPU time elapsed 0.218750 sec.
    forward max bucket size 538 , backward 55.
        Unrouted nets 48 at the end of iteration 37.
    route iteration 37, CPU time elapsed 0.187500 sec.
    forward max bucket size 892 , backward 114.
        Unrouted nets 37 at the end of iteration 38.
    route iteration 38, CPU time elapsed 0.250000 sec.
    forward max bucket size 281 , backward 79.
        Unrouted nets 35 at the end of iteration 39.
    route iteration 39, CPU time elapsed 0.234375 sec.
    forward max bucket size 414 , backward 57.
        Unrouted nets 46 at the end of iteration 40.
    route iteration 40, CPU time elapsed 0.187500 sec.
    forward max bucket size 96 , backward 56.
        Unrouted nets 35 at the end of iteration 41.
    route iteration 41, CPU time elapsed 0.250000 sec.
    forward max bucket size 201 , backward 399.
        Unrouted nets 26 at the end of iteration 42.
    route iteration 42, CPU time elapsed 0.218750 sec.
    forward max bucket size 481 , backward 239.
        Unrouted nets 21 at the end of iteration 43.
    route iteration 43, CPU time elapsed 0.171875 sec.
    forward max bucket size 404 , backward 139.
        Unrouted nets 15 at the end of iteration 44.
    route iteration 44, CPU time elapsed 0.187500 sec.
    forward max bucket size 82 , backward 66.
        Unrouted nets 15 at the end of iteration 45.
    route iteration 45, CPU time elapsed 0.187500 sec.
    forward max bucket size 298 , backward 83.
        Unrouted nets 21 at the end of iteration 46.
    route iteration 46, CPU time elapsed 0.171875 sec.
    forward max bucket size 511 , backward 38.
        Unrouted nets 25 at the end of iteration 47.
    route iteration 47, CPU time elapsed 0.187500 sec.
    forward max bucket size 180 , backward 109.
        Unrouted nets 19 at the end of iteration 48.
    route iteration 48, CPU time elapsed 0.234375 sec.
    forward max bucket size 98 , backward 123.
        Unrouted nets 14 at the end of iteration 49.
    route iteration 49, CPU time elapsed 0.203125 sec.
    forward max bucket size 182 , backward 167.
        Unrouted nets 17 at the end of iteration 50.
    route iteration 50, CPU time elapsed 0.218750 sec.
    forward max bucket size 116 , backward 122.
        Unrouted nets 13 at the end of iteration 51.
    route iteration 51, CPU time elapsed 0.218750 sec.
    forward max bucket size 98 , backward 116.
        Unrouted nets 10 at the end of iteration 52.
    route iteration 52, CPU time elapsed 0.218750 sec.
    forward max bucket size 86 , backward 124.
        Unrouted nets 10 at the end of iteration 53.
    route iteration 53, CPU time elapsed 0.234375 sec.
    forward max bucket size 36 , backward 19.
        Unrouted nets 9 at the end of iteration 54.
    route iteration 54, CPU time elapsed 0.187500 sec.
    forward max bucket size 39 , backward 32.
        Unrouted nets 6 at the end of iteration 55.
    route iteration 55, CPU time elapsed 0.281250 sec.
    forward max bucket size 70 , backward 41.
        Unrouted nets 4 at the end of iteration 56.
    route iteration 56, CPU time elapsed 0.203125 sec.
    forward max bucket size 70 , backward 29.
        Unrouted nets 2 at the end of iteration 57.
    route iteration 57, CPU time elapsed 0.203125 sec.
    forward max bucket size 6 , backward 8.
        Unrouted nets 2 at the end of iteration 58.
    route iteration 58, CPU time elapsed 0.203125 sec.
    forward max bucket size 2 , backward 4.
        Unrouted nets 0 at the end of iteration 59.
    route iteration 59, CPU time elapsed 0.187500 sec.
Detailed routing takes 59 iterations
I: Design net u_CORES/drck_o is routed by general path.
C: Route-2036: The clock path from u_CORES/u_GTP_SCANCHAIN_PG/scanchain:TCK1 to clkbufg_8/gopclkbufg:CLK is routed by SRB.
I: Design net nt_cmos5_pclk is routed by general path.
C: Route-2036: The clock path from cmos5_pclk_ibuf/opit_1:DI_TO_CLK to clkbufg_6/gopclkbufg:CLK is routed by SRB.
I: Design net nt_cmos6_pclk is routed by general path.
C: Route-2036: The clock path from cmos6_pclk_ibuf/opit_1:DI_TO_CLK to clkbufg_7/gopclkbufg:CLK is routed by SRB.
I: Design net u_CORES/capt_o is routed by general path.
C: Route-2036: The clock path from u_CORES/u_GTP_SCANCHAIN_PG/scanchain:CAPTUREDR to u_CORES/u_debug_core_0/u_hub_data_decode/id_sample.conf_id[4]/opit_0_inv:CLK is routed by SRB.
I: Design net u_ov5640_top/cmos2_reg_config/clock_20k is routed by general path.
C: Route-2036: The clock path from u_ov5640_top/cmos2_reg_config/clock_20k_cnt[0]/opit_0_inv_L6QL5Q1:L5Q to u_ov5640_top/cmos6_reg_config/u1/tr_end/opit_0_inv_L6Q:CLK is routed by SRB.
I: Design net ntclkbufg_3 is routed by general path.
C: Route-2036: The clock path from clkbufg_6/gopclkbufg:CLKOUT to u_axi4_ctrl/u_fifo_ch1/U_ipm2l_fifo_W_FIFO_16i_128o/U_ipm2l_fifo_ctrl/ASYN_CTRL.wrptr1[1]/opit_0_srl:CLK is routed by SRB.
I: Design net ntclkbufg_4 is routed by general path.
C: Route-2036: The clock path from clkbufg_7/gopclkbufg:CLKOUT to u_axi4_ctrl/pix_h[2][0]/opit_0_L5Q:CLK is routed by SRB.
I: Design net ntclkbufg_5 is routed by general path.
C: Route-2036: The clock path from clkbufg_8/gopclkbufg:CLKOUT to u_CORES/u_debug_core_0/u_hub_data_decode/newstop.start/opit_0_inv_L6Q:CLK is routed by SRB.
I: Design net nt_free_clk is routed by general path.
C: Route-2036: The clock path from free_clk_ibuf/opit_1:DI_TO_CLK to mem4_out_d1/opit_0_inv:CLK is routed by SRB.
Detailed routing takes 95.28 sec.
Start fix hold violation.
Build tmp routing results takes 0.61 sec.
Timing analysis takes 0.59 sec.
Hold violation fix iter 0 takes 16.59 sec, total_step_forward 540854.
Incremental timing analysis takes 0.48 sec.
Hold violation fix iter 1 takes 1.55 sec, total_step_forward 110909.
Incremental timing analysis takes 0.55 sec.
Hold violation fix iter 2 takes 4.36 sec, total_step_forward 294162.
Incremental timing analysis takes 0.44 sec.
Hold violation fix iter 3 takes 6.39 sec, total_step_forward 426838.
Incremental timing analysis takes 0.55 sec.
Hold violation fix iter 4 takes 6.72 sec, total_step_forward 432029.
Incremental timing analysis takes 0.55 sec.
Hold violation fix iter 5 takes 6.77 sec, total_step_forward 436821.
Hold Violation Fix in router takes 6 iterations.
Fix hold violation Finished.
Hold Violation Fix in router takes 54.02 sec.

Dispose routing result:
    Collect routing result.
    Delete unused device instances.
    Annotate routing result.
    Change LUT configuration.
    Dispose misc instances.
    Annotate routing result again.
Finish routing takes 3.12 sec.
Used SRB routing arc is 259557.
Cleanup routing takes 0.08 sec.
Routing done.
Total routing takes 194.97 sec.
W: Timing-4105: The worst slack of endpoint u_axi4_ctrl/u_fifo_ch1/U_ipm2l_fifo_W_FIFO_16i_128o/U_ipm2l_fifo_ctrl/ASYN_CTRL.rwptr1[3]/opit_0_srl/D of clock ddrphy_sysclk is 68ps(fast corner), but required hold violation threshold is 200ps.
C: STA-3017: There are 2 clock cross SRB paths do not meet the required hold violation threshold(200ps).


Device Utilization Summary :
+------------------------------------------------------------------------------+
| Logic Utilization           | Used     | Available     | Utilization(%)     
+------------------------------------------------------------------------------+
| Use of ADC                  | 0        | 1             | 0                  
| Use of ANALOG               | 0        | 1             | 0                  
| Use of APM                  | 74       | 240           | 31                 
| Use of BKCL                 | 5        | 6             | 84                 
| Use of CCS                  | 1        | 1             | 100                
| Use of CLMA                 | 2796     | 11675         | 24                 
|   FF                        | 8591     | 93400         | 10                 
|   LUT                       | 7497     | 46700         | 17                 
|   LUT-FF pairs              | 4034     | 46700         | 9                  
| Use of CLMS                 | 1370     | 4975          | 28                 
|   FF                        | 2807     | 39800         | 8                  
|   LUT                       | 4290     | 19900         | 22                 
|   LUT-FF pairs              | 1339     | 19900         | 7                  
|   Distributed RAM           | 1918     | 19900         | 10                 
| Use of DDRPHY_CPD           | 1        | 12            | 9                  
| Use of DDRPHY_IOCLK_DIV     | 2        | 6             | 34                 
| Use of DDR_PHY              | 5        | 24            | 21                 
| Use of DRM                  | 72       | 155           | 47                 
| Use of GPLL                 | 5        | 6             | 84                 
| Use of GSEB                 | 0        | 218           | 0                  
| Use of HARD0                | 1956     | 10550         | 19                 
| Use of HCKB                 | 40       | 96            | 42                 
|  HCKB dataused              | 0        | 96            | 0                  
| Use of HCKMUX_TEST          | 0        | 8             | 0                  
| Use of HSSTLP               | 0.5      | 1             | 50                 
| Use of IO                   | 109      | 285           | 39                 
|   IOBD                      | 52       | 137           | 38                 
|   IOBS                      | 57       | 148           | 39                 
| Use of IOCKB                | 0        | 24            | 0                  
| Use of IOCKMUX_TEST         | 0        | 6             | 0                  
| Use of IOLHR                | 109      | 300           | 37                 
| Use of KEYRAM               | 0        | 1             | 0                  
| Use of MFG_TEST             | 0        | 1             | 0                  
| Use of MRCKB                | 1        | 12            | 9                  
| Use of MRCKMUX_TEST         | 0        | 6             | 0                  
| Use of MRPOSTMUX_TEST       | 0        | 6             | 0                  
| Use of PCIE                 | 1        | 1             | 100                
| Use of PCKMUX_TEST          | 0        | 12            | 0                  
| Use of PLLMRMUX_TEST        | 0        | 6             | 0                  
| Use of PLLREFMUX_TEST       | 0        | 6             | 0                  
| Use of PPLL                 | 2        | 6             | 34                 
| Use of PREGMUXC_TEST        | 0        | 4             | 0                  
| Use of PREGMUXLR_TEST       | 0        | 6             | 0                  
| Use of RCKB                 | 3        | 24            | 13                 
|  RCKB dataused              | 1        | 24            | 5                  
| Use of RCKMUX_TEST          | 0        | 6             | 0                  
| Use of SCANCHAIN            | 1        | 1             | 100                
| Use of SCKMUX_TEST          | 0        | 12            | 0                  
| Use of SFB                  | 0        | 2225          | 0                  
| Use of SPAD                 | 2        | 4             | 50                 
| Use of TSERDES              | 10       | 48            | 21                 
| Use of USCM                 | 16       | 32            | 50                 
|  USCM dataused              | 0        | 32            | 0                  
| Use of USCMMUX_TEST         | 0        | 32            | 0                  
+------------------------------------------------------------------------------+

Finished routing.
Design 'image_pcie_capture' has been placed and routed successfully.
Saving design to DB.
Finished placement and routing.
Action pnr: Real time elapsed is 0h:9m:46s
Action pnr: CPU time elapsed is 0h:7m:20s
Action pnr: Process CPU time elapsed is 0h:9m:36s
Current time: Fri Nov 21 22:36:11 2025
Action pnr: Peak memory pool usage is 2,580 MB
