#Build: Fabric Compiler 2022.2-SP6.4, Build 146967, Jan 31 01:39 2024
#Install: E:\pango\PDS_2022.2-SP6.4\bin
#Application name: pds_shell.exe
#OS: Windows 10 10.0.26100
#Hostname: 钢板
Generated by Fabric Compiler (version 2022.2-SP6.4 build 146967) at Fri Nov 21 22:49:51 2025
Compiling verification operator library.
Compiling common defs.
Compiling prim grid devices.
Compiling gate devices.
Compiling gate operators.
Building architecture model.
Loading device packaging model.
Reading design from DB.
Start Generating Programming File...
Reading design from DB takes 4.062500 sec.
Generating architecture configuration.
The bitstream file is "G:/fpga_competition/image_recognition/fpga/fpga_pcie_ov5640/project/generate_bitstream/image_pcie_capture.sbit"
Generate programming file takes 21.031250 sec.
Generating Programming File done.
Action gen_bit_stream: Real time elapsed is 0h:0m:35s
Action gen_bit_stream: CPU time elapsed is 0h:0m:30s
Action gen_bit_stream: Process CPU time elapsed is 0h:0m:30s
Current time: Fri Nov 21 22:50:24 2025
Action gen_bit_stream: Peak memory pool usage is 1,453 MB
