IP Generator (Version 2022.2-SP6.4 build 146967)
Check out license ...
Start generating at 2025-10-25 21:59
Instance: ram_ctrl (G:\fpga_competition\image_recognition\fpga\fpga_pcie_ov5640\project\ipcore\ram_ctrl\ram_ctrl.idf)
IP: Pango DRM Based Dual Port RAM (1.9)
Part: Logos2-PG2L100H-FBG484--6
Create directory 'rtl' ...
Copy 'rtl\ipm2l_dpram_v1_9.v.xml' to 'rtl' ...
Compile file 'rtl\ipm2l_dpram_v1_9.v.xml' to 'rtl\ipm2l_dpram_v1_9_ram_ctrl.v' ...
Copy 'ipm2l_dpram_wrapper_v1_9.v.xml' ...
Compile file 'ipm2l_dpram_wrapper_v1_9.v.xml' to 'ram_ctrl.v' ...
Found top module 'ram_ctrl' in file 'ram_ctrl.v'.
Copy 'ipm2l_dpram_wrapper_v1_0_tb.v.xml' ...
Compile file 'ipm2l_dpram_wrapper_v1_0_tb.v.xml' to 'ram_ctrl_tb.v' ...
Copy 'init_param_bin_exmp.dat' ...
Copy 'init_param_hex_exmp.dat' ...
Run file 'createParam.tcl' ...
Run file 'creatResetValue.tcl' ...
Create template file 'ram_ctrl_tmpl.v' ...
Create template file 'ram_ctrl_tmpl.vhdl' ...
There are 2 source files to synthesize.
Synthesis is disabled.
Done: 0 error(s), 0 warning(s)
