IP Generator (Version 2022.2-SP6.4 build 146967)
Check out license ...
Start generating at 2025-11-21 10:16
Instance: W_FIFO_16i_128o (G:\fpga_competition\resource\1120\1120\image_recognition\fpga\fpga_pcie_ov5640\project\ipcore\W_FIFO_16i_128o\W_FIFO_16i_128o.idf)
IP: Pango DRM Based FIFO (1.10)
Part: Logos2-PG2L100H-FBG484--6
Create directory 'rtl' ...
Copy 'rtl\ipm2l_fifo_ctrl_v1_1.v.xml' to 'rtl' ...
Copy 'rtl\ipm2l_fifo_v1_10.v.xml' to 'rtl' ...
Copy 'rtl\ipm2l_sdpram_v1_10.v.xml' to 'rtl' ...
Compile file 'rtl\ipm2l_sdpram_v1_10.v.xml' to 'rtl\ipm2l_sdpram_v1_10_W_FIFO_16i_128o.v' ...
Compile file 'rtl\ipm2l_fifo_v1_10.v.xml' to 'rtl\ipm2l_fifo_v1_10_W_FIFO_16i_128o.v' ...
Compile file 'rtl\ipm2l_fifo_ctrl_v1_1.v.xml' to 'rtl\ipm2l_fifo_ctrl_v1_1_W_FIFO_16i_128o.v' ...
Copy 'ipm2l_fifo_wrapper_v1_10.v.xml' ...
Compile file 'ipm2l_fifo_wrapper_v1_10.v.xml' to 'W_FIFO_16i_128o.v' ...
Found top module 'W_FIFO_16i_128o' in file 'W_FIFO_16i_128o.v'.
Copy 'ipm2l_fifo_wrapper_v1_0_tb.v.xml' ...
Compile file 'ipm2l_fifo_wrapper_v1_0_tb.v.xml' to 'W_FIFO_16i_128o_tb.v' ...
Run file 'creatResetValue.tcl' ...
Create template file 'W_FIFO_16i_128o_tmpl.v' ...
Create template file 'W_FIFO_16i_128o_tmpl.vhdl' ...
There are 4 source files to synthesize.
Synthesis is disabled.
Done: 0 error(s), 0 warning(s)
