IP Generator (Version 2022.2-SP6.4 build 146967)
Check out license ...
Start generating at 2025-10-13 17:48
Instance: ram_10x1_dual (C:\Users\zerotwo030\Desktop\image_recognition_107\image_recognition\fpga\fpga_pcie_ov5640\project\ipcore\ram_10x1_dual\ram_10x1_dual.idf)
IP: Pango Distributed Simple Dual Port RAM (1.3)
Part: Logos2-PG2L100H-FBG484--6
Create directory 'rtl' ...
Copy 'rtl\ipm_distributed_sdpram_v1_3.v.xml' to 'rtl' ...
Compile file 'rtl\ipm_distributed_sdpram_v1_3.v.xml' to 'rtl\ipm_distributed_sdpram_v1_3_ram_10x1_dual.v' ...
Copy 'ipm_distributed_sdpram_wrapper_v1_3.v.xml' ...
Copy 'ipm_distributed_sdpram_wrapper_v1_2_tb.v.xml' ...
Copy 'init_param_bin_exmp.dat' ...
Copy 'init_param_hex_exmp.dat' ...
Compile file 'ipm_distributed_sdpram_wrapper_v1_3.v.xml' to 'ram_10x1_dual.v' ...
Found top module 'ram_10x1_dual' in file 'ram_10x1_dual.v'.
Compile file 'ipm_distributed_sdpram_wrapper_v1_2_tb.v.xml' to 'ram_10x1_dual_tb.v' ...
Create template file 'ram_10x1_dual_tmpl.v' ...
Create template file 'ram_10x1_dual_tmpl.vhdl' ...
There are 2 source files to synthesize.
Synthesis is disabled.
Done: 0 error(s), 0 warning(s)
